Component: ARM Compiler 5.06 update 1 (build 61) Tool: armlink [4d35a8]

==============================================================================

Section Cross References

    los_priqueue.o(i.LOS_PriqueueEnqueue) refers to los_priqueue.o(.data) for g_pstLosPriorityQueueList
    los_priqueue.o(i.LOS_PriqueueSize) refers to los_priqueue.o(.data) for g_pstLosPriorityQueueList
    los_priqueue.o(i.LOS_PriqueueTop) refers to los_priqueue.o(.data) for g_pstLosPriorityQueueList
    los_priqueue.o(i.LOS_PriqueueTotalSize) refers to los_priqueue.o(i.LOS_PriqueueSize) for LOS_PriqueueSize
    los_priqueue.o(i.osPriqueueInit) refers to los_memory.o(i.LOS_MemAlloc) for LOS_MemAlloc
    los_priqueue.o(i.osPriqueueInit) refers to los_config.o(.data) for m_aucSysMem0
    los_priqueue.o(i.osPriqueueInit) refers to los_priqueue.o(.data) for g_pstLosPriorityQueueList
    los_swtmr.o(i.LOS_SwtmrCreate) refers to los_dispatch_keil.o(.text) for LOS_IntLock
    los_swtmr.o(i.LOS_SwtmrCreate) refers to los_swtmr.o(.data) for m_pstSwtmrFreeList
    los_swtmr.o(i.LOS_SwtmrDelete) refers to los_dispatch_keil.o(.text) for LOS_IntLock
    los_swtmr.o(i.LOS_SwtmrDelete) refers to los_swtmr.o(i.osSwtmrStop) for osSwtmrStop
    los_swtmr.o(i.LOS_SwtmrDelete) refers to los_swtmr.o(i.osSwtmrDelete) for osSwtmrDelete
    los_swtmr.o(i.LOS_SwtmrDelete) refers to los_swtmr.o(.data) for m_pstSwtmrCBArray
    los_swtmr.o(i.LOS_SwtmrStart) refers to los_dispatch_keil.o(.text) for LOS_IntLock
    los_swtmr.o(i.LOS_SwtmrStart) refers to los_swtmr.o(i.osSwtmrStop) for osSwtmrStop
    los_swtmr.o(i.LOS_SwtmrStart) refers to los_swtmr.o(i.osSwTmrStart) for osSwTmrStart
    los_swtmr.o(i.LOS_SwtmrStart) refers to los_swtmr.o(.data) for m_pstSwtmrCBArray
    los_swtmr.o(i.LOS_SwtmrStop) refers to los_dispatch_keil.o(.text) for LOS_IntLock
    los_swtmr.o(i.LOS_SwtmrStop) refers to los_swtmr.o(i.osSwtmrStop) for osSwtmrStop
    los_swtmr.o(i.LOS_SwtmrStop) refers to los_swtmr.o(.data) for m_pstSwtmrCBArray
    los_swtmr.o(i.osSwTmrAdjust) refers to los_swtmr.o(i.osSwTmrTimeoutHandle) for osSwTmrTimeoutHandle
    los_swtmr.o(i.osSwTmrAdjust) refers to los_swtmr.o(.data) for m_pstSwtmrSortList
    los_swtmr.o(i.osSwTmrGetNextTimeout) refers to los_swtmr.o(.data) for m_pstSwtmrSortList
    los_swtmr.o(i.osSwTmrInit) refers to los_memory.o(i.LOS_MemAlloc) for LOS_MemAlloc
    los_swtmr.o(i.osSwTmrInit) refers to memseta.o(.text) for __aeabi_memclr4
    los_swtmr.o(i.osSwTmrInit) refers to los_membox.o(i.LOS_MemboxInit) for LOS_MemboxInit
    los_swtmr.o(i.osSwTmrInit) refers to los_queue.o(i.LOS_QueueCreate) for LOS_QueueCreate
    los_swtmr.o(i.osSwTmrInit) refers to los_swtmr.o(i.osSwTmrTaskCreate) for osSwTmrTaskCreate
    los_swtmr.o(i.osSwTmrInit) refers to los_swtmr.o(.data) for m_pstSwtmrSortList
    los_swtmr.o(i.osSwTmrInit) refers to los_config.o(.data) for m_aucSysMem0
    los_swtmr.o(i.osSwTmrInit) refers to los_swtmr.o(.bss) for m_aucSwTmrHandlerPool
    los_swtmr.o(i.osSwTmrStart) refers to los_swtmr.o(.data) for m_pstSwtmrSortList
    los_swtmr.o(i.osSwTmrTask) refers to los_queue.o(i.LOS_QueueRead) for LOS_QueueRead
    los_swtmr.o(i.osSwTmrTask) refers to los_membox.o(i.LOS_MemboxFree) for LOS_MemboxFree
    los_swtmr.o(i.osSwTmrTask) refers to los_swtmr.o(.data) for m_uwSwTmrHandlerQueue
    los_swtmr.o(i.osSwTmrTask) refers to los_swtmr.o(.bss) for m_aucSwTmrHandlerPool
    los_swtmr.o(i.osSwTmrTaskCreate) refers to memseta.o(.text) for __aeabi_memclr4
    los_swtmr.o(i.osSwTmrTaskCreate) refers to los_task.o(i.LOS_TaskCreate) for LOS_TaskCreate
    los_swtmr.o(i.osSwTmrTaskCreate) refers to los_swtmr.o(i.osSwTmrTask) for osSwTmrTask
    los_swtmr.o(i.osSwTmrTaskCreate) refers to los_task.o(.data) for g_uwSwtmrTaskID
    los_swtmr.o(i.osSwTmrTimeoutHandle) refers to los_membox.o(i.LOS_MemboxAlloc) for LOS_MemboxAlloc
    los_swtmr.o(i.osSwTmrTimeoutHandle) refers to los_queue.o(i.LOS_QueueWrite) for LOS_QueueWrite
    los_swtmr.o(i.osSwTmrTimeoutHandle) refers to los_membox.o(i.LOS_MemboxFree) for LOS_MemboxFree
    los_swtmr.o(i.osSwTmrTimeoutHandle) refers to los_swtmr.o(i.osSwtmrDelete) for osSwtmrDelete
    los_swtmr.o(i.osSwTmrTimeoutHandle) refers to los_swtmr.o(i.osSwTmrStart) for osSwTmrStart
    los_swtmr.o(i.osSwTmrTimeoutHandle) refers to los_swtmr.o(.data) for m_pstSwtmrSortList
    los_swtmr.o(i.osSwTmrTimeoutHandle) refers to los_swtmr.o(.bss) for m_aucSwTmrHandlerPool
    los_swtmr.o(i.osSwtmrDelete) refers to los_swtmr.o(.data) for m_pstSwtmrFreeList
    los_swtmr.o(i.osSwtmrScan) refers to los_swtmr.o(i.osSwTmrTimeoutHandle) for osSwTmrTimeoutHandle
    los_swtmr.o(i.osSwtmrScan) refers to los_swtmr.o(.data) for m_pstSwtmrSortList
    los_swtmr.o(i.osSwtmrStop) refers to los_swtmr.o(.data) for m_pstSwtmrSortList
    los_sys.o(i.LOS_MS2Tick) refers to uldiv.o(.text) for __aeabi_uldivmod
    los_sys.o(i.LOS_Reboot) refers to los_dispatch_keil.o(.text) for LOS_IntLock
[...]
    EXTI2_IRQHandler                         0x080002e3   Thumb Code     0  startup_stm32f746xx.o(.text)
    EXTI3_IRQHandler                         0x080002e3   Thumb Code     0  startup_stm32f746xx.o(.text)
    EXTI4_IRQHandler                         0x080002e3   Thumb Code     0  startup_stm32f746xx.o(.text)
    EXTI9_5_IRQHandler                       0x080002e3   Thumb Code     0  startup_stm32f746xx.o(.text)
    FLASH_IRQHandler                         0x080002e3   Thumb Code     0  startup_stm32f746xx.o(.text)
    FMC_IRQHandler                           0x080002e3   Thumb Code     0  startup_stm32f746xx.o(.text)
    FPU_IRQHandler                           0x080002e3   Thumb Code     0  startup_stm32f746xx.o(.text)
    I2C1_ER_IRQHandler                       0x080002e3   Thumb Code     0  startup_stm32f746xx.o(.text)
    I2C1_EV_IRQHandler                       0x080002e3   Thumb Code     0  startup_stm32f746xx.o(.text)
    I2C2_ER_IRQHandler                       0x080002e3   Thumb Code     0  startup_stm32f746xx.o(.text)
    I2C2_EV_IRQHandler                       0x080002e3   Thumb Code     0  startup_stm32f746xx.o(.text)
    I2C3_ER_IRQHandler                       0x080002e3   Thumb Code     0  startup_stm32f746xx.o(.text)
    I2C3_EV_IRQHandler                       0x080002e3   Thumb Code     0  startup_stm32f746xx.o(.text)
    I2C4_ER_IRQHandler                       0x080002e3   Thumb Code     0  startup_stm32f746xx.o(.text)
    I2C4_EV_IRQHandler                       0x080002e3   Thumb Code     0  startup_stm32f746xx.o(.text)
    LPTIM1_IRQHandler                        0x080002e3   Thumb Code     0  startup_stm32f746xx.o(.text)
    LTDC_ER_IRQHandler                       0x080002e3   Thumb Code     0  startup_stm32f746xx.o(.text)
    LTDC_IRQHandler                          0x080002e3   Thumb Code     0  startup_stm32f746xx.o(.text)
    OTG_FS_IRQHandler                        0x080002e3   Thumb Code     0  startup_stm32f746xx.o(.text)
    OTG_FS_WKUP_IRQHandler                   0x080002e3   Thumb Code     0  startup_stm32f746xx.o(.text)
    OTG_HS_EP1_IN_IRQHandler                 0x080002e3   Thumb Code     0  startup_stm32f746xx.o(.text)
    OTG_HS_EP1_OUT_IRQHandler                0x080002e3   Thumb Code     0  startup_stm32f746xx.o(.text)
    OTG_HS_IRQHandler                        0x080002e3   Thumb Code     0  startup_stm32f746xx.o(.text)
    OTG_HS_WKUP_IRQHandler                   0x080002e3   Thumb Code     0  startup_stm32f746xx.o(.text)
    PVD_IRQHandler                           0x080002e3   Thumb Code     0  startup_stm32f746xx.o(.text)
    QUADSPI_IRQHandler                       0x080002e3   Thumb Code     0  startup_stm32f746xx.o(.text)
    RCC_IRQHandler                           0x080002e3   Thumb Code     0  startup_stm32f746xx.o(.text)
    RNG_IRQHandler                           0x080002e3   Thumb Code     0  startup_stm32f746xx.o(.text)
    RTC_Alarm_IRQHandler                     0x080002e3   Thumb Code     0  startup_stm32f746xx.o(.text)
    RTC_WKUP_IRQHandler                      0x080002e3   Thumb Code     0  startup_stm32f746xx.o(.text)
    SAI1_IRQHandler                          0x080002e3   Thumb Code     0  startup_stm32f746xx.o(.text)
    SAI2_IRQHandler                          0x080002e3   Thumb Code     0  startup_stm32f746xx.o(.text)
    SDMMC1_IRQHandler                        0x080002e3   Thumb Code     0  startup_stm32f746xx.o(.text)
    SPDIF_RX_IRQHandler                      0x080002e3   Thumb Code     0  startup_stm32f746xx.o(.text)
    SPI1_IRQHandler                          0x080002e3   Thumb Code     0  startup_stm32f746xx.o(.text)
    SPI2_IRQHandler                          0x080002e3   Thumb Code     0  startup_stm32f746xx.o(.text)
    SPI3_IRQHandler                          0x080002e3   Thumb Code     0  startup_stm32f746xx.o(.text)
    SPI4_IRQHandler                          0x080002e3   Thumb Code     0  startup_stm32f746xx.o(.text)
    SPI5_IRQHandler                          0x080002e3   Thumb Code     0  startup_stm32f746xx.o(.text)
    SPI6_IRQHandler                          0x080002e3   Thumb Code     0  startup_stm32f746xx.o(.text)
    TAMP_STAMP_IRQHandler                    0x080002e3   Thumb Code     0  startup_stm32f746xx.o(.text)
    TIM1_BRK_TIM9_IRQHandler                 0x080002e3   Thumb Code     0  startup_stm32f746xx.o(.text)
    TIM1_CC_IRQHandler                       0x080002e3   Thumb Code     0  startup_stm32f746xx.o(.text)
    TIM1_TRG_COM_TIM11_IRQHandler            0x080002e3   Thumb Code     0  startup_stm32f746xx.o(.text)
    TIM1_UP_TIM10_IRQHandler                 0x080002e3   Thumb Code     0  startup_stm32f746xx.o(.text)
    TIM2_IRQHandler                          0x080002e3   Thumb Code     0  startup_stm32f746xx.o(.text)
    TIM3_IRQHandler                          0x080002e3   Thumb Code     0  startup_stm32f746xx.o(.text)
    TIM4_IRQHandler                          0x080002e3   Thumb Code     0  startup_stm32f746xx.o(.text)
    TIM5_IRQHandler                          0x080002e3   Thumb Code     0  startup_stm32f746xx.o(.text)
    TIM7_IRQHandler                          0x080002e3   Thumb Code     0  startup_stm32f746xx.o(.text)
    TIM8_BRK_TIM12_IRQHandler                0x080002e3   Thumb Code     0  startup_stm32f746xx.o(.text)
    TIM8_CC_IRQHandler                       0x080002e3   Thumb Code     0  startup_stm32f746xx.o(.text)
    TIM8_TRG_COM_TIM14_IRQHandler            0x080002e3   Thumb Code     0  startup_stm32f746xx.o(.text)
    TIM8_UP_TIM13_IRQHandler                 0x080002e3   Thumb Code     0  startup_stm32f746xx.o(.text)
    UART4_IRQHandler                         0x080002e3   Thumb Code     0  startup_stm32f746xx.o(.text)
    UART5_IRQHandler                         0x080002e3   Thumb Code     0  startup_stm32f746xx.o(.text)
    UART7_IRQHandler                         0x080002e3   Thumb Code     0  startup_stm32f746xx.o(.text)
    UART8_IRQHandler                         0x080002e3   Thumb Code     0  startup_stm32f746xx.o(.text)
    USART1_IRQHandler                        0x080002e3   Thumb Code     0  startup_stm32f746xx.o(.text)
    USART2_IRQHandler                        0x080002e3   Thumb Code     0  startup_stm32f746xx.o(.text)
    USART3_IRQHandler                        0x080002e3   Thumb Code     0  startup_stm32f746xx.o(.text)
    USART6_IRQHandler                        0x080002e3   Thumb Code     0  startup_stm32f746xx.o(.text)
    WWDG_IRQHandler                          0x080002e3   Thumb Code     0  startup_stm32f746xx.o(.text)
    __aeabi_uldivmod                         0x080002ed   Thumb Code    98  uldiv.o(.text)
    rand                                     0x08000351   Thumb Code    20  rand.o(.text)
    srand                                    0x08000365   Thumb Code     6  rand.o(.text)
    __aeabi_memcpy                           0x08000375   Thumb Code    36  memcpya.o(.text)
    __aeabi_memcpy4                          0x08000375   Thumb Code     0  memcpya.o(.text)
    __aeabi_memcpy8                          0x08000375   Thumb Code     0  memcpya.o(.text)
    __aeabi_memset                           0x08000399   Thumb Code    14  memseta.o(.text)
    __aeabi_memset4                          0x08000399   Thumb Code     0  memseta.o(.text)
    __aeabi_memset8                          0x08000399   Thumb Code     0  memseta.o(.text)
    __aeabi_memclr                           0x080003a7   Thumb Code     4  memseta.o(.text)
    __aeabi_memclr4                          0x080003a7   Thumb Code     0  memseta.o(.text)
    __aeabi_memclr8                          0x080003a7   Thumb Code     0  memseta.o(.text)
    _memset$wrapper                          0x080003ab   Thumb Code    18  memseta.o(.text)
    strlen                                   0x080003bd   Thumb Code    14  strlen.o(.text)
    memcmp                                   0x080003cb   Thumb Code    26  memcmp.o(.text)
    __0sscanf                                0x080003e5   Thumb Code    48  __0sscanf.o(.text)
    _scanf_int                               0x0800041d   Thumb Code   332  _scanf_int.o(.text)
    _scanf_string                            0x08000569   Thumb Code   224  _scanf_str.o(.text)
    __aeabi_llsl                             0x08000649   Thumb Code    30  llshl.o(.text)
    _ll_shift_l                              0x08000649   Thumb Code     0  llshl.o(.text)
    __aeabi_llsr                             0x08000667   Thumb Code    32  llushr.o(.text)
    _ll_ushift_r                             0x08000667   Thumb Code     0  llushr.o(.text)
    _chval                                   0x08000687   Thumb Code    28  _chval.o(.text)
    __vfscanf_char                           0x080006b1   Thumb Code    20  scanf_char.o(.text)
    _sgetc                                   0x080006cd   Thumb Code    30  _sgetc.o(.text)
    _sbackspace                              0x080006eb   Thumb Code    34  _sgetc.o(.text)
    __scatterload                            0x0800070d   Thumb Code    28  init.o(.text)
    __scatterload_rt2                        0x0800070d   Thumb Code     0  init.o(.text)
    isspace                                  0x08000731   Thumb Code    10  isspace_c.o(.text)
    __vfscanf                                0x0800073d   Thumb Code   808  _scanf.o(.text)
    __ctype_lookup                           0x08000a69   Thumb Code    34  ctype_c.o(.text)
    __decompress                             0x08000a91   Thumb Code     0  __dczerorl2.o(.text)
    __decompress1                            0x08000a91   Thumb Code    86  __dczerorl2.o(.text)
    BSP_LED_Toggle                           0x08000ae9   Thumb Code    22  stm32f7xx_nucleo_144.o(i.BSP_LED_Toggle)
    BusFault_Handler                         0x08000b09   Thumb Code     4  stm32f7xx_it.o(i.BusFault_Handler)
    DebugMon_Handler                         0x08000b0d   Thumb Code     2  stm32f7xx_it.o(i.DebugMon_Handler)
    ETH_IRQHandler                           0x08000b75   Thumb Code    10  stm32f7xx_it.o(i.ETH_IRQHandler)
    EXTI15_10_IRQHandler                     0x08000e4d   Thumb Code    12  stm32f7xx_it.o(i.EXTI15_10_IRQHandler)
    HAL_Delay                                0x08000eb1   Thumb Code    26  stm32f7xx_hal.o(i.HAL_Delay)
    HAL_ETH_DMARxDescListInit                0x08000ecb   Thumb Code   140  stm32f7xx_hal_eth.o(i.HAL_ETH_DMARxDescListInit)
    HAL_ETH_DMATxDescListInit                0x08000f57   Thumb Code   132  stm32f7xx_hal_eth.o(i.HAL_ETH_DMATxDescListInit)
    HAL_ETH_ErrorCallback                    0x08000fdb   Thumb Code     2  stm32f7xx_hal_eth.o(i.HAL_ETH_ErrorCallback)
    HAL_ETH_GetReceivedFrame_IT              0x08000fdd   Thumb Code   186  stm32f7xx_hal_eth.o(i.HAL_ETH_GetReceivedFrame_IT)
    HAL_ETH_IRQHandler                       0x08001097   Thumb Code   164  stm32f7xx_hal_eth.o(i.HAL_ETH_IRQHandler)
    HAL_ETH_Init                             0x0800113d   Thumb Code   640  stm32f7xx_hal_eth.o(i.HAL_ETH_Init)
    HAL_ETH_MspInit                          0x080013d9   Thumb Code   284  los_mip_ethif.o(i.HAL_ETH_MspInit)
    HAL_ETH_ReadPHYRegister                  0x08001509   Thumb Code   146  stm32f7xx_hal_eth.o(i.HAL_ETH_ReadPHYRegister)
    HAL_ETH_RxCpltCallback                   0x0800159d   Thumb Code    12  los_mip_ethif.o(i.HAL_ETH_RxCpltCallback)
    HAL_ETH_Start                            0x080015ad   Thumb Code    82  stm32f7xx_hal_eth.o(i.HAL_ETH_Start)
    HAL_ETH_TransmitFrame                    0x080015ff   Thumb Code   318  stm32f7xx_hal_eth.o(i.HAL_ETH_TransmitFrame)
    HAL_ETH_TxCpltCallback                   0x0800173d   Thumb Code     2  stm32f7xx_hal_eth.o(i.HAL_ETH_TxCpltCallback)
    HAL_ETH_WritePHYRegister                 0x0800173f   Thumb Code   144  stm32f7xx_hal_eth.o(i.HAL_ETH_WritePHYRegister)
    HAL_GPIO_EXTI_Callback                   0x080017cf   Thumb Code    18  los_bsp_key.o(i.HAL_GPIO_EXTI_Callback)
    HAL_GPIO_EXTI_IRQHandler                 0x080017e1   Thumb Code    24  stm32f7xx_hal_gpio.o(i.HAL_GPIO_EXTI_IRQHandler)
    HAL_GPIO_Init                            0x080017fd   Thumb Code   484  stm32f7xx_hal_gpio.o(i.HAL_GPIO_Init)
    HAL_GPIO_TogglePin                       0x08001a15   Thumb Code     8  stm32f7xx_hal_gpio.o(i.HAL_GPIO_TogglePin)
    HAL_GetTick                              0x08001a1d   Thumb Code     6  stm32f7xx_hal.o(i.HAL_GetTick)
    HAL_IncTick                              0x08001a29   Thumb Code    12  stm32f7xx_hal.o(i.HAL_IncTick)
    HAL_Init                                 0x08001a39   Thumb Code    28  stm32f7xx_hal.o(i.HAL_Init)
    HAL_InitTick                             0x08001a59   Thumb Code   130  stm32f7xx_hal_timebase_tim.o(i.HAL_InitTick)
    HAL_MspInit                              0x08001aed   Thumb Code     2  stm32f7xx_hal.o(i.HAL_MspInit)
    HAL_NVIC_EnableIRQ                       0x08001aef   Thumb Code    26  stm32f7xx_hal_cortex.o(i.HAL_NVIC_EnableIRQ)
    HAL_NVIC_SetPriority                     0x08001b09   Thumb Code   124  stm32f7xx_hal_cortex.o(i.HAL_NVIC_SetPriority)
    HAL_NVIC_SetPriorityGrouping             0x08001b85   Thumb Code    32  stm32f7xx_hal_cortex.o(i.HAL_NVIC_SetPriorityGrouping)
    HAL_PWREx_EnableOverDrive                0x08001bad   Thumb Code   136  stm32f7xx_hal_pwr_ex.o(i.HAL_PWREx_EnableOverDrive)
    HAL_RCC_ClockConfig                      0x08001c3d   Thumb Code   420  stm32f7xx_hal_rcc.o(i.HAL_RCC_ClockConfig)
    HAL_RCC_GetClockConfig                   0x08001df1   Thumb Code    58  stm32f7xx_hal_rcc.o(i.HAL_RCC_GetClockConfig)
    HAL_RCC_GetHCLKFreq                      0x08001e35   Thumb Code     6  stm32f7xx_hal_rcc.o(i.HAL_RCC_GetHCLKFreq)
    HAL_RCC_GetPCLK1Freq                     0x08001e41   Thumb Code    36  stm32f7xx_hal_rcc.o(i.HAL_RCC_GetPCLK1Freq)
    HAL_RCC_GetSysClockFreq                  0x08001e6d   Thumb Code   168  stm32f7xx_hal_rcc.o(i.HAL_RCC_GetSysClockFreq)
    HAL_RCC_OscConfig                        0x08001f21   Thumb Code  1252  stm32f7xx_hal_rcc.o(i.HAL_RCC_OscConfig)
    HAL_TIMEx_BreakCallback                  0x08002409   Thumb Code     2  stm32f7xx_hal_tim_ex.o(i.HAL_TIMEx_BreakCallback)
    HAL_TIMEx_CommutationCallback            0x0800240b   Thumb Code     2  stm32f7xx_hal_tim_ex.o(i.HAL_TIMEx_CommutationCallback)
    HAL_TIM_Base_Init                        0x0800240d   Thumb Code    52  stm32f7xx_hal_tim.o(i.HAL_TIM_Base_Init)
    HAL_TIM_Base_MspInit                     0x08002441   Thumb Code     2  stm32f7xx_hal_tim.o(i.HAL_TIM_Base_MspInit)
    HAL_TIM_Base_Start_IT                    0x08002443   Thumb Code    30  stm32f7xx_hal_tim.o(i.HAL_TIM_Base_Start_IT)
    HAL_TIM_IC_CaptureCallback               0x08002461   Thumb Code     2  stm32f7xx_hal_tim.o(i.HAL_TIM_IC_CaptureCallback)
    HAL_TIM_IRQHandler                       0x08002463   Thumb Code   440  stm32f7xx_hal_tim.o(i.HAL_TIM_IRQHandler)
    HAL_TIM_OC_DelayElapsedCallback          0x0800261b   Thumb Code     2  stm32f7xx_hal_tim.o(i.HAL_TIM_OC_DelayElapsedCallback)
    HAL_TIM_PWM_PulseFinishedCallback        0x0800261d   Thumb Code     2  stm32f7xx_hal_tim.o(i.HAL_TIM_PWM_PulseFinishedCallback)
    HAL_TIM_PeriodElapsedCallback            0x0800261f   Thumb Code    10  stm32f7xx_hal_timebase_tim.o(i.HAL_TIM_PeriodElapsedCallback)
    HAL_TIM_TriggerCallback                  0x08002629   Thumb Code     2  stm32f7xx_hal_tim.o(i.HAL_TIM_TriggerCallback)
    HardFault_Handler                        0x0800262d   Thumb Code    16  stm32f7xx_it.o(i.HardFault_Handler)
    LOS_Align                                0x08002641   Thumb Code    28  los_misc.o(i.LOS_Align)
    LOS_DLnkInitMultiHead                    0x0800265d   Thumb Code    30  los_multipledlinkhead.o(i.LOS_DLnkInitMultiHead)
    LOS_DLnkMultiHead                        0x0800267b   Thumb Code    42  los_multipledlinkhead.o(i.LOS_DLnkMultiHead)
    LOS_EnableTick                           0x080026a5   Thumb Code    12  los_config.o(i.LOS_EnableTick)
    LOS_KernelInit                           0x080026b1   Thumb Code    18  los_config.o(i.LOS_KernelInit)
    LOS_MS2Tick                              0x08002901   Thumb Code    40  los_sys.o(i.LOS_MS2Tick)
    LOS_MemAlloc                             0x08002929   Thumb Code    58  los_memory.o(i.LOS_MemAlloc)
    LOS_MemAllocAlign                        0x08002963   Thumb Code   108  los_memory.o(i.LOS_MemAllocAlign)
    LOS_MemFree                              0x080029cf   Thumb Code    84  los_memory.o(i.LOS_MemFree)
    LOS_MemInit                              0x08002a23   Thumb Code   166  los_memory.o(i.LOS_MemInit)
    LOS_MemboxAlloc                          0x08002ac9   Thumb Code    60  los_membox.o(i.LOS_MemboxAlloc)
    LOS_MemboxFree                           0x08002b09   Thumb Code   158  los_membox.o(i.LOS_MemboxFree)
    LOS_MemboxInit                           0x08002bad   Thumb Code   128  los_membox.o(i.LOS_MemboxInit)
    LOS_PriqueueDequeue                      0x08002c2d   Thumb Code    24  los_priqueue.o(i.LOS_PriqueueDequeue)
    LOS_PriqueueEnqueue                      0x08002c45   Thumb Code    32  los_priqueue.o(i.LOS_PriqueueEnqueue)
    LOS_PriqueueSize                         0x08002c69   Thumb Code    36  los_priqueue.o(i.LOS_PriqueueSize)
    LOS_PriqueueTop                          0x08002c91   Thumb Code    54  los_priqueue.o(i.LOS_PriqueueTop)
    LOS_QueueCreate                          0x08002ccd   Thumb Code   118  los_queue.o(i.LOS_QueueCreate)
    LOS_QueueDelete                          0x08002d49   Thumb Code   162  los_queue.o(i.LOS_QueueDelete)
    LOS_QueueRead                            0x08002df9   Thumb Code   282  los_queue.o(i.LOS_QueueRead)
    LOS_QueueWrite                           0x08002f29   Thumb Code   284  los_queue.o(i.LOS_QueueWrite)
    LOS_Schedule                             0x08003059   Thumb Code    56  los_hw.o(i.LOS_Schedule)
    LOS_SemCreate                            0x08003099   Thumb Code    98  los_sem.o(i.LOS_SemCreate)
    LOS_SemDelete                            0x08003105   Thumb Code    82  los_sem.o(i.LOS_SemDelete)
    LOS_SemPend                              0x08003165   Thumb Code   236  los_sem.o(i.LOS_SemPend)
    LOS_SemPost                              0x08003265   Thumb Code   176  los_sem.o(i.LOS_SemPost)
    LOS_SetTickSycle                         0x0800331d   Thumb Code     6  los_hw_tick.o(i.LOS_SetTickSycle)
    LOS_Start                                0x08003329   Thumb Code    12  los_config.o(i.LOS_Start)
    LOS_TaskCreate                           0x08003335   Thumb Code   140  los_task.o(i.LOS_TaskCreate)
    LOS_TaskCreateOnly                       0x080033d1   Thumb Code   368  los_task.o(i.LOS_TaskCreateOnly)
    LOS_TaskDelay                            0x08003555   Thumb Code   106  los_task.o(i.LOS_TaskDelay)
    LOS_TaskDelete                           0x080035d5   Thumb Code   320  los_task.o(i.LOS_TaskDelete)
    LOS_TaskLock                             0x0800373d   Thumb Code    26  los_task.o(i.LOS_TaskLock)
    LOS_TaskUnlock                           0x0800375d   Thumb Code    54  los_task.o(i.LOS_TaskUnlock)
    LOS_TaskYield                            0x08003799   Thumb Code   118  los_task.o(i.LOS_TaskYield)
    LOS_TickCountGet                         0x0800381d   Thumb Code     6  los_sys.o(i.LOS_TickCountGet)
    LOS_TickHandler                          0x08003829   Thumb Code    52  los_hw_tick.o(i.LOS_TickHandler)
    LosAdapIntInit                           0x08003861   Thumb Code     2  los_bsp_adapter.o(i.LosAdapIntInit)
    MemManage_Handler                        0x08003865   Thumb Code    16  stm32f7xx_it.o(i.MemManage_Handler)
    NMI_Handler                              0x08003879   Thumb Code     2  stm32f7xx_it.o(i.NMI_Handler)
    SysTick_Handler                          0x080038b5   Thumb Code    12  los_bsp_adapter.o(i.SysTick_Handler)
    SystemClock_Config                       0x080038c1   Thumb Code   108  main.o(i.SystemClock_Config)
    SystemInit                               0x0800392d   Thumb Code    82  system_stm32f7xx.o(i.SystemInit)
    TIM6_DAC_IRQHandler                      0x08003991   Thumb Code    10  stm32f7xx_hal_timebase_tim.o(i.TIM6_DAC_IRQHandler)
    TIM_Base_SetConfig                       0x080039a1   Thumb Code   196  stm32f7xx_hal_tim.o(i.TIM_Base_SetConfig)
    UsageFault_Handler                       0x08003a91   Thumb Code     4  stm32f7xx_it.o(i.UsageFault_Handler)
    __scatterload_copy                       0x08003a95   Thumb Code    14  handlers.o(i.__scatterload_copy)
    __scatterload_null                       0x08003aa3   Thumb Code     2  handlers.o(i.__scatterload_null)
    __scatterload_zeroinit                   0x08003aa5   Thumb Code    14  handlers.o(i.__scatterload_zeroinit)
    htonl                                    0x08003ab3   Thumb Code    26  los_mip_inet.o(i.htonl)
    htons                                    0x08003acd   Thumb Code    12  los_mip_inet.o(i.htons)
    inet_addr                                0x08003ad9   Thumb Code   140  los_mip_inet.o(i.inet_addr)
    los_coap_add_option                      0x08003b71   Thumb Code    18  coap_core.o(i.los_coap_add_option)
    los_coap_add_option_to_list              0x08003b83   Thumb Code   182  coap_core.o(i.los_coap_add_option_to_list)
    los_coap_add_paylaod                     0x08003c39   Thumb Code    66  coap_core.o(i.los_coap_add_paylaod)
    los_coap_add_resource                    0x08003c7b   Thumb Code    16  coap_core.o(i.los_coap_add_resource)
    los_coap_add_token                       0x08003c8b   Thumb Code   126  coap_core.o(i.los_coap_add_token)
    los_coap_addto_resndqueue                0x08003d09   Thumb Code    52  coap_core.o(i.los_coap_addto_resndqueue)
    los_coap_build_byte_steam                0x08003d3d   Thumb Code   280  coap_core.o(i.los_coap_build_byte_steam)
    los_coap_delay                           0x08003ed5   Thumb Code    20  coap_os_liteos.o(i.los_coap_delay)
    los_coap_delete_msg                      0x08003ee9   Thumb Code    94  coap_core.o(i.los_coap_delete_msg)
    los_coap_delete_resource                 0x08003f49   Thumb Code    46  coap_os_liteos.o(i.los_coap_delete_resource)
    los_coap_discard_resndqueue              0x08003f7d   Thumb Code    50  coap_core.o(i.los_coap_discard_resndqueue)
    los_coap_free                            0x080040f9   Thumb Code    26  coap_os_liteos.o(i.los_coap_free)
    los_coap_free_context                    0x08004119   Thumb Code   188  coap_os_liteos.o(i.los_coap_free_context)
    los_coap_free_option                     0x080041d9   Thumb Code    50  coap_core.o(i.los_coap_free_option)
    los_coap_generate_token                  0x0800420b   Thumb Code    48  coap_os_liteos.o(i.los_coap_generate_token)
    los_coap_handle_msg                      0x0800425f   Thumb Code    76  coap_core.o(i.los_coap_handle_msg)
    los_coap_handle_request                  0x080042ad   Thumb Code   424  coap_core.o(i.los_coap_handle_request)
    los_coap_malloc                          0x08004459   Thumb Code    30  coap_os_liteos.o(i.los_coap_malloc)
    los_coap_malloc_context                  0x0800447d   Thumb Code   140  coap_os_liteos.o(i.los_coap_malloc_context)
    los_coap_mip_read                        0x08004511   Thumb Code   144  coap_os_liteos.o(i.los_coap_mip_read)
    los_coap_mip_send                        0x080045a1   Thumb Code    68  coap_os_liteos.o(i.los_coap_mip_send)
    los_coap_new_msg                         0x080045e5   Thumb Code   134  coap_core.o(i.los_coap_new_msg)
    los_coap_new_resource                    0x0800466d   Thumb Code   164  coap_os_liteos.o(i.los_coap_new_resource)
    los_coap_parse_header                    0x08004715   Thumb Code    74  coap_core.o(i.los_coap_parse_header)
    los_coap_parse_one_option                0x0800475f   Thumb Code   394  coap_core.o(i.los_coap_parse_one_option)
    los_coap_parse_opts_payload              0x080048e9   Thumb Code   166  coap_core.o(i.los_coap_parse_opts_payload)
    los_coap_parse_token                     0x0800498f   Thumb Code   134  coap_core.o(i.los_coap_parse_token)
    los_coap_read                            0x08004a15   Thumb Code   178  coap_core.o(i.los_coap_read)
    los_coap_register_handler                0x08004ac7   Thumb Code    16  coap_core.o(i.los_coap_register_handler)
    los_coap_remove_resndqueue               0x08004ad7   Thumb Code    82  coap_core.o(i.los_coap_remove_resndqueue)
    los_coap_remove_sndqueue                 0x08004b29   Thumb Code    78  coap_core.o(i.los_coap_remove_sndqueue)
    los_coap_send                            0x08004b77   Thumb Code   138  coap_core.o(i.los_coap_send)
    los_coap_stack_init                      0x08004c01   Thumb Code    34  coap_os_liteos.o(i.los_coap_stack_init)
    los_handle_coap_response                 0x08004ce5   Thumb Code   152  los_oclink.o(i.los_handle_coap_response)
    los_mip_add_port_to_used_list            0x08004dc5   Thumb Code    54  los_mip_connect.o(i.los_mip_add_port_to_used_list)
    los_mip_arp_input                        0x08004e11   Thumb Code   190  los_mip_arp.o(i.los_mip_arp_input)
    los_mip_arp_request                      0x08004ed1   Thumb Code   166  los_mip_arp.o(i.los_mip_arp_request)
    los_mip_arp_tab_init                     0x08004f81   Thumb Code    14  los_mip_arp.o(i.los_mip_arp_tab_init)
    los_mip_arp_xmit                         0x08004f95   Thumb Code   168  los_mip_arp.o(i.los_mip_arp_xmit)
    los_mip_bind                             0x08005041   Thumb Code    80  los_mip_socket.o(i.los_mip_bind)
    los_mip_checksum                         0x08005091   Thumb Code    68  los_mip_ipv4.o(i.los_mip_checksum)
    los_mip_checksum_pseudo_ipv4             0x080050d5   Thumb Code   156  los_mip_ipv4.o(i.los_mip_checksum_pseudo_ipv4)
    los_mip_close                            0x08005171   Thumb Code    48  los_mip_socket.o(i.los_mip_close)
    los_mip_con_set_rcv_timeout              0x080051a1   Thumb Code    62  los_mip_connect.o(i.los_mip_con_set_rcv_timeout)
    los_mip_conn_is_nonblocking              0x080051df   Thumb Code    28  los_mip_connect.o(i.los_mip_conn_is_nonblocking)
    los_mip_conn_snd                         0x080051fb   Thumb Code    68  los_mip_connect.o(i.los_mip_conn_snd)
    los_mip_cur_tm                           0x0800523f   Thumb Code    14  los_mip_osfunc.o(i.los_mip_cur_tm)
    los_mip_delay                            0x0800524d   Thumb Code    12  los_mip_osfunc.o(i.los_mip_delay)
    los_mip_delete_conn                      0x08005259   Thumb Code   104  los_mip_connect.o(i.los_mip_delete_conn)
    los_mip_delete_up_sktmsg                 0x080052c5   Thumb Code    26  los_mip_connect.o(i.los_mip_delete_up_sktmsg)
    los_mip_dev_eth_init                     0x080052e1   Thumb Code    46  los_mip_ethif.o(i.los_mip_dev_eth_init)
    los_mip_eth_arp_output                   0x0800531d   Thumb Code    90  los_mip_ethernet.o(i.los_mip_eth_arp_output)
    los_mip_eth_input                        0x08005479   Thumb Code   174  los_mip_ethernet.o(i.los_mip_eth_input)
    los_mip_eth_ip_output                    0x08005527   Thumb Code   100  los_mip_ethernet.o(i.los_mip_eth_ip_output)
    los_mip_find_arp_entry                   0x080057c1   Thumb Code    54  los_mip_arp.o(i.los_mip_find_arp_entry)
    los_mip_get_conn                         0x080057fd   Thumb Code    38  los_mip_connect.o(i.los_mip_get_conn)
    los_mip_get_default_if                   0x08005829   Thumb Code     6  los_mip_netif.o(i.los_mip_get_default_if)
    los_mip_get_ip_ver                       0x08005835   Thumb Code    14  los_mip_ethernet.o(i.los_mip_get_ip_ver)
    los_mip_get_netif_list                   0x08005845   Thumb Code     6  los_mip_netif.o(i.los_mip_get_netif_list)
    los_mip_get_unused_port                  0x08005851   Thumb Code    78  los_mip_connect.o(i.los_mip_get_unused_port)
    los_mip_icmp_echo_reply                  0x080058bd   Thumb Code    40  los_mip_icmp.o(i.los_mip_icmp_echo_reply)
    los_mip_icmp_input                       0x080058e5   Thumb Code   102  los_mip_icmp.o(i.los_mip_icmp_input)
    los_mip_init_sockets                     0x08005971   Thumb Code    30  los_mip_connect.o(i.los_mip_init_sockets)
    los_mip_ip_route                         0x08005995   Thumb Code    64  los_mip_ipv4.o(i.los_mip_ip_route)
    los_mip_ipv4_input                       0x080059d5   Thumb Code   364  los_mip_ipv4.o(i.los_mip_ipv4_input)
    los_mip_ipv4_output                      0x08005b41   Thumb Code   208  los_mip_ipv4.o(i.los_mip_ipv4_output)
    los_mip_is_multicast                     0x08005c63   Thumb Code    26  los_mip_ipv4.o(i.los_mip_is_multicast)
    los_mip_jump_header                      0x08005c7d   Thumb Code    54  los_mip_netbuf.o(i.los_mip_jump_header)
    los_mip_lock_socket                      0x08005cb5   Thumb Code    14  los_mip_connect.o(i.los_mip_lock_socket)
    los_mip_make_ipaddr                      0x08005cc9   Thumb Code    58  los_mip_ipv4.o(i.los_mip_make_ipaddr)
    los_mip_mbox_fetch                       0x08005d05   Thumb Code   110  los_mip_osfunc.o(i.los_mip_mbox_fetch)
    los_mip_mbox_free                        0x08005d79   Thumb Code    52  los_mip_osfunc.o(i.los_mip_mbox_free)
    los_mip_mbox_new                         0x08005dad   Thumb Code    54  los_mip_osfunc.o(i.los_mip_mbox_new)
    los_mip_mbox_tryfetch                    0x08005de3   Thumb Code    24  los_mip_osfunc.o(i.los_mip_mbox_tryfetch)
    los_mip_mbox_trypost                     0x08005dfd   Thumb Code   100  los_mip_osfunc.o(i.los_mip_mbox_trypost)
    los_mip_mbox_valid                       0x08005e65   Thumb Code    16  los_mip_osfunc.o(i.los_mip_mbox_valid)
    los_mip_netif_add                        0x08005e75   Thumb Code    42  los_mip_netif.o(i.los_mip_netif_add)
    los_mip_netif_config                     0x08005ea9   Thumb Code    32  los_mip_netif.o(i.los_mip_netif_config)
    los_mip_netif_up                         0x08005ec9   Thumb Code    32  los_mip_netif.o(i.los_mip_netif_up)
    los_mip_new_conn                         0x08005ee9   Thumb Code   168  los_mip_connect.o(i.los_mip_new_conn)
    los_mip_new_delmsg                       0x08005f95   Thumb Code    44  los_mip_connect.o(i.los_mip_new_delmsg)
    los_mip_new_sktmsg                       0x08005fc5   Thumb Code    62  los_mip_connect.o(i.los_mip_new_sktmsg)
    los_mip_new_up_sktmsg                    0x08006009   Thumb Code    60  los_mip_connect.o(i.los_mip_new_up_sktmsg)
    los_mip_port_is_used                     0x08006045   Thumb Code    32  los_mip_connect.o(i.los_mip_port_is_used)
    los_mip_random                           0x08006069   Thumb Code    36  los_mip_osfunc.o(i.los_mip_random)
    los_mip_recvfrom                         0x0800608d   Thumb Code   260  los_mip_socket.o(i.los_mip_recvfrom)
    los_mip_sem_free                         0x080061b9   Thumb Code    18  los_mip_osfunc.o(i.los_mip_sem_free)
    los_mip_sem_new                          0x080061cb   Thumb Code    36  los_mip_osfunc.o(i.los_mip_sem_new)
    los_mip_sem_signal                       0x080061ef   Thumb Code    14  los_mip_osfunc.o(i.los_mip_sem_signal)
    los_mip_sem_wait                         0x080061fd   Thumb Code    92  los_mip_osfunc.o(i.los_mip_sem_wait)
    los_mip_sendto                           0x08006259   Thumb Code   160  los_mip_socket.o(i.los_mip_sendto)
    los_mip_set_default_if                   0x080062f9   Thumb Code     6  los_mip_netif.o(i.los_mip_set_default_if)
    los_mip_set_ip_ver                       0x08006305   Thumb Code    16  los_mip_ethernet.o(i.los_mip_set_ip_ver)
    los_mip_setsockopt                       0x08006315   Thumb Code   106  los_mip_socket.o(i.los_mip_setsockopt)
    los_mip_snd_delmsg                       0x0800637f   Thumb Code   114  los_mip_connect.o(i.los_mip_snd_delmsg)
    los_mip_snd_msg_to_con                   0x080063f1   Thumb Code    48  los_mip_connect.o(i.los_mip_snd_msg_to_con)
    los_mip_snd_sktmsg                       0x08006421   Thumb Code   196  los_mip_connect.o(i.los_mip_snd_sktmsg)
    los_mip_socket                           0x080064e5   Thumb Code    90  los_mip_socket.o(i.los_mip_socket)
    los_mip_tcpip_init                       0x08006541   Thumb Code    52  los_mip_tcpip_core.o(i.los_mip_tcpip_init)
    los_mip_tcpip_inpkt                      0x08006589   Thumb Code    98  los_mip_tcpip_core.o(i.los_mip_tcpip_inpkt)
    los_mip_tcpip_snd_msg                    0x080065f5   Thumb Code    24  los_mip_tcpip_core.o(i.los_mip_tcpip_snd_msg)
    los_mip_thread_new                       0x08006769   Thumb Code    70  los_mip_osfunc.o(i.los_mip_thread_new)
    los_mip_udp_bind                         0x080067af   Thumb Code    58  los_mip_udp.o(i.los_mip_udp_bind)
    los_mip_udp_input                        0x080067e9   Thumb Code   272  los_mip_udp.o(i.los_mip_udp_input)
    los_mip_udp_output                       0x080068f9   Thumb Code   148  los_mip_udp.o(i.los_mip_udp_output)
    los_mip_unlock_socket                    0x0800698d   Thumb Code    12  los_mip_connect.o(i.los_mip_unlock_socket)
    los_mip_update_arp_tab                   0x0800699d   Thumb Code   164  los_mip_arp.o(i.los_mip_update_arp_tab)
    los_mip_walk_con                         0x08006a45   Thumb Code    74  los_mip_connect.o(i.los_mip_walk_con)
    los_mpools_free                          0x08006b65   Thumb Code    44  los_mip_mem.o(i.los_mpools_free)
    los_mpools_init                          0x08006b95   Thumb Code    84  los_mip_mem.o(i.los_mpools_init)
    los_mpools_malloc                        0x08006bf9   Thumb Code    34  los_mip_mem.o(i.los_mpools_malloc)
    los_oclink_demo_start                    0x08006c21   Thumb Code    52  los_oclink_demo.o(i.los_oclink_demo_start)
    los_oclink_demo_task                     0x08006c69   Thumb Code   190  los_oclink_demo.o(i.los_oclink_demo_task)
    los_oclink_send                          0x08006d61   Thumb Code   166  los_oclink.o(i.los_oclink_send)
    los_oclink_set_param                     0x08006e71   Thumb Code   128  los_oclink.o(i.los_oclink_set_param)
    los_oclink_start                         0x08006f25   Thumb Code    56  los_oclink.o(i.los_oclink_start)
    los_oclink_stop                          0x08006f71   Thumb Code    40  los_oclink.o(i.los_oclink_stop)
    los_oclink_task                          0x08006fa1   Thumb Code   548  los_oclink.o(i.los_oclink_task)
    main                                     0x08007201   Thumb Code    46  main.o(i.main)
    netbuf_alloc                             0x0800722f   Thumb Code    94  los_mip_netbuf.o(i.netbuf_alloc)
    netbuf_free                              0x0800728d   Thumb Code    26  los_mip_netbuf.o(i.netbuf_free)
    netbuf_get_if_queued                     0x080072a9   Thumb Code    38  los_mip_netbuf.o(i.netbuf_get_if_queued)
    netbuf_que_for_arp                       0x080072d5   Thumb Code    80  los_mip_netbuf.o(i.netbuf_que_for_arp)
    netbuf_remove_queued                     0x08007329   Thumb Code    46  los_mip_netbuf.o(i.netbuf_remove_queued)
    ocean_report_cmd_status                  0x0800735d   Thumb Code    80  los_oclink_demo.o(i.ocean_report_cmd_status)
    oclink_recv_cmd                          0x080073ad   Thumb Code   162  los_oclink_demo.o(i.oclink_recv_cmd)
    osHwiDefaultHandler                      0x0800745d   Thumb Code     8  los_hwi.o(i.osHwiDefaultHandler)
    osHwiInit                                0x08007465   Thumb Code    26  los_hwi.o(i.osHwiInit)
    osIdleTask                               0x08007489   Thumb Code     4  los_task.o(i.osIdleTask)
    osIdleTaskCreate                         0x0800748d   Thumb Code    54  los_task.o(i.osIdleTaskCreate)
    osIntNumGet                              0x080074d9   Thumb Code    12  los_hwi.o(i.osIntNumGet)
    osKernelSysTick                          0x080074e5   Thumb Code     6  cmsis_liteos.o(i.osKernelSysTick)
    osMain                                   0x080074f1   Thumb Code   108  los_config.o(i.osMain)
    osMemSystemInit                          0x08007835   Thumb Code    26  los_memory.o(i.osMemSystemInit)
    osMuxInit                                0x08007859   Thumb Code    74  los_mux.o(i.osMuxInit)
    osPriqueueInit                           0x080078b5   Thumb Code    64  los_priqueue.o(i.osPriqueueInit)
    osQueueCreate                            0x080078fd   Thumb Code   100  los_queue.o(i.osQueueCreate)
    osQueueInit                              0x0800796d   Thumb Code    44  los_queue.o(i.osQueueInit)
    osRegister                               0x08007a85   Thumb Code    14  los_config.o(i.osRegister)
    osSchedule                               0x08007aa1   Thumb Code     8  los_hw.o(i.osSchedule)
    osSemInit                                0x08007aa9   Thumb Code    70  los_sem.o(i.osSemInit)
    osSwTmrInit                              0x08007b01   Thumb Code   142  los_swtmr.o(i.osSwTmrInit)
    osSwTmrStart                             0x08007bad   Thumb Code    92  los_swtmr.o(i.osSwTmrStart)
    osSwTmrTask                              0x08007c0d   Thumb Code    70  los_swtmr.o(i.osSwTmrTask)
    osSwTmrTaskCreate                        0x08007c5d   Thumb Code    52  los_swtmr.o(i.osSwTmrTaskCreate)
    osSwtmrScan                              0x08007d45   Thumb Code    32  los_swtmr.o(i.osSwtmrScan)
    osTaskAdd2TimerList                      0x08007d69   Thumb Code   188  los_task.o(i.osTaskAdd2TimerList)
    osTaskEntry                              0x08007e29   Thumb Code   154  los_task.o(i.osTaskEntry)
    osTaskExit                               0x08007ecd   Thumb Code     8  los_hw.o(i.osTaskExit)
    osTaskInit                               0x08007ed5   Thumb Code   258  los_task.o(i.osTaskInit)
    osTaskMemUsedDec                         0x08007ffd   Thumb Code    40  los_memstat.o(i.osTaskMemUsedDec)
    osTaskMemUsedInc                         0x08008031   Thumb Code    48  los_memstat.o(i.osTaskMemUsedInc)
    osTaskScan                               0x0800806d   Thumb Code   214  los_task.o(i.osTaskScan)
    osTaskSelfDelete                         0x08008149   Thumb Code   236  los_task.o(i.osTaskSelfDelete)
    osTickHandler                            0x08008245   Thumb Code    34  los_tick.o(i.osTickHandler)
    osTickStart                              0x0800826d   Thumb Code    92  los_bsp_adapter.o(i.osTickStart)
    osTimerListDelete                        0x080082d9   Thumb Code    66  los_task.o(i.osTimerListDelete)
    osTimesliceCheck                         0x08008321   Thumb Code    64  los_timeslice.o(i.osTimesliceCheck)
    osTimesliceInit                          0x0800836d   Thumb Code    12  los_timeslice.o(i.osTimesliceInit)
    osTskStackInit                           0x0800837d   Thumb Code   306  los_hw.o(i.osTskStackInit)
    sys_clk_freq                             0x080084bc   Data           4  los_bsp_adapter.o(.constdata)
    tick_per_second                          0x080084c0   Data           4  los_bsp_adapter.o(.constdata)
    g_use_ram_vect                           0x080084c4   Data           1  los_bsp_adapter.o(.constdata)
    GPIO_PIN                                 0x080084c6   Data           6  stm32f7xx_nucleo_144.o(.constdata)
    BUTTON_PIN                               0x080084cc   Data           2  stm32f7xx_nucleo_144.o(.constdata)
    BUTTON_IRQn                              0x080084ce   Data           1  stm32f7xx_nucleo_144.o(.constdata)
    AHBPrescTable                            0x080084cf   Data          16  system_stm32f7xx.o(.constdata)
    APBPrescTable                            0x080084df   Data           8  system_stm32f7xx.o(.constdata)
    __ctype_categories                       0x08008500   Data          64  ctype_c.o(.constdata)
    Region$$Table$$Base                      0x08008550   Number         0  anon$$obj.o(Region$$Table)
    Region$$Table$$Limit                     0x08008570   Number         0  anon$$obj.o(Region$$Table)
    g_pstLosPriorityQueueList                0x20000000   Data           4  los_priqueue.o(.data)
    m_pstSwtmrCBArray                        0x20000008   Data           4  los_swtmr.o(.data)
    m_pstSwtmrFreeList                       0x2000000c   Data           4  los_swtmr.o(.data)
    m_pstSwtmrSortList                       0x20000010   Data           4  los_swtmr.o(.data)
    g_pstTaskCBArray                         0x20000014   Data           4  los_task.o(.data)
    g_stLosTask                              0x20000018   Data           8  los_task.o(.data)
    g_usLosTaskLock                          0x20000020   Data           2  los_task.o(.data)
    g_uwTskMaxNum                            0x20000024   Data           4  los_task.o(.data)
    g_uwIdleTaskID                           0x20000028   Data           4  los_task.o(.data)
    g_uwSwtmrTaskID                          0x2000002c   Data           4  los_task.o(.data)
    g_stTaskTimerList                        0x20000030   Data           8  los_task.o(.data)
    g_stLosFreeTask                          0x20000038   Data           8  los_task.o(.data)
    g_stTskRecyleList                        0x20000040   Data           8  los_task.o(.data)
    g_stTskSortLink                          0x20000048   Data           8  los_task.o(.data)
    g_bTaskScheduled                         0x20000050   Data           4  los_task.o(.data)
    g_pfnTskSwitchHook                       0x20000054   Data           4  los_task.o(.data)
    g_ullTickCount                           0x20000058   Data           8  los_tick.o(.data)
    g_uwTicksPerSec                          0x20000060   Data           4  los_tick.o(.data)
    g_uwCyclePerSec                          0x20000064   Data           4  los_tick.o(.data)
    g_stTaskTimeSlice                        0x20000068   Data           8  los_timeslice.o(.data)
    g_pstAllMux                              0x20000070   Data           4  los_mux.o(.data)
    g_stUnusedMuxList                        0x20000074   Data           8  los_mux.o(.data)
    g_pstAllQueue                            0x2000007c   Data           4  los_queue.o(.data)
    g_stUnusedSemList                        0x20000080   Data           8  los_sem.o(.data)
    g_pstAllSem                              0x20000088   Data           4  los_sem.o(.data)
    g_uwCyclesPerTick                        0x2000008c   Data           4  los_hw_tick.o(.data)
    g_vuwIntCount                            0x20000090   Data           4  los_hwi.o(.data)
    m_aucSysMem0                             0x20000094   Data           4  los_config.o(.data)
    g_sys_mem_addr_end                       0x20000098   Data           4  los_config.o(.data)
    GPIO_PORT                                0x200000a0   Data          12  stm32f7xx_nucleo_144.o(.data)
    BUTTON_PORT                              0x200000ac   Data           4  stm32f7xx_nucleo_144.o(.data)
    SpixTimeout                              0x200000b0   Data           4  stm32f7xx_nucleo_144.o(.data)
    uwTick                                   0x200000b4   Data           4  stm32f7xx_hal.o(.data)
    SystemCoreClock                          0x200000b8   Data           4  system_stm32f7xx.o(.data)
    g_netif_list                             0x200000cc   Data           4  los_mip_netif.o(.data)
    g_if_default                             0x200000d0   Data           4  los_mip_netif.o(.data)
    g_los_token                              0x200000e4   Data           4  coap_os_liteos.o(.data)
    g_coap_mem                               0x200000e8   Data           4  coap_os_liteos.o(.data)
    network_ops                              0x200000ec   Data           8  coap_os_liteos.o(.data)
    get_cmd                                  0x20000170   Data           4  los_oclink_demo.o(.data)
    uset_value                               0x20000174   Data           4  los_oclink_demo.o(.data)
    scroll                                   0x20000178   Data           4  los_oclink_demo.o(.data)
    m_pstHwiForm                             0x20000184   Data        1024  los_hwi.o(.vector.bss)
    m_aucSwTmrHandlerPool                    0x20000584   Data         208  los_swtmr.o(.bss)
    g_ucMemStart                             0x20000654   Data       32768  los_memory.o(.bss)
    g_TskMemUsedInfo                         0x20008654   Data          64  los_memstat.o(.bss)
    TimHandle                                0x20008694   Data          64  stm32f7xx_hal_timebase_tim.o(.bss)
    DMARxDscrTab                             0x200087d0   Data         128  los_mip_ethif.o(.bss)
    DMATxDscrTab                             0x20008850   Data         128  los_mip_ethif.o(.bss)
    Rx_Buff                                  0x200088d0   Data        6096  los_mip_ethif.o(.bss)
    Tx_Buff                                  0x2000a0a0   Data        6096  los_mip_ethif.o(.bss)
    EthHandle                                0x2000b870   Data          72  los_mip_ethif.o(.bss)
    g_pool_pkgbuf                            0x2000b8b8   Data        4096  los_mip_mem.o(.bss)
    g_pool_msgs                              0x2000c8b8   Data         512  los_mip_mem.o(.bss)
    g_pool_sockets                           0x2000cab8   Data         512  los_mip_mem.o(.bss)
    g_mpools                                 0x2000ccb8   Data          12  los_mip_mem.o(.bss)
    g_los_coap_mempool                       0x2000ccc4   Data        2048  coap_os_liteos.o(.bss)
    g_stm32f746                              0x2000d4e4   Data          48  main.o(.bss)
    __initial_sp                             0x2000d978   Data           0  startup_stm32f746xx.o(STACK)



==============================================================================

Memory Map of the image

  Image Entry point : 0x080001c9

  Load Region LR_IROM1 (Base: 0x08000000, Size: 0x00008af4, Max: 0x00100000, ABSOLUTE, COMPRESSED[0x000085cc])

    Execution Region ER_IROM1 (Base: 0x08000000, Size: 0x00008570, Max: 0x00100000, ABSOLUTE)

    Base Addr    Size         Type   Attr      Idx    E Section Name        Object

    0x08000000   0x000001c8   Data   RO         8257    RESET               startup_stm32f746xx.o
    0x080001c8   0x00000000   Code   RO         8398  * .ARM.Collect$$$$00000000  mc_w.l(entry.o)
    0x080001c8   0x00000004   Code   RO         8717    .ARM.Collect$$$$00000001  mc_w.l(entry2.o)
    0x080001cc   0x00000004   Code   RO         8720    .ARM.Collect$$$$00000004  mc_w.l(entry5.o)
    0x080001d0   0x00000000   Code   RO         8722    .ARM.Collect$$$$00000008  mc_w.l(entry7b.o)
    0x080001d0   0x00000000   Code   RO         8724    .ARM.Collect$$$$0000000A  mc_w.l(entry8b.o)
    0x080001d0   0x00000008   Code   RO         8725    .ARM.Collect$$$$0000000B  mc_w.l(entry9a.o)
    0x080001d8   0x00000000   Code   RO         8727    .ARM.Collect$$$$0000000D  mc_w.l(entry10a.o)
    0x080001d8   0x00000000   Code   RO         8729    .ARM.Collect$$$$0000000F  mc_w.l(entry11a.o)
    0x080001d8   0x00000004   Code   RO         8718    .ARM.Collect$$$$00002712  mc_w.l(entry2.o)
    0x080001dc   0x000000ec   Code   RO         1220    .text               los_dispatch_keil.o
    0x080002c8   0x00000024   Code   RO         8258    .text               startup_stm32f746xx.o
    0x080002ec   0x00000062   Code   RO         8401    .text               mc_w.l(uldiv.o)
    0x0800034e   0x00000002   PAD
    0x08000350   0x00000024   Code   RO         8403    .text               mc_w.l(rand.o)
    0x08000374   0x00000024   Code   RO         8406    .text               mc_w.l(memcpya.o)
    0x08000398   0x00000024   Code   RO         8408    .text               mc_w.l(memseta.o)
    0x080003bc   0x0000000e   Code   RO         8410    .text               mc_w.l(strlen.o)
    0x080003ca   0x0000001a   Code   RO         8412    .text               mc_w.l(memcmp.o)
    0x080003e4   0x00000038   Code   RO         8705    .text               mc_w.l(__0sscanf.o)
    0x0800041c   0x0000014c   Code   RO         8707    .text               mc_w.l(_scanf_int.o)
    0x08000568   0x000000e0   Code   RO         8709    .text               mc_w.l(_scanf_str.o)
    0x08000648   0x0000001e   Code   RO         8736    .text               mc_w.l(llshl.o)
    0x08000666   0x00000020   Code   RO         8738    .text               mc_w.l(llushr.o)
    0x08000686   0x0000001c   Code   RO         8742    .text               mc_w.l(_chval.o)
    0x080006a2   0x00000002   PAD
    0x080006a4   0x00000028   Code   RO         8744    .text               mc_w.l(scanf_char.o)
    0x080006cc   0x00000040   Code   RO         8746    .text               mc_w.l(_sgetc.o)
    0x0800070c   0x00000024   Code   RO         8757    .text               mc_w.l(init.o)
    0x08000730   0x0000000a   Code   RO         8762    .text               mc_w.l(isspace_c.o)
    0x0800073a   0x00000002   PAD
    0x0800073c   0x0000032c   Code   RO         8764    .text               mc_w.l(_scanf.o)
    0x08000a68   0x00000028   Code   RO         8767    .text               mc_w.l(ctype_c.o)
    0x08000a90   0x00000056   Code   RO         8778    .text               mc_w.l(__dczerorl2.o)
    0x08000ae6   0x00000002   PAD
    0x08000ae8   0x00000020   Code   RO         1958    i.BSP_LED_Toggle    stm32f7xx_nucleo_144.o
    0x08000b08   0x00000004   Code   RO         2160    i.BusFault_Handler  stm32f7xx_it.o
    0x08000b0c   0x00000002   Code   RO         2161    i.DebugMon_Handler  stm32f7xx_it.o
    0x08000b0e   0x00000016   Code   RO         3161    i.ETH_DMAReceptionEnable  stm32f7xx_hal_eth.o
    0x08000b24   0x00000016   Code   RO         3163    i.ETH_DMATransmissionEnable  stm32f7xx_hal_eth.o
    0x08000b3a   0x00000038   Code   RO         3164    i.ETH_FlushTransmitFIFO  stm32f7xx_hal_eth.o
    0x08000b72   0x00000002   PAD
    0x08000b74   0x00000010   Code   RO         2162    i.ETH_IRQHandler    stm32f7xx_it.o
    0x08000b84   0x00000034   Code   RO         3165    i.ETH_MACAddressConfig  stm32f7xx_hal_eth.o
    0x08000bb8   0x00000244   Code   RO         3166    i.ETH_MACDMAConfig  stm32f7xx_hal_eth.o
    0x08000dfc   0x00000028   Code   RO         3168    i.ETH_MACReceptionEnable  stm32f7xx_hal_eth.o
    0x08000e24   0x00000028   Code   RO         3170    i.ETH_MACTransmissionEnable  stm32f7xx_hal_eth.o
    0x08000e4c   0x0000000c   Code   RO         2163    i.EXTI15_10_IRQHandler  stm32f7xx_it.o
    0x08000e58   0x00000058   Code   RO         8265    i.EXTI15_10_IRQHandler_Config  main.o
    0x08000eb0   0x0000001a   Code   RO         2246    i.HAL_Delay         stm32f7xx_hal.o
    0x08000eca   0x0000008c   Code   RO         3173    i.HAL_ETH_DMARxDescListInit  stm32f7xx_hal_eth.o
    0x08000f56   0x00000084   Code   RO         3174    i.HAL_ETH_DMATxDescListInit  stm32f7xx_hal_eth.o
    0x08000fda   0x00000002   Code   RO         3176    i.HAL_ETH_ErrorCallback  stm32f7xx_hal_eth.o
    0x08000fdc   0x000000ba   Code   RO         3178    i.HAL_ETH_GetReceivedFrame_IT  stm32f7xx_hal_eth.o
    0x08001096   0x000000a4   Code   RO         3180    i.HAL_ETH_IRQHandler  stm32f7xx_hal_eth.o
    0x0800113a   0x00000002   PAD
    0x0800113c   0x0000029c   Code   RO         3181    i.HAL_ETH_Init      stm32f7xx_hal_eth.o
    0x080013d8   0x00000130   Code   RO         7110    i.HAL_ETH_MspInit   los_mip_ethif.o
    0x08001508   0x00000092   Code   RO         3184    i.HAL_ETH_ReadPHYRegister  stm32f7xx_hal_eth.o
    0x0800159a   0x00000002   PAD
    0x0800159c   0x00000010   Code   RO         7111    i.HAL_ETH_RxCpltCallback  los_mip_ethif.o
    0x080015ac   0x00000052   Code   RO         3186    i.HAL_ETH_Start     stm32f7xx_hal_eth.o
    0x080015fe   0x0000013e   Code   RO         3188    i.HAL_ETH_TransmitFrame  stm32f7xx_hal_eth.o
    0x0800173c   0x00000002   Code   RO         3189    i.HAL_ETH_TxCpltCallback  stm32f7xx_hal_eth.o
    0x0800173e   0x00000090   Code   RO         3190    i.HAL_ETH_WritePHYRegister  stm32f7xx_hal_eth.o
    0x080017ce   0x00000012   Code   RO         1807    i.HAL_GPIO_EXTI_Callback  los_bsp_key.o
    0x080017e0   0x0000001c   Code   RO         5479    i.HAL_GPIO_EXTI_IRQHandler  stm32f7xx_hal_gpio.o
    0x080017fc   0x00000218   Code   RO         5480    i.HAL_GPIO_Init     stm32f7xx_hal_gpio.o
    0x08001a14   0x00000008   Code   RO         5483    i.HAL_GPIO_TogglePin  stm32f7xx_hal_gpio.o
    0x08001a1c   0x0000000c   Code   RO         2254    i.HAL_GetTick       stm32f7xx_hal.o
    0x08001a28   0x00000010   Code   RO         2255    i.HAL_IncTick       stm32f7xx_hal.o
    0x08001a38   0x00000020   Code   RO         2256    i.HAL_Init          stm32f7xx_hal.o
    0x08001a58   0x00000094   Code   RO         2109    i.HAL_InitTick      stm32f7xx_hal_timebase_tim.o
    0x08001aec   0x00000002   Code   RO         2259    i.HAL_MspInit       stm32f7xx_hal.o
    0x08001aee   0x0000001a   Code   RO         2403    i.HAL_NVIC_EnableIRQ  stm32f7xx_hal_cortex.o
    0x08001b08   0x0000007c   Code   RO         2409    i.HAL_NVIC_SetPriority  stm32f7xx_hal_cortex.o
    0x08001b84   0x00000028   Code   RO         2410    i.HAL_NVIC_SetPriorityGrouping  stm32f7xx_hal_cortex.o
    0x08001bac   0x00000090   Code   RO         5823    i.HAL_PWREx_EnableOverDrive  stm32f7xx_hal_pwr_ex.o
    0x08001c3c   0x000001b4   Code   RO         2796    i.HAL_RCC_ClockConfig  stm32f7xx_hal_rcc.o
    0x08001df0   0x00000044   Code   RO         2800    i.HAL_RCC_GetClockConfig  stm32f7xx_hal_rcc.o
    0x08001e34   0x0000000c   Code   RO         2801    i.HAL_RCC_GetHCLKFreq  stm32f7xx_hal_rcc.o
    0x08001e40   0x0000002c   Code   RO         2803    i.HAL_RCC_GetPCLK1Freq  stm32f7xx_hal_rcc.o
    0x08001e6c   0x000000b4   Code   RO         2805    i.HAL_RCC_GetSysClockFreq  stm32f7xx_hal_rcc.o
    0x08001f20   0x000004e8   Code   RO         2808    i.HAL_RCC_OscConfig  stm32f7xx_hal_rcc.o
    0x08002408   0x00000002   Code   RO         4590    i.HAL_TIMEx_BreakCallback  stm32f7xx_hal_tim_ex.o
    0x0800240a   0x00000002   Code   RO         4591    i.HAL_TIMEx_CommutationCallback  stm32f7xx_hal_tim_ex.o
    0x0800240c   0x00000034   Code   RO         3355    i.HAL_TIM_Base_Init  stm32f7xx_hal_tim.o
    0x08002440   0x00000002   Code   RO         3357    i.HAL_TIM_Base_MspInit  stm32f7xx_hal_tim.o
    0x08002442   0x0000001e   Code   RO         3360    i.HAL_TIM_Base_Start_IT  stm32f7xx_hal_tim.o
    0x08002460   0x00000002   Code   RO         3384    i.HAL_TIM_IC_CaptureCallback  stm32f7xx_hal_tim.o
    0x08002462   0x000001b8   Code   RO         3397    i.HAL_TIM_IRQHandler  stm32f7xx_hal_tim.o
    0x0800261a   0x00000002   Code   RO         3400    i.HAL_TIM_OC_DelayElapsedCallback  stm32f7xx_hal_tim.o
    0x0800261c   0x00000002   Code   RO         3427    i.HAL_TIM_PWM_PulseFinishedCallback  stm32f7xx_hal_tim.o
    0x0800261e   0x0000000a   Code   RO         2112    i.HAL_TIM_PeriodElapsedCallback  stm32f7xx_hal_timebase_tim.o
    0x08002628   0x00000002   Code   RO         3438    i.HAL_TIM_TriggerCallback  stm32f7xx_hal_tim.o
    0x0800262a   0x00000002   PAD
    0x0800262c   0x00000014   Code   RO         2164    i.HardFault_Handler  stm32f7xx_it.o
    0x08002640   0x0000001c   Code   RO         1088    i.LOS_Align         los_misc.o
    0x0800265c   0x0000001e   Code   RO         1056    i.LOS_DLnkInitMultiHead  los_multipledlinkhead.o
    0x0800267a   0x0000002a   Code   RO         1057    i.LOS_DLnkMultiHead  los_multipledlinkhead.o
    0x080026a4   0x0000000c   Code   RO         1224    i.LOS_EnableTick    los_config.o
    0x080026b0   0x00000012   Code   RO         1225    i.LOS_KernelInit    los_config.o
    0x080026c2   0x0000000e   Code   RO          320    i.LOS_ListAdd       los_task.o
    0x080026d0   0x0000000e   Code   RO          620    i.LOS_ListAdd       los_mux.o
    0x080026de   0x0000000e   Code   RO          694    i.LOS_ListAdd       los_queue.o
    0x080026ec   0x0000000e   Code   RO          799    i.LOS_ListAdd       los_sem.o
    0x080026fa   0x0000000e   Code   RO          902    i.LOS_ListAdd       los_memory.o
    0x08002708   0x00000014   Code   RO          321    i.LOS_ListDelete    los_task.o
    0x0800271c   0x00000014   Code   RO          800    i.LOS_ListDelete    los_sem.o
    0x08002730   0x00000014   Code   RO          903    i.LOS_ListDelete    los_memory.o
    0x08002744   0x00000010   Code   RO          322    i.LOS_ListEmpty     los_task.o
    0x08002754   0x00000010   Code   RO          695    i.LOS_ListEmpty     los_queue.o
    0x08002764   0x00000010   Code   RO          801    i.LOS_ListEmpty     los_sem.o
    0x08002774   0x00000006   Code   RO          323    i.LOS_ListInit      los_task.o
    0x0800277a   0x00000006   Code   RO          623    i.LOS_ListInit      los_mux.o
    0x08002780   0x00000006   Code   RO          696    i.LOS_ListInit      los_queue.o
    0x08002786   0x00000006   Code   RO          802    i.LOS_ListInit      los_sem.o
    0x0800278c   0x00000010   Code   RO          324    i.LOS_ListTailInsert  los_task.o
    0x0800279c   0x00000010   Code   RO          624    i.LOS_ListTailInsert  los_mux.o
    0x080027ac   0x00000010   Code   RO          803    i.LOS_ListTailInsert  los_sem.o
    0x080027bc   0x00000144   Code   RO         1058    i.LOS_Log2          los_multipledlinkhead.o
    0x08002900   0x00000028   Code   RO          249    i.LOS_MS2Tick       los_sys.o
    0x08002928   0x0000003a   Code   RO          904    i.LOS_MemAlloc      los_memory.o
    0x08002962   0x0000006c   Code   RO          905    i.LOS_MemAllocAlign  los_memory.o
    0x080029ce   0x00000054   Code   RO          906    i.LOS_MemFree       los_memory.o
    0x08002a22   0x000000a6   Code   RO          907    i.LOS_MemInit       los_memory.o
    0x08002ac8   0x00000040   Code   RO          869    i.LOS_MemboxAlloc   los_membox.o
    0x08002b08   0x000000a4   Code   RO          871    i.LOS_MemboxFree    los_membox.o
    0x08002bac   0x00000080   Code   RO          872    i.LOS_MemboxInit    los_membox.o
    0x08002c2c   0x00000018   Code   RO            1    i.LOS_PriqueueDequeue  los_priqueue.o
    0x08002c44   0x00000024   Code   RO            2    i.LOS_PriqueueEnqueue  los_priqueue.o
    0x08002c68   0x00000028   Code   RO            3    i.LOS_PriqueueSize  los_priqueue.o
    0x08002c90   0x0000003c   Code   RO            4    i.LOS_PriqueueTop   los_priqueue.o
    0x08002ccc   0x0000007c   Code   RO          697    i.LOS_QueueCreate   los_queue.o
    0x08002d48   0x000000b0   Code   RO          698    i.LOS_QueueDelete   los_queue.o
    0x08002df8   0x00000130   Code   RO          699    i.LOS_QueueRead     los_queue.o
    0x08002f28   0x00000130   Code   RO          700    i.LOS_QueueWrite    los_queue.o
    0x08003058   0x00000040   Code   RO         1106    i.LOS_Schedule      los_hw.o
    0x08003098   0x0000006c   Code   RO          804    i.LOS_SemCreate     los_sem.o
    0x08003104   0x00000060   Code   RO          805    i.LOS_SemDelete     los_sem.o
    0x08003164   0x00000100   Code   RO          806    i.LOS_SemPend       los_sem.o
    0x08003264   0x000000b8   Code   RO          807    i.LOS_SemPost       los_sem.o
    0x0800331c   0x0000000c   Code   RO         1137    i.LOS_SetTickSycle  los_hw_tick.o
    0x08003328   0x0000000c   Code   RO         1226    i.LOS_Start         los_config.o
    0x08003334   0x0000009c   Code   RO          325    i.LOS_TaskCreate    los_task.o
    0x080033d0   0x00000184   Code   RO          326    i.LOS_TaskCreateOnly  los_task.o
    0x08003554   0x00000080   Code   RO          327    i.LOS_TaskDelay     los_task.o
    0x080035d4   0x00000168   Code   RO          328    i.LOS_TaskDelete    los_task.o
    0x0800373c   0x00000020   Code   RO          329    i.LOS_TaskLock      los_task.o
    0x0800375c   0x0000003c   Code   RO          334    i.LOS_TaskUnlock    los_task.o
    0x08003798   0x00000084   Code   RO          335    i.LOS_TaskYield     los_task.o
    0x0800381c   0x0000000c   Code   RO          252    i.LOS_TickCountGet  los_sys.o
    0x08003828   0x00000038   Code   RO         1138    i.LOS_TickHandler   los_hw_tick.o
    0x08003860   0x00000002   Code   RO         1623    i.LosAdapIntInit    los_bsp_adapter.o
    0x08003862   0x00000002   PAD
    0x08003864   0x00000014   Code   RO         2165    i.MemManage_Handler  stm32f7xx_it.o
    0x08003878   0x00000002   Code   RO         2166    i.NMI_Handler       stm32f7xx_it.o
    0x0800387a   0x00000002   PAD
    0x0800387c   0x00000010   Code   RO         2416    i.NVIC_GetPriorityGrouping  stm32f7xx_hal_cortex.o
    0x0800388c   0x00000028   Code   RO         2417    i.NVIC_SetPriority  stm32f7xx_hal_cortex.o
    0x080038b4   0x0000000c   Code   RO         1626    i.SysTick_Handler   los_bsp_adapter.o
    0x080038c0   0x0000006c   Code   RO         8268    i.SystemClock_Config  main.o
    0x0800392c   0x00000064   Code   RO         5910    i.SystemInit        system_stm32f7xx.o
    0x08003990   0x00000010   Code   RO         2113    i.TIM6_DAC_IRQHandler  stm32f7xx_hal_timebase_tim.o
    0x080039a0   0x000000f0   Code   RO         3439    i.TIM_Base_SetConfig  stm32f7xx_hal_tim.o
    0x08003a90   0x00000004   Code   RO         2167    i.UsageFault_Handler  stm32f7xx_it.o
    0x08003a94   0x0000000e   Code   RO         8772    i.__scatterload_copy  mc_w.l(handlers.o)
    0x08003aa2   0x00000002   Code   RO         8773    i.__scatterload_null  mc_w.l(handlers.o)
    0x08003aa4   0x0000000e   Code   RO         8774    i.__scatterload_zeroinit  mc_w.l(handlers.o)
    0x08003ab2   0x0000001a   Code   RO         6715    i.htonl             los_mip_inet.o
    0x08003acc   0x0000000c   Code   RO         6716    i.htons             los_mip_inet.o
    0x08003ad8   0x00000098   Code   RO         6717    i.inet_addr         los_mip_inet.o
    0x08003b70   0x00000012   Code   RO         7395    i.los_coap_add_option  coap_core.o
    0x08003b82   0x000000b6   Code   RO         7396    i.los_coap_add_option_to_list  coap_core.o
    0x08003c38   0x00000042   Code   RO         7397    i.los_coap_add_paylaod  coap_core.o
    0x08003c7a   0x00000010   Code   RO         7398    i.los_coap_add_resource  coap_core.o
    0x08003c8a   0x0000007e   Code   RO         7399    i.los_coap_add_token  coap_core.o
    0x08003d08   0x00000034   Code   RO         7400    i.los_coap_addto_resndqueue  coap_core.o
    0x08003d3c   0x00000118   Code   RO         7402    i.los_coap_build_byte_steam  coap_core.o
    0x08003e54   0x00000080   Code   RO         7585    i.los_coap_check_validip  coap_os_liteos.o
    0x08003ed4   0x00000014   Code   RO         7586    i.los_coap_delay    coap_os_liteos.o
    0x08003ee8   0x0000005e   Code   RO         7403    i.los_coap_delete_msg  coap_core.o
    0x08003f46   0x00000002   PAD
    0x08003f48   0x00000034   Code   RO         7587    i.los_coap_delete_resource  coap_os_liteos.o
    0x08003f7c   0x00000032   Code   RO         7404    i.los_coap_discard_resndqueue  coap_core.o
    0x08003fae   0x00000112   Code   RO         7405    i.los_coap_encode_option  coap_core.o
    0x080040c0   0x00000038   Code   RO         7406    i.los_coap_find_opts  coap_core.o
    0x080040f8   0x00000020   Code   RO         7588    i.los_coap_free     coap_os_liteos.o
    0x08004118   0x000000c0   Code   RO         7589    i.los_coap_free_context  coap_os_liteos.o
    0x080041d8   0x00000032   Code   RO         7407    i.los_coap_free_option  coap_core.o
    0x0800420a   0x00000030   Code   RO         7590    i.los_coap_generate_token  coap_os_liteos.o
    0x0800423a   0x00000024   Code   RO         7591    i.los_coap_get_random  coap_os_liteos.o
    0x0800425e   0x0000004c   Code   RO         7408    i.los_coap_handle_msg  coap_core.o
    0x080042aa   0x00000002   PAD
    0x080042ac   0x000001ac   Code   RO         7409    i.los_coap_handle_request  coap_core.o
    0x08004458   0x00000024   Code   RO         7592    i.los_coap_malloc   coap_os_liteos.o
    0x0800447c   0x00000094   Code   RO         7593    i.los_coap_malloc_context  coap_os_liteos.o
    0x08004510   0x00000090   Code   RO         7594    i.los_coap_mip_read  coap_os_liteos.o
    0x080045a0   0x00000044   Code   RO         7595    i.los_coap_mip_send  coap_os_liteos.o
    0x080045e4   0x00000086   Code   RO         7410    i.los_coap_new_msg  coap_core.o
    0x0800466a   0x00000002   PAD
    0x0800466c   0x000000a8   Code   RO         7596    i.los_coap_new_resource  coap_os_liteos.o
    0x08004714   0x0000004a   Code   RO         7412    i.los_coap_parse_header  coap_core.o
    0x0800475e   0x0000018a   Code   RO         7413    i.los_coap_parse_one_option  coap_core.o
    0x080048e8   0x000000a6   Code   RO         7414    i.los_coap_parse_opts_payload  coap_core.o
    0x0800498e   0x00000086   Code   RO         7415    i.los_coap_parse_token  coap_core.o
    0x08004a14   0x000000b2   Code   RO         7416    i.los_coap_read     coap_core.o
    0x08004ac6   0x00000010   Code   RO         7417    i.los_coap_register_handler  coap_core.o
    0x08004ad6   0x00000052   Code   RO         7418    i.los_coap_remove_resndqueue  coap_core.o
    0x08004b28   0x0000004e   Code   RO         7419    i.los_coap_remove_sndqueue  coap_core.o
    0x08004b76   0x0000008a   Code   RO         7420    i.los_coap_send     coap_core.o
    0x08004c00   0x0000002c   Code   RO         7597    i.los_coap_stack_init  coap_os_liteos.o
    0x08004c2c   0x0000005c   Code   RO         8269    i.los_config_network  main.o
    0x08004c88   0x0000005c   Code   RO         7692    i.los_handle_cmd_request  los_oclink.o
    0x08004ce4   0x000000a8   Code   RO         7693    i.los_handle_coap_response  los_oclink.o
    0x08004d8c   0x00000038   Code   RO         7694    i.los_handle_observe_request  los_oclink.o
    0x08004dc4   0x0000003c   Code   RO         6383    i.los_mip_add_port_to_used_list  los_mip_connect.o
    0x08004e00   0x00000010   Code   RO         6290    i.los_mip_arp_for_us  los_mip_arp.o
    0x08004e10   0x000000be   Code   RO         6291    i.los_mip_arp_input  los_mip_arp.o
    0x08004ece   0x00000002   PAD
    0x08004ed0   0x000000b0   Code   RO         6292    i.los_mip_arp_request  los_mip_arp.o
    0x08004f80   0x00000014   Code   RO         6293    i.los_mip_arp_tab_init  los_mip_arp.o
    0x08004f94   0x000000ac   Code   RO         6294    i.los_mip_arp_xmit  los_mip_arp.o
    0x08005040   0x00000050   Code   RO         6920    i.los_mip_bind      los_mip_socket.o
    0x08005090   0x00000044   Code   RO         6765    i.los_mip_checksum  los_mip_ipv4.o
    0x080050d4   0x0000009c   Code   RO         6766    i.los_mip_checksum_pseudo_ipv4  los_mip_ipv4.o
    0x08005170   0x00000030   Code   RO         6921    i.los_mip_close     los_mip_socket.o
    0x080051a0   0x0000003e   Code   RO         6385    i.los_mip_con_set_rcv_timeout  los_mip_connect.o
    0x080051de   0x0000001c   Code   RO         6386    i.los_mip_conn_is_nonblocking  los_mip_connect.o
    0x080051fa   0x00000044   Code   RO         6387    i.los_mip_conn_snd  los_mip_connect.o
    0x0800523e   0x0000000e   Code   RO         7213    i.los_mip_cur_tm    los_mip_osfunc.o
    0x0800524c   0x0000000c   Code   RO         7214    i.los_mip_delay     los_mip_osfunc.o
    0x08005258   0x0000006c   Code   RO         6388    i.los_mip_delete_conn  los_mip_connect.o
    0x080052c4   0x0000001a   Code   RO         6389    i.los_mip_delete_up_sktmsg  los_mip_connect.o
    0x080052de   0x00000002   PAD
    0x080052e0   0x0000003c   Code   RO         7112    i.los_mip_dev_eth_init  los_mip_ethif.o
    0x0800531c   0x0000005a   Code   RO         6642    i.los_mip_eth_arp_output  los_mip_ethernet.o
    0x08005376   0x00000002   PAD
    0x08005378   0x00000100   Code   RO         7113    i.los_mip_eth_hw_init  los_mip_ethif.o
    0x08005478   0x000000ae   Code   RO         6643    i.los_mip_eth_input  los_mip_ethernet.o
    0x08005526   0x00000064   Code   RO         6644    i.los_mip_eth_ip_output  los_mip_ethernet.o
    0x0800558a   0x00000002   PAD
    0x0800558c   0x00000108   Code   RO         7114    i.los_mip_eth_pktin  los_mip_ethif.o
    0x08005694   0x000000e8   Code   RO         7115    i.los_mip_eth_xmit  los_mip_ethif.o
    0x0800577c   0x00000044   Code   RO         7116    i.los_mip_ethif_input_task  los_mip_ethif.o
    0x080057c0   0x0000003c   Code   RO         6295    i.los_mip_find_arp_entry  los_mip_arp.o
    0x080057fc   0x0000002c   Code   RO         6390    i.los_mip_get_conn  los_mip_connect.o
    0x08005828   0x0000000c   Code   RO         6859    i.los_mip_get_default_if  los_mip_netif.o
    0x08005834   0x0000000e   Code   RO         6645    i.los_mip_get_ip_ver  los_mip_ethernet.o
    0x08005842   0x00000002   PAD
    0x08005844   0x0000000c   Code   RO         6860    i.los_mip_get_netif_list  los_mip_netif.o
    0x08005850   0x00000054   Code   RO         6391    i.los_mip_get_unused_port  los_mip_connect.o
    0x080058a4   0x00000018   Code   RO         7014    i.los_mip_get_wmsgs_head_tm  los_mip_tcpip_core.o
    0x080058bc   0x00000028   Code   RO         6688    i.los_mip_icmp_echo_reply  los_mip_icmp.o
    0x080058e4   0x00000066   Code   RO         6689    i.los_mip_icmp_input  los_mip_icmp.o
    0x0800594a   0x00000002   PAD
    0x0800594c   0x00000024   Code   RO         7015    i.los_mip_init_arp_wlist  los_mip_tcpip_core.o
    0x08005970   0x00000024   Code   RO         6392    i.los_mip_init_sockets  los_mip_connect.o
    0x08005994   0x00000040   Code   RO         6767    i.los_mip_ip_route  los_mip_ipv4.o
    0x080059d4   0x0000016c   Code   RO         6768    i.los_mip_ipv4_input  los_mip_ipv4.o
    0x08005b40   0x000000d4   Code   RO         6769    i.los_mip_ipv4_output  los_mip_ipv4.o
    0x08005c14   0x00000022   Code   RO         6646    i.los_mip_is_broadcast_mac  los_mip_ethernet.o
    0x08005c36   0x0000002c   Code   RO         6647    i.los_mip_is_dst_to_us  los_mip_ethernet.o
    0x08005c62   0x0000001a   Code   RO         6770    i.los_mip_is_multicast  los_mip_ipv4.o
    0x08005c7c   0x00000036   Code   RO         6815    i.los_mip_jump_header  los_mip_netbuf.o
    0x08005cb2   0x00000002   PAD
    0x08005cb4   0x00000014   Code   RO         6393    i.los_mip_lock_socket  los_mip_connect.o
    0x08005cc8   0x0000003a   Code   RO         6771    i.los_mip_make_ipaddr  los_mip_ipv4.o
    0x08005d02   0x00000002   PAD
    0x08005d04   0x00000074   Code   RO         7215    i.los_mip_mbox_fetch  los_mip_osfunc.o
    0x08005d78   0x00000034   Code   RO         7216    i.los_mip_mbox_free  los_mip_osfunc.o
    0x08005dac   0x00000036   Code   RO         7219    i.los_mip_mbox_new  los_mip_osfunc.o
    0x08005de2   0x00000018   Code   RO         7222    i.los_mip_mbox_tryfetch  los_mip_osfunc.o
    0x08005dfa   0x00000002   PAD
    0x08005dfc   0x00000068   Code   RO         7223    i.los_mip_mbox_trypost  los_mip_osfunc.o
    0x08005e64   0x00000010   Code   RO         7224    i.los_mip_mbox_valid  los_mip_osfunc.o
    0x08005e74   0x00000034   Code   RO         6861    i.los_mip_netif_add  los_mip_netif.o
    0x08005ea8   0x00000020   Code   RO         6862    i.los_mip_netif_config  los_mip_netif.o
    0x08005ec8   0x00000020   Code   RO         6865    i.los_mip_netif_up  los_mip_netif.o
    0x08005ee8   0x000000ac   Code   RO         6394    i.los_mip_new_conn  los_mip_connect.o
    0x08005f94   0x00000030   Code   RO         6395    i.los_mip_new_delmsg  los_mip_connect.o
    0x08005fc4   0x00000044   Code   RO         6396    i.los_mip_new_sktmsg  los_mip_connect.o
    0x08006008   0x0000003c   Code   RO         6397    i.los_mip_new_up_sktmsg  los_mip_connect.o
    0x08006044   0x00000024   Code   RO         6398    i.los_mip_port_is_used  los_mip_connect.o
    0x08006068   0x00000024   Code   RO         7230    i.los_mip_random    los_mip_osfunc.o
    0x0800608c   0x00000104   Code   RO         6927    i.los_mip_recvfrom  los_mip_socket.o
    0x08006190   0x00000028   Code   RO         7016    i.los_mip_repos_payload  los_mip_tcpip_core.o
    0x080061b8   0x00000012   Code   RO         7231    i.los_mip_sem_free  los_mip_osfunc.o
    0x080061ca   0x00000024   Code   RO         7232    i.los_mip_sem_new   los_mip_osfunc.o
    0x080061ee   0x0000000e   Code   RO         7234    i.los_mip_sem_signal  los_mip_osfunc.o
    0x080061fc   0x0000005c   Code   RO         7236    i.los_mip_sem_wait  los_mip_osfunc.o
    0x08006258   0x000000a0   Code   RO         6929    i.los_mip_sendto    los_mip_socket.o
    0x080062f8   0x0000000c   Code   RO         6866    i.los_mip_set_default_if  los_mip_netif.o
    0x08006304   0x00000010   Code   RO         6648    i.los_mip_set_ip_ver  los_mip_ethernet.o
    0x08006314   0x0000006a   Code   RO         6930    i.los_mip_setsockopt  los_mip_socket.o
    0x0800637e   0x00000072   Code   RO         6401    i.los_mip_snd_delmsg  los_mip_connect.o
    0x080063f0   0x00000030   Code   RO         6402    i.los_mip_snd_msg_to_con  los_mip_connect.o
    0x08006420   0x000000c4   Code   RO         6403    i.los_mip_snd_sktmsg  los_mip_connect.o
    0x080064e4   0x0000005a   Code   RO         6931    i.los_mip_socket    los_mip_socket.o
    0x0800653e   0x00000002   PAD
    0x08006540   0x00000048   Code   RO         7017    i.los_mip_tcpip_init  los_mip_tcpip_core.o
    0x08006588   0x0000006c   Code   RO         7018    i.los_mip_tcpip_inpkt  los_mip_tcpip_core.o
    0x080065f4   0x0000001c   Code   RO         7019    i.los_mip_tcpip_snd_msg  los_mip_tcpip_core.o
    0x08006610   0x00000158   Code   RO         7020    i.los_mip_tcpip_task  los_mip_tcpip_core.o
    0x08006768   0x00000046   Code   RO         7240    i.los_mip_thread_new  los_mip_osfunc.o
    0x080067ae   0x0000003a   Code   RO         7083    i.los_mip_udp_bind  los_mip_udp.o
    0x080067e8   0x00000110   Code   RO         7084    i.los_mip_udp_input  los_mip_udp.o
    0x080068f8   0x00000094   Code   RO         7085    i.los_mip_udp_output  los_mip_udp.o
    0x0800698c   0x00000010   Code   RO         6404    i.los_mip_unlock_socket  los_mip_connect.o
    0x0800699c   0x000000a8   Code   RO         6296    i.los_mip_update_arp_tab  los_mip_arp.o
    0x08006a44   0x00000050   Code   RO         6405    i.los_mip_walk_con  los_mip_connect.o
    0x08006a94   0x000000a4   Code   RO         7021    i.los_mip_wmsgs_add_msg  los_mip_tcpip_core.o
    0x08006b38   0x0000002c   Code   RO         7022    i.los_mip_wmsgs_remove_head  los_mip_tcpip_core.o
    0x08006b64   0x00000030   Code   RO         7176    i.los_mpools_free   los_mip_mem.o
    0x08006b94   0x00000064   Code   RO         7177    i.los_mpools_init   los_mip_mem.o
    0x08006bf8   0x00000028   Code   RO         7178    i.los_mpools_malloc  los_mip_mem.o
    0x08006c20   0x00000048   Code   RO         7798    i.los_oclink_demo_start  los_oclink_demo.o
    0x08006c68   0x000000ec   Code   RO         7799    i.los_oclink_demo_task  los_oclink_demo.o
    0x08006d54   0x0000000c   Code   RO         7697    i.los_oclink_get_curstate  los_oclink.o
    0x08006d60   0x000000b8   Code   RO         7699    i.los_oclink_send   los_oclink.o
    0x08006e18   0x00000010   Code   RO         7700    i.los_oclink_set_errcode  los_oclink.o
    0x08006e28   0x0000000c   Code   RO         7701    i.los_oclink_set_errstate  los_oclink.o
    0x08006e34   0x0000003c   Code   RO         7702    i.los_oclink_set_nextstate  los_oclink.o
    0x08006e70   0x0000009c   Code   RO         7703    i.los_oclink_set_param  los_oclink.o
    0x08006f0c   0x00000018   Code   RO         7704    i.los_oclink_set_state  los_oclink.o
    0x08006f24   0x0000004c   Code   RO         7705    i.los_oclink_start  los_oclink.o
    0x08006f70   0x00000030   Code   RO         7706    i.los_oclink_stop   los_oclink.o
    0x08006fa0   0x00000260   Code   RO         7707    i.los_oclink_task   los_oclink.o
    0x08007200   0x0000002e   Code   RO         8270    i.main              main.o
    0x0800722e   0x0000005e   Code   RO         6816    i.netbuf_alloc      los_mip_netbuf.o
    0x0800728c   0x0000001a   Code   RO         6817    i.netbuf_free       los_mip_netbuf.o
    0x080072a6   0x00000002   PAD
    0x080072a8   0x0000002c   Code   RO         6818    i.netbuf_get_if_queued  los_mip_netbuf.o
    0x080072d4   0x00000054   Code   RO         6819    i.netbuf_que_for_arp  los_mip_netbuf.o
    0x08007328   0x00000034   Code   RO         6820    i.netbuf_remove_queued  los_mip_netbuf.o
    0x0800735c   0x00000050   Code   RO         7801    i.ocean_report_cmd_status  los_oclink_demo.o
    0x080073ac   0x000000b0   Code   RO         7802    i.oclink_recv_cmd   los_oclink_demo.o
    0x0800745c   0x00000008   Code   RO         1166    i.osHwiDefaultHandler  los_hwi.o
    0x08007464   0x00000024   Code   RO         1167    i.osHwiInit         los_hwi.o
    0x08007488   0x00000004   Code   RO          336    i.osIdleTask        los_task.o
    0x0800748c   0x0000004c   Code   RO          337    i.osIdleTaskCreate  los_task.o
    0x080074d8   0x0000000c   Code   RO         1168    i.osIntNumGet       los_hwi.o
    0x080074e4   0x0000000c   Code   RO         1286    i.osKernelSysTick   cmsis_liteos.o
    0x080074f0   0x00000070   Code   RO         1229    i.osMain            los_config.o
    0x08007560   0x0000005c   Code   RO          909    i.osMemAllocWithCheck  los_memory.o
    0x080075bc   0x00000098   Code   RO          910    i.osMemCheckUsedNode  los_memory.o
    0x08007654   0x00000050   Code   RO          911    i.osMemFindSuitableFreeBlock  los_memory.o
    0x080076a4   0x000000b2   Code   RO          912    i.osMemFreeNode     los_memory.o
    0x08007756   0x0000003e   Code   RO          913    i.osMemIsNodeValid  los_memory.o
    0x08007794   0x00000024   Code   RO          914    i.osMemMergeNode    los_memory.o
    0x080077b8   0x00000020   Code   RO          915    i.osMemSetMagicNumAndTaskid  los_memory.o
    0x080077d8   0x0000005c   Code   RO          916    i.osMemSpitNode     los_memory.o
    0x08007834   0x00000024   Code   RO          917    i.osMemSystemInit   los_memory.o
    0x08007858   0x0000005c   Code   RO          629    i.osMuxInit         los_mux.o
    0x080078b4   0x00000048   Code   RO            6    i.osPriqueueInit    los_priqueue.o
    0x080078fc   0x00000070   Code   RO          701    i.osQueueCreate     los_queue.o
    0x0800796c   0x00000038   Code   RO          702    i.osQueueInit       los_queue.o
    0x080079a4   0x00000084   Code   RO          705    i.osQueuePend       los_queue.o
    0x08007a28   0x0000005a   Code   RO          706    i.osQueueWakeUp     los_queue.o
    0x08007a82   0x00000002   PAD
    0x08007a84   0x0000001c   Code   RO         1230    i.osRegister        los_config.o
    0x08007aa0   0x00000008   Code   RO         1107    i.osSchedule        los_hw.o
    0x08007aa8   0x00000058   Code   RO          808    i.osSemInit         los_sem.o
    0x08007b00   0x000000ac   Code   RO          117    i.osSwTmrInit       los_swtmr.o
    0x08007bac   0x00000060   Code   RO          118    i.osSwTmrStart      los_swtmr.o
    0x08007c0c   0x00000050   Code   RO          119    i.osSwTmrTask       los_swtmr.o
    0x08007c5c   0x00000048   Code   RO          120    i.osSwTmrTaskCreate  los_swtmr.o
    0x08007ca4   0x0000008c   Code   RO          121    i.osSwTmrTimeoutHandle  los_swtmr.o
    0x08007d30   0x00000014   Code   RO          122    i.osSwtmrDelete     los_swtmr.o
    0x08007d44   0x00000024   Code   RO          123    i.osSwtmrScan       los_swtmr.o
    0x08007d68   0x000000c0   Code   RO          338    i.osTaskAdd2TimerList  los_task.o
    0x08007e28   0x000000a4   Code   RO          339    i.osTaskEntry       los_task.o
    0x08007ecc   0x00000008   Code   RO         1108    i.osTaskExit        los_hw.o
    0x08007ed4   0x00000128   Code   RO          340    i.osTaskInit        los_task.o
    0x08007ffc   0x00000034   Code   RO         1027    i.osTaskMemUsedDec  los_memstat.o
    0x08008030   0x0000003c   Code   RO         1028    i.osTaskMemUsedInc  los_memstat.o
    0x0800806c   0x000000dc   Code   RO          342    i.osTaskScan        los_task.o
    0x08008148   0x000000fc   Code   RO          343    i.osTaskSelfDelete  los_task.o
    0x08008244   0x00000028   Code   RO          520    i.osTickHandler     los_tick.o
    0x0800826c   0x0000006c   Code   RO         1627    i.osTickStart       los_bsp_adapter.o
    0x080082d8   0x00000048   Code   RO          344    i.osTimerListDelete  los_task.o
    0x08008320   0x0000004c   Code   RO          548    i.osTimesliceCheck  los_timeslice.o
    0x0800836c   0x00000010   Code   RO          549    i.osTimesliceInit   los_timeslice.o
    0x0800837c   0x00000140   Code   RO         1109    i.osTskStackInit    los_hw.o
    0x080084bc   0x00000009   Data   RO         1628    .constdata          los_bsp_adapter.o
    0x080084c5   0x00000001   PAD
    0x080084c6   0x00000009   Data   RO         1977    .constdata          stm32f7xx_nucleo_144.o
    0x080084cf   0x00000018   Data   RO         5911    .constdata          system_stm32f7xx.o
    0x080084e7   0x00000001   PAD
    0x080084e8   0x00000018   Data   RO         7709    .constdata          los_oclink.o
    0x08008500   0x00000040   Data   RO         8768    .constdata          mc_w.l(ctype_c.o)
    0x08008540   0x0000000e   Data   RO         7710    .conststring        los_oclink.o
    0x0800854e   0x00000002   PAD
    0x08008550   0x00000020   Data   RO         8770    Region$$Table       anon$$obj.o


    Execution Region RW_IRAM1 (Base: 0x20000000, Size: 0x0000d978, Max: 0x00050000, ABSOLUTE, COMPRESSED[0x0000005c])

    Base Addr    Size         Type   Attr      Idx    E Section Name        Object

    0x20000000   0x00000004   Data   RW            7    .data               los_priqueue.o
    0x20000004   0x00000010   Data   RW          126    .data               los_swtmr.o
    0x20000014   0x00000044   Data   RW          345    .data               los_task.o
    0x20000058   0x00000010   Data   RW          521    .data               los_tick.o
    0x20000068   0x00000008   Data   RW          550    .data               los_timeslice.o
    0x20000070   0x0000000c   Data   RW          630    .data               los_mux.o
    0x2000007c   0x00000004   Data   RW          707    .data               los_queue.o
    0x20000080   0x0000000c   Data   RW          809    .data               los_sem.o
    0x2000008c   0x00000004   Data   RW         1139    .data               los_hw_tick.o
    0x20000090   0x00000004   Data   RW         1171    .data               los_hwi.o
    0x20000094   0x00000008   Data   RW         1231    .data               los_config.o
    0x2000009c   0x00000004   Data   RW         1629    .data               los_bsp_adapter.o
    0x200000a0   0x00000014   Data   RW         1978    .data               stm32f7xx_nucleo_144.o
    0x200000b4   0x00000004   Data   RW         2262    .data               stm32f7xx_hal.o
    0x200000b8   0x00000004   Data   RW         5912    .data               system_stm32f7xx.o
    0x200000bc   0x0000000c   Data   RW         6298    .data               los_mip_arp.o
    0x200000c8   0x00000002   Data   RW         6772    .data               los_mip_ipv4.o
    0x200000ca   0x00000002   PAD
    0x200000cc   0x00000008   Data   RW         6867    .data               los_mip_netif.o
    0x200000d4   0x0000000c   Data   RW         7025    .data               los_mip_tcpip_core.o
    0x200000e0   0x00000004   Data   RW         7118    .data               los_mip_ethif.o
    0x200000e4   0x00000010   Data   RW         7599    .data               coap_os_liteos.o
    0x200000f4   0x00000071   Data   RW         7711    .data               los_oclink.o
    0x20000165   0x00000003   PAD
    0x20000168   0x00000018   Data   RW         7803    .data               los_oclink_demo.o
    0x20000180   0x00000004   Data   RW         8404    .data               mc_w.l(rand.o)
    0x20000184   0x00000400   Data   RW         1172    .vector.bss         los_hwi.o
    0x20000584   0x000000d0   Zero   RW          125    .bss                los_swtmr.o
    0x20000654   0x00008000   Zero   RW          918    .bss                los_memory.o
    0x20008654   0x00000040   Zero   RW         1029    .bss                los_memstat.o
    0x20008694   0x00000040   Zero   RW         2114    .bss                stm32f7xx_hal_timebase_tim.o
    0x200086d4   0x00000060   Zero   RW         6297    .bss                los_mip_arp.o
    0x20008734   0x0000003c   Zero   RW         6406    .bss                los_mip_connect.o
    0x20008770   0x00000018   Zero   RW         6821    .bss                los_mip_netbuf.o
    0x20008788   0x00000048   Zero   RW         7024    .bss                los_mip_tcpip_core.o
    0x200087d0   0x000030e8   Zero   RW         7117    .bss                los_mip_ethif.o
    0x2000b8b8   0x0000140c   Zero   RW         7179    .bss                los_mip_mem.o
    0x2000ccc4   0x00000800   Zero   RW         7598    .bss                coap_os_liteos.o
    0x2000d4c4   0x00000020   Zero   RW         7708    .bss                los_oclink.o
    0x2000d4e4   0x00000030   Zero   RW         8271    .bss                main.o
    0x2000d514   0x00000004   PAD
    0x2000d518   0x00000460   Zero   RW         8255    STACK               startup_stm32f746xx.o


==============================================================================

Image component sizes


      Code (inc. data)   RO Data    RW Data    ZI Data      Debug   Object Name

        12          6          0          0          0      10778   cmsis_liteos.o
      3162          4          0          0          0      26287   coap_core.o
      1116         56          0         16       2048      15524   coap_os_liteos.o
       122         16          9          4          0     869446   los_bsp_adapter.o
        18          0          0          0          0        637   los_bsp_key.o
       182         18          0          8          0       3856   los_config.o
       236         24          0          0          0        432   los_dispatch_keil.o
       400         22          0          0          0       3122   los_hw.o
        68         10          0          4          0       1445   los_hw_tick.o
        56         10          0       1028          0       5230   los_hwi.o
       356         10          0          0          0       3992   los_membox.o
      1210         14          0          0      32768      16052   los_memory.o
       112         24          0          0         64       2041   los_memstat.o
       802         30          0         12         96      14554   los_mip_arp.o
      1374         62          0          0         60      19984   los_mip_connect.o
         0          0          0          0          0       2668   los_mip_dhcp.o
       472          0          0          0          0       5971   los_mip_ethernet.o
      1200        108          0          4      12520       7356   los_mip_ethif.o
       142          0          0          0          0       3711   los_mip_icmp.o
       190         12          0          0          0       2064   los_mip_inet.o
       948          4          0          2          0       7437   los_mip_ipv4.o
       188         26          0          0       5132       3264   los_mip_mem.o
       354         16          0          0         24       5262   los_mip_netbuf.o
       152         28          0          8          0       4733   los_mip_netif.o
       658         10          0          0          0      11276   los_mip_osfunc.o
       744          0          0          0          0       6713   los_mip_socket.o
       860         74          0         12         72       9415   los_mip_tcpip_core.o
       478          0          0          0          0       3696   los_mip_udp.o
        28          0          0          0          0        644   los_misc.o
       396          4          0          0          0       5236   los_multipledlinkhead.o
       128         18          0         12          0       5956   los_mux.o
      1512        190         38        113         32      11887   los_oclink.o
       564         80          0         24          0       3587   los_oclink_demo.o
       232         22          0          4          0       8710   los_priqueue.o
      1334         86          0          4          0      19419   los_queue.o
       804         70          0         12          0       8388   los_sem.o
       616         84          0         16        208      17493   los_swtmr.o
        52          6          0          0          0       1181   los_sys.o
      2604        226          0         68          0      26620   los_task.o
        40          6          0         16          0        897   los_tick.o
        92         16          0          8          0       1365   los_timeslice.o
       334         18          0          0         48       3658   main.o
        36          8        456          0       1120        876   startup_stm32f746xx.o
        88         14          0          4          0       4086   stm32f7xx_hal.o
       246         22          0          0          0      35566   stm32f7xx_hal_cortex.o
      2796         46          0          0          0      15720   stm32f7xx_hal_eth.o
       572         56          0          0          0       3276   stm32f7xx_hal_gpio.o
       144          8          0          0          0       1408   stm32f7xx_hal_pwr_ex.o
      1996         64          0          0          0       6022   stm32f7xx_hal_rcc.o
       772         44          0          0          0       6934   stm32f7xx_hal_tim.o
         4          0          0          0          0       1830   stm32f7xx_hal_tim_ex.o
       174         24          0          0         64       2901   stm32f7xx_hal_timebase_tim.o
        80         14          0          0          0       4225   stm32f7xx_it.o
        32         10          9         20          0       2149   stm32f7xx_nucleo_144.o
       100         18         24          4          0       1335   system_stm32f7xx.o

    ----------------------------------------------------------------------
     31430       1738        572       1408      54260    1268315   Object Totals
         0          0         32          0          0          0   (incl. Generated)
        42          0          4          5          4          0   (incl. Padding)

    ----------------------------------------------------------------------

      Code (inc. data)   RO Data    RW Data    ZI Data      Debug   Library Member Name

        56          8          0          0          0         84   __0sscanf.o
        86          0          0          0          0          0   __dczerorl2.o
        28          0          0          0          0         68   _chval.o
       812          4          0          0          0        112   _scanf.o
       332          0          0          0          0         96   _scanf_int.o
       224          0          0          0          0         96   _scanf_str.o
        64          0          0          0          0         84   _sgetc.o
        40          6         64          0          0         68   ctype_c.o
         0          0          0          0          0          0   entry.o
         0          0          0          0          0          0   entry10a.o
         0          0          0          0          0          0   entry11a.o
         8          4          0          0          0          0   entry2.o
         4          0          0          0          0          0   entry5.o
         0          0          0          0          0          0   entry7b.o
         0          0          0          0          0          0   entry8b.o
         8          4          0          0          0          0   entry9a.o
        30          0          0          0          0          0   handlers.o
        36          8          0          0          0         68   init.o
        10          0          0          0          0         68   isspace_c.o
        30          0          0          0          0         68   llshl.o
        32          0          0          0          0         68   llushr.o
        26          0          0          0          0         80   memcmp.o
        36          0          0          0          0         68   memcpya.o
        36          0          0          0          0        108   memseta.o
        36         10          0          4          0        136   rand.o
        40          8          0          0          0         84   scanf_char.o
        14          0          0          0          0         68   strlen.o
        98          0          0          0          0         92   uldiv.o

    ----------------------------------------------------------------------
      2094         52         64          4          0       1516   Library Totals
         8          0          0          0          0          0   (incl. Padding)

    ----------------------------------------------------------------------

      Code (inc. data)   RO Data    RW Data    ZI Data      Debug   Library Name

      2086         52         64          4          0       1516   mc_w.l

    ----------------------------------------------------------------------
      2094         52         64          4          0       1516   Library Totals

    ----------------------------------------------------------------------

==============================================================================


      Code (inc. data)   RO Data    RW Data    ZI Data      Debug   

     33524       1790        636       1412      54260    1237487   Grand Totals
     33524       1790        636         92      54260    1237487   ELF Image Totals (compressed)
     33524       1790        636         92          0          0   ROM Totals

==============================================================================

    Total RO  Size (Code + RO Data)                34160 (  33.36kB)
    Total RW  Size (RW Data + ZI Data)             55672 (  54.37kB)
    Total ROM Size (Code + RO Data + RW Data)      34252 (  33.45kB)

==============================================================================

