Component: ARM Compiler 5.06 update 1 (build 61) Tool: armlink [4d35a8]

==============================================================================

Section Cross References

    los_priqueue.o(i.LOS_PriqueueEnqueue) refers to los_priqueue.o(.data) for g_pstLosPriorityQueueList
    los_priqueue.o(i.LOS_PriqueueSize) refers to los_priqueue.o(.data) for g_pstLosPriorityQueueList
    los_priqueue.o(i.LOS_PriqueueTop) refers to los_priqueue.o(.data) for g_pstLosPriorityQueueList
    los_priqueue.o(i.LOS_PriqueueTotalSize) refers to los_priqueue.o(i.LOS_PriqueueSize) for LOS_PriqueueSize
    los_priqueue.o(i.osPriqueueInit) refers to los_memory.o(i.LOS_MemAlloc) for LOS_MemAlloc
    los_priqueue.o(i.osPriqueueInit) refers to los_config.o(.data) for m_aucSysMem0
    los_priqueue.o(i.osPriqueueInit) refers to los_priqueue.o(.data) for g_pstLosPriorityQueueList
    los_swtmr.o(i.LOS_SwtmrCreate) refers to los_dispatch_keil.o(.text) for LOS_IntLock
    los_swtmr.o(i.LOS_SwtmrCreate) refers to los_swtmr.o(.data) for m_pstSwtmrFreeList
    los_swtmr.o(i.LOS_SwtmrDelete) refers to los_dispatch_keil.o(.text) for LOS_IntLock
    los_swtmr.o(i.LOS_SwtmrDelete) refers to los_swtmr.o(i.osSwtmrStop) for osSwtmrStop
    los_swtmr.o(i.LOS_SwtmrDelete) refers to los_swtmr.o(i.osSwtmrDelete) for osSwtmrDelete
    los_swtmr.o(i.LOS_SwtmrDelete) refers to los_swtmr.o(.data) for m_pstSwtmrCBArray
    los_swtmr.o(i.LOS_SwtmrStart) refers to los_dispatch_keil.o(.text) for LOS_IntLock
    los_swtmr.o(i.LOS_SwtmrStart) refers to los_swtmr.o(i.osSwtmrStop) for osSwtmrStop
    los_swtmr.o(i.LOS_SwtmrStart) refers to los_swtmr.o(i.osSwTmrStart) for osSwTmrStart
    los_swtmr.o(i.LOS_SwtmrStart) refers to los_swtmr.o(.data) for m_pstSwtmrCBArray
    los_swtmr.o(i.LOS_SwtmrStop) refers to los_dispatch_keil.o(.text) for LOS_IntLock
    los_swtmr.o(i.LOS_SwtmrStop) refers to los_swtmr.o(i.osSwtmrStop) for osSwtmrStop
    los_swtmr.o(i.LOS_SwtmrStop) refers to los_swtmr.o(.data) for m_pstSwtmrCBArray
    los_swtmr.o(i.osSwTmrAdjust) refers to los_swtmr.o(i.osSwTmrTimeoutHandle) for osSwTmrTimeoutHandle
    los_swtmr.o(i.osSwTmrAdjust) refers to los_swtmr.o(.data) for m_pstSwtmrSortList
    los_swtmr.o(i.osSwTmrGetNextTimeout) refers to los_swtmr.o(.data) for m_pstSwtmrSortList
    los_swtmr.o(i.osSwTmrInit) refers to los_memory.o(i.LOS_MemAlloc) for LOS_MemAlloc
    los_swtmr.o(i.osSwTmrInit) refers to memseta.o(.text) for __aeabi_memclr4
    los_swtmr.o(i.osSwTmrInit) refers to los_membox.o(i.LOS_MemboxInit) for LOS_MemboxInit
    los_swtmr.o(i.osSwTmrInit) refers to los_queue.o(i.LOS_QueueCreate) for LOS_QueueCreate
    los_swtmr.o(i.osSwTmrInit) refers to los_swtmr.o(i.osSwTmrTaskCreate) for osSwTmrTaskCreate
    los_swtmr.o(i.osSwTmrInit) refers to los_swtmr.o(.data) for m_pstSwtmrSortList
    los_swtmr.o(i.osSwTmrInit) refers to los_config.o(.data) for m_aucSysMem0
    los_swtmr.o(i.osSwTmrInit) refers to los_swtmr.o(.bss) for m_aucSwTmrHandlerPool
    los_swtmr.o(i.osSwTmrStart) refers to los_swtmr.o(.data) for m_pstSwtmrSortList
    los_swtmr.o(i.osSwTmrTask) refers to los_queue.o(i.LOS_QueueRead) for LOS_QueueRead
    los_swtmr.o(i.osSwTmrTask) refers to los_membox.o(i.LOS_MemboxFree) for LOS_MemboxFree
    los_swtmr.o(i.osSwTmrTask) refers to los_swtmr.o(.data) for m_uwSwTmrHandlerQueue
    los_swtmr.o(i.osSwTmrTask) refers to los_swtmr.o(.bss) for m_aucSwTmrHandlerPool
    los_swtmr.o(i.osSwTmrTaskCreate) refers to memseta.o(.text) for __aeabi_memclr4
    los_swtmr.o(i.osSwTmrTaskCreate) refers to los_task.o(i.LOS_TaskCreate) for LOS_TaskCreate
    los_swtmr.o(i.osSwTmrTaskCreate) refers to los_swtmr.o(i.osSwTmrTask) for osSwTmrTask
    los_swtmr.o(i.osSwTmrTaskCreate) refers to los_task.o(.data) for g_uwSwtmrTaskID
    los_swtmr.o(i.osSwTmrTimeoutHandle) refers to los_membox.o(i.LOS_MemboxAlloc) for LOS_MemboxAlloc
    los_swtmr.o(i.osSwTmrTimeoutHandle) refers to los_queue.o(i.LOS_QueueWrite) for LOS_QueueWrite
    los_swtmr.o(i.osSwTmrTimeoutHandle) refers to los_membox.o(i.LOS_MemboxFree) for LOS_MemboxFree
    los_swtmr.o(i.osSwTmrTimeoutHandle) refers to los_swtmr.o(i.osSwtmrDelete) for osSwtmrDelete
    los_swtmr.o(i.osSwTmrTimeoutHandle) refers to los_swtmr.o(i.osSwTmrStart) for osSwTmrStart
    los_swtmr.o(i.osSwTmrTimeoutHandle) refers to los_swtmr.o(.data) for m_pstSwtmrSortList
    los_swtmr.o(i.osSwTmrTimeoutHandle) refers to los_swtmr.o(.bss) for m_aucSwTmrHandlerPool
    los_swtmr.o(i.osSwtmrDelete) refers to los_swtmr.o(.data) for m_pstSwtmrFreeList
    los_swtmr.o(i.osSwtmrScan) refers to los_swtmr.o(i.osSwTmrTimeoutHandle) for osSwTmrTimeoutHandle
    los_swtmr.o(i.osSwtmrScan) refers to los_swtmr.o(.data) for m_pstSwtmrSortList
    los_swtmr.o(i.osSwtmrStop) refers to los_swtmr.o(.data) for m_pstSwtmrSortList
    los_sys.o(i.LOS_MS2Tick) refers to uldiv.o(.text) for __aeabi_uldivmod
    los_sys.o(i.LOS_Reboot) refers to los_dispatch_keil.o(.text) for LOS_IntLock
[...]
    CAN2_RX0_IRQHandler                      0x080002e3   Thumb Code     0  startup_stm32f746xx.o(.text)
    CAN2_RX1_IRQHandler                      0x080002e3   Thumb Code     0  startup_stm32f746xx.o(.text)
    CAN2_SCE_IRQHandler                      0x080002e3   Thumb Code     0  startup_stm32f746xx.o(.text)
    CAN2_TX_IRQHandler                       0x080002e3   Thumb Code     0  startup_stm32f746xx.o(.text)
    CEC_IRQHandler                           0x080002e3   Thumb Code     0  startup_stm32f746xx.o(.text)
    DCMI_IRQHandler                          0x080002e3   Thumb Code     0  startup_stm32f746xx.o(.text)
    DMA1_Stream0_IRQHandler                  0x080002e3   Thumb Code     0  startup_stm32f746xx.o(.text)
    DMA1_Stream1_IRQHandler                  0x080002e3   Thumb Code     0  startup_stm32f746xx.o(.text)
    DMA1_Stream2_IRQHandler                  0x080002e3   Thumb Code     0  startup_stm32f746xx.o(.text)
    DMA1_Stream3_IRQHandler                  0x080002e3   Thumb Code     0  startup_stm32f746xx.o(.text)
    DMA1_Stream4_IRQHandler                  0x080002e3   Thumb Code     0  startup_stm32f746xx.o(.text)
    DMA1_Stream5_IRQHandler                  0x080002e3   Thumb Code     0  startup_stm32f746xx.o(.text)
    DMA1_Stream6_IRQHandler                  0x080002e3   Thumb Code     0  startup_stm32f746xx.o(.text)
    DMA1_Stream7_IRQHandler                  0x080002e3   Thumb Code     0  startup_stm32f746xx.o(.text)
    DMA2D_IRQHandler                         0x080002e3   Thumb Code     0  startup_stm32f746xx.o(.text)
    DMA2_Stream0_IRQHandler                  0x080002e3   Thumb Code     0  startup_stm32f746xx.o(.text)
    DMA2_Stream1_IRQHandler                  0x080002e3   Thumb Code     0  startup_stm32f746xx.o(.text)
    DMA2_Stream2_IRQHandler                  0x080002e3   Thumb Code     0  startup_stm32f746xx.o(.text)
    DMA2_Stream3_IRQHandler                  0x080002e3   Thumb Code     0  startup_stm32f746xx.o(.text)
    DMA2_Stream4_IRQHandler                  0x080002e3   Thumb Code     0  startup_stm32f746xx.o(.text)
    DMA2_Stream5_IRQHandler                  0x080002e3   Thumb Code     0  startup_stm32f746xx.o(.text)
    DMA2_Stream6_IRQHandler                  0x080002e3   Thumb Code     0  startup_stm32f746xx.o(.text)
    DMA2_Stream7_IRQHandler                  0x080002e3   Thumb Code     0  startup_stm32f746xx.o(.text)
    ETH_WKUP_IRQHandler                      0x080002e3   Thumb Code     0  startup_stm32f746xx.o(.text)
    EXTI0_IRQHandler                         0x080002e3   Thumb Code     0  startup_stm32f746xx.o(.text)
    EXTI1_IRQHandler                         0x080002e3   Thumb Code     0  startup_stm32f746xx.o(.text)
    EXTI2_IRQHandler                         0x080002e3   Thumb Code     0  startup_stm32f746xx.o(.text)
    EXTI3_IRQHandler                         0x080002e3   Thumb Code     0  startup_stm32f746xx.o(.text)
    EXTI4_IRQHandler                         0x080002e3   Thumb Code     0  startup_stm32f746xx.o(.text)
    EXTI9_5_IRQHandler                       0x080002e3   Thumb Code     0  startup_stm32f746xx.o(.text)
    FLASH_IRQHandler                         0x080002e3   Thumb Code     0  startup_stm32f746xx.o(.text)
    FMC_IRQHandler                           0x080002e3   Thumb Code     0  startup_stm32f746xx.o(.text)
    FPU_IRQHandler                           0x080002e3   Thumb Code     0  startup_stm32f746xx.o(.text)
    I2C1_ER_IRQHandler                       0x080002e3   Thumb Code     0  startup_stm32f746xx.o(.text)
    I2C1_EV_IRQHandler                       0x080002e3   Thumb Code     0  startup_stm32f746xx.o(.text)
    I2C2_ER_IRQHandler                       0x080002e3   Thumb Code     0  startup_stm32f746xx.o(.text)
    I2C2_EV_IRQHandler                       0x080002e3   Thumb Code     0  startup_stm32f746xx.o(.text)
    I2C3_ER_IRQHandler                       0x080002e3   Thumb Code     0  startup_stm32f746xx.o(.text)
    I2C3_EV_IRQHandler                       0x080002e3   Thumb Code     0  startup_stm32f746xx.o(.text)
    I2C4_ER_IRQHandler                       0x080002e3   Thumb Code     0  startup_stm32f746xx.o(.text)
    I2C4_EV_IRQHandler                       0x080002e3   Thumb Code     0  startup_stm32f746xx.o(.text)
    LPTIM1_IRQHandler                        0x080002e3   Thumb Code     0  startup_stm32f746xx.o(.text)
    LTDC_ER_IRQHandler                       0x080002e3   Thumb Code     0  startup_stm32f746xx.o(.text)
    LTDC_IRQHandler                          0x080002e3   Thumb Code     0  startup_stm32f746xx.o(.text)
    OTG_FS_IRQHandler                        0x080002e3   Thumb Code     0  startup_stm32f746xx.o(.text)
    OTG_FS_WKUP_IRQHandler                   0x080002e3   Thumb Code     0  startup_stm32f746xx.o(.text)
    OTG_HS_EP1_IN_IRQHandler                 0x080002e3   Thumb Code     0  startup_stm32f746xx.o(.text)
    OTG_HS_EP1_OUT_IRQHandler                0x080002e3   Thumb Code     0  startup_stm32f746xx.o(.text)
    OTG_HS_IRQHandler                        0x080002e3   Thumb Code     0  startup_stm32f746xx.o(.text)
    OTG_HS_WKUP_IRQHandler                   0x080002e3   Thumb Code     0  startup_stm32f746xx.o(.text)
    PVD_IRQHandler                           0x080002e3   Thumb Code     0  startup_stm32f746xx.o(.text)
    QUADSPI_IRQHandler                       0x080002e3   Thumb Code     0  startup_stm32f746xx.o(.text)
    RCC_IRQHandler                           0x080002e3   Thumb Code     0  startup_stm32f746xx.o(.text)
    RNG_IRQHandler                           0x080002e3   Thumb Code     0  startup_stm32f746xx.o(.text)
    RTC_Alarm_IRQHandler                     0x080002e3   Thumb Code     0  startup_stm32f746xx.o(.text)
    RTC_WKUP_IRQHandler                      0x080002e3   Thumb Code     0  startup_stm32f746xx.o(.text)
    SAI1_IRQHandler                          0x080002e3   Thumb Code     0  startup_stm32f746xx.o(.text)
    SAI2_IRQHandler                          0x080002e3   Thumb Code     0  startup_stm32f746xx.o(.text)
    SDMMC1_IRQHandler                        0x080002e3   Thumb Code     0  startup_stm32f746xx.o(.text)
    SPDIF_RX_IRQHandler                      0x080002e3   Thumb Code     0  startup_stm32f746xx.o(.text)
    SPI1_IRQHandler                          0x080002e3   Thumb Code     0  startup_stm32f746xx.o(.text)
    SPI2_IRQHandler                          0x080002e3   Thumb Code     0  startup_stm32f746xx.o(.text)
    SPI3_IRQHandler                          0x080002e3   Thumb Code     0  startup_stm32f746xx.o(.text)
    SPI4_IRQHandler                          0x080002e3   Thumb Code     0  startup_stm32f746xx.o(.text)
    SPI5_IRQHandler                          0x080002e3   Thumb Code     0  startup_stm32f746xx.o(.text)
    SPI6_IRQHandler                          0x080002e3   Thumb Code     0  startup_stm32f746xx.o(.text)
    TAMP_STAMP_IRQHandler                    0x080002e3   Thumb Code     0  startup_stm32f746xx.o(.text)
    TIM1_BRK_TIM9_IRQHandler                 0x080002e3   Thumb Code     0  startup_stm32f746xx.o(.text)
    TIM1_CC_IRQHandler                       0x080002e3   Thumb Code     0  startup_stm32f746xx.o(.text)
    TIM1_TRG_COM_TIM11_IRQHandler            0x080002e3   Thumb Code     0  startup_stm32f746xx.o(.text)
    TIM1_UP_TIM10_IRQHandler                 0x080002e3   Thumb Code     0  startup_stm32f746xx.o(.text)
    TIM2_IRQHandler                          0x080002e3   Thumb Code     0  startup_stm32f746xx.o(.text)
    TIM3_IRQHandler                          0x080002e3   Thumb Code     0  startup_stm32f746xx.o(.text)
    TIM4_IRQHandler                          0x080002e3   Thumb Code     0  startup_stm32f746xx.o(.text)
    TIM5_IRQHandler                          0x080002e3   Thumb Code     0  startup_stm32f746xx.o(.text)
    TIM7_IRQHandler                          0x080002e3   Thumb Code     0  startup_stm32f746xx.o(.text)
    TIM8_BRK_TIM12_IRQHandler                0x080002e3   Thumb Code     0  startup_stm32f746xx.o(.text)
    TIM8_CC_IRQHandler                       0x080002e3   Thumb Code     0  startup_stm32f746xx.o(.text)
    TIM8_TRG_COM_TIM14_IRQHandler            0x080002e3   Thumb Code     0  startup_stm32f746xx.o(.text)
    TIM8_UP_TIM13_IRQHandler                 0x080002e3   Thumb Code     0  startup_stm32f746xx.o(.text)
    UART4_IRQHandler                         0x080002e3   Thumb Code     0  startup_stm32f746xx.o(.text)
    UART5_IRQHandler                         0x080002e3   Thumb Code     0  startup_stm32f746xx.o(.text)
    UART7_IRQHandler                         0x080002e3   Thumb Code     0  startup_stm32f746xx.o(.text)
    UART8_IRQHandler                         0x080002e3   Thumb Code     0  startup_stm32f746xx.o(.text)
    USART1_IRQHandler                        0x080002e3   Thumb Code     0  startup_stm32f746xx.o(.text)
    USART2_IRQHandler                        0x080002e3   Thumb Code     0  startup_stm32f746xx.o(.text)
    USART3_IRQHandler                        0x080002e3   Thumb Code     0  startup_stm32f746xx.o(.text)
    USART6_IRQHandler                        0x080002e3   Thumb Code     0  startup_stm32f746xx.o(.text)
    WWDG_IRQHandler                          0x080002e3   Thumb Code     0  startup_stm32f746xx.o(.text)
    __aeabi_uldivmod                         0x080002ed   Thumb Code    98  uldiv.o(.text)
    rand                                     0x08000351   Thumb Code    20  rand.o(.text)
    srand                                    0x08000365   Thumb Code     6  rand.o(.text)
    __aeabi_memcpy                           0x08000375   Thumb Code    36  memcpya.o(.text)
    __aeabi_memcpy4                          0x08000375   Thumb Code     0  memcpya.o(.text)
    __aeabi_memcpy8                          0x08000375   Thumb Code     0  memcpya.o(.text)
    __aeabi_memset                           0x08000399   Thumb Code    14  memseta.o(.text)
    __aeabi_memset4                          0x08000399   Thumb Code     0  memseta.o(.text)
    __aeabi_memset8                          0x08000399   Thumb Code     0  memseta.o(.text)
    __aeabi_memclr                           0x080003a7   Thumb Code     4  memseta.o(.text)
    __aeabi_memclr4                          0x080003a7   Thumb Code     0  memseta.o(.text)
    __aeabi_memclr8                          0x080003a7   Thumb Code     0  memseta.o(.text)
    _memset$wrapper                          0x080003ab   Thumb Code    18  memseta.o(.text)
    __0sscanf                                0x080003bd   Thumb Code    48  __0sscanf.o(.text)
    _scanf_int                               0x080003f5   Thumb Code   332  _scanf_int.o(.text)
    __aeabi_llsl                             0x08000541   Thumb Code    30  llshl.o(.text)
    _ll_shift_l                              0x08000541   Thumb Code     0  llshl.o(.text)
    __aeabi_llsr                             0x0800055f   Thumb Code    32  llushr.o(.text)
    _ll_ushift_r                             0x0800055f   Thumb Code     0  llushr.o(.text)
    _chval                                   0x0800057f   Thumb Code    28  _chval.o(.text)
    __vfscanf_char                           0x080005a9   Thumb Code    20  scanf_char.o(.text)
    _sgetc                                   0x080005c5   Thumb Code    30  _sgetc.o(.text)
    _sbackspace                              0x080005e3   Thumb Code    34  _sgetc.o(.text)
    __scatterload                            0x08000605   Thumb Code    28  init.o(.text)
    __scatterload_rt2                        0x08000605   Thumb Code     0  init.o(.text)
    isspace                                  0x08000629   Thumb Code    10  isspace_c.o(.text)
    __vfscanf                                0x08000635   Thumb Code   808  _scanf.o(.text)
    __ctype_lookup                           0x08000961   Thumb Code    34  ctype_c.o(.text)
    __decompress                             0x08000989   Thumb Code     0  __dczerorl2.o(.text)
    __decompress1                            0x08000989   Thumb Code    86  __dczerorl2.o(.text)
    BSP_LED_Toggle                           0x080009e1   Thumb Code    22  stm32f7xx_nucleo_144.o(i.BSP_LED_Toggle)
    BusFault_Handler                         0x08000a01   Thumb Code     4  stm32f7xx_it.o(i.BusFault_Handler)
    DebugMon_Handler                         0x08000a05   Thumb Code     2  stm32f7xx_it.o(i.DebugMon_Handler)
    ETH_IRQHandler                           0x08000a6d   Thumb Code    10  stm32f7xx_it.o(i.ETH_IRQHandler)
    EXTI15_10_IRQHandler                     0x08000d45   Thumb Code    12  stm32f7xx_it.o(i.EXTI15_10_IRQHandler)
    HAL_Delay                                0x08000da9   Thumb Code    26  stm32f7xx_hal.o(i.HAL_Delay)
    HAL_ETH_DMARxDescListInit                0x08000dc3   Thumb Code   140  stm32f7xx_hal_eth.o(i.HAL_ETH_DMARxDescListInit)
    HAL_ETH_DMATxDescListInit                0x08000e4f   Thumb Code   132  stm32f7xx_hal_eth.o(i.HAL_ETH_DMATxDescListInit)
    HAL_ETH_ErrorCallback                    0x08000ed3   Thumb Code     2  stm32f7xx_hal_eth.o(i.HAL_ETH_ErrorCallback)
    HAL_ETH_GetReceivedFrame_IT              0x08000ed5   Thumb Code   186  stm32f7xx_hal_eth.o(i.HAL_ETH_GetReceivedFrame_IT)
    HAL_ETH_IRQHandler                       0x08000f8f   Thumb Code   164  stm32f7xx_hal_eth.o(i.HAL_ETH_IRQHandler)
    HAL_ETH_Init                             0x08001035   Thumb Code   640  stm32f7xx_hal_eth.o(i.HAL_ETH_Init)
    HAL_ETH_MspInit                          0x080012d1   Thumb Code   284  los_mip_ethif.o(i.HAL_ETH_MspInit)
    HAL_ETH_ReadPHYRegister                  0x08001401   Thumb Code   146  stm32f7xx_hal_eth.o(i.HAL_ETH_ReadPHYRegister)
    HAL_ETH_RxCpltCallback                   0x08001495   Thumb Code    12  los_mip_ethif.o(i.HAL_ETH_RxCpltCallback)
    HAL_ETH_Start                            0x080014a5   Thumb Code    82  stm32f7xx_hal_eth.o(i.HAL_ETH_Start)
    HAL_ETH_TransmitFrame                    0x080014f7   Thumb Code   318  stm32f7xx_hal_eth.o(i.HAL_ETH_TransmitFrame)
    HAL_ETH_TxCpltCallback                   0x08001635   Thumb Code     2  stm32f7xx_hal_eth.o(i.HAL_ETH_TxCpltCallback)
    HAL_ETH_WritePHYRegister                 0x08001637   Thumb Code   144  stm32f7xx_hal_eth.o(i.HAL_ETH_WritePHYRegister)
    HAL_GPIO_EXTI_Callback                   0x080016c7   Thumb Code    18  los_bsp_key.o(i.HAL_GPIO_EXTI_Callback)
    HAL_GPIO_EXTI_IRQHandler                 0x080016d9   Thumb Code    24  stm32f7xx_hal_gpio.o(i.HAL_GPIO_EXTI_IRQHandler)
    HAL_GPIO_Init                            0x080016f5   Thumb Code   484  stm32f7xx_hal_gpio.o(i.HAL_GPIO_Init)
    HAL_GPIO_TogglePin                       0x0800190d   Thumb Code     8  stm32f7xx_hal_gpio.o(i.HAL_GPIO_TogglePin)
    HAL_GetTick                              0x08001915   Thumb Code     6  stm32f7xx_hal.o(i.HAL_GetTick)
    HAL_IncTick                              0x08001921   Thumb Code    12  stm32f7xx_hal.o(i.HAL_IncTick)
    HAL_Init                                 0x08001931   Thumb Code    28  stm32f7xx_hal.o(i.HAL_Init)
    HAL_InitTick                             0x08001951   Thumb Code   130  stm32f7xx_hal_timebase_tim.o(i.HAL_InitTick)
    HAL_MspInit                              0x080019e5   Thumb Code     2  stm32f7xx_hal.o(i.HAL_MspInit)
    HAL_NVIC_EnableIRQ                       0x080019e7   Thumb Code    26  stm32f7xx_hal_cortex.o(i.HAL_NVIC_EnableIRQ)
    HAL_NVIC_SetPriority                     0x08001a01   Thumb Code   124  stm32f7xx_hal_cortex.o(i.HAL_NVIC_SetPriority)
    HAL_NVIC_SetPriorityGrouping             0x08001a7d   Thumb Code    32  stm32f7xx_hal_cortex.o(i.HAL_NVIC_SetPriorityGrouping)
    HAL_PWREx_EnableOverDrive                0x08001aa5   Thumb Code   136  stm32f7xx_hal_pwr_ex.o(i.HAL_PWREx_EnableOverDrive)
    HAL_RCC_ClockConfig                      0x08001b35   Thumb Code   420  stm32f7xx_hal_rcc.o(i.HAL_RCC_ClockConfig)
    HAL_RCC_GetClockConfig                   0x08001ce9   Thumb Code    58  stm32f7xx_hal_rcc.o(i.HAL_RCC_GetClockConfig)
    HAL_RCC_GetHCLKFreq                      0x08001d2d   Thumb Code     6  stm32f7xx_hal_rcc.o(i.HAL_RCC_GetHCLKFreq)
    HAL_RCC_GetPCLK1Freq                     0x08001d39   Thumb Code    36  stm32f7xx_hal_rcc.o(i.HAL_RCC_GetPCLK1Freq)
    HAL_RCC_GetSysClockFreq                  0x08001d65   Thumb Code   168  stm32f7xx_hal_rcc.o(i.HAL_RCC_GetSysClockFreq)
    HAL_RCC_OscConfig                        0x08001e19   Thumb Code  1252  stm32f7xx_hal_rcc.o(i.HAL_RCC_OscConfig)
    HAL_TIMEx_BreakCallback                  0x08002301   Thumb Code     2  stm32f7xx_hal_tim_ex.o(i.HAL_TIMEx_BreakCallback)
    HAL_TIMEx_CommutationCallback            0x08002303   Thumb Code     2  stm32f7xx_hal_tim_ex.o(i.HAL_TIMEx_CommutationCallback)
    HAL_TIM_Base_Init                        0x08002305   Thumb Code    52  stm32f7xx_hal_tim.o(i.HAL_TIM_Base_Init)
    HAL_TIM_Base_MspInit                     0x08002339   Thumb Code     2  stm32f7xx_hal_tim.o(i.HAL_TIM_Base_MspInit)
    HAL_TIM_Base_Start_IT                    0x0800233b   Thumb Code    30  stm32f7xx_hal_tim.o(i.HAL_TIM_Base_Start_IT)
    HAL_TIM_IC_CaptureCallback               0x08002359   Thumb Code     2  stm32f7xx_hal_tim.o(i.HAL_TIM_IC_CaptureCallback)
    HAL_TIM_IRQHandler                       0x0800235b   Thumb Code   440  stm32f7xx_hal_tim.o(i.HAL_TIM_IRQHandler)
    HAL_TIM_OC_DelayElapsedCallback          0x08002513   Thumb Code     2  stm32f7xx_hal_tim.o(i.HAL_TIM_OC_DelayElapsedCallback)
    HAL_TIM_PWM_PulseFinishedCallback        0x08002515   Thumb Code     2  stm32f7xx_hal_tim.o(i.HAL_TIM_PWM_PulseFinishedCallback)
    HAL_TIM_PeriodElapsedCallback            0x08002517   Thumb Code    10  stm32f7xx_hal_timebase_tim.o(i.HAL_TIM_PeriodElapsedCallback)
    HAL_TIM_TriggerCallback                  0x08002521   Thumb Code     2  stm32f7xx_hal_tim.o(i.HAL_TIM_TriggerCallback)
    HardFault_Handler                        0x08002525   Thumb Code    16  stm32f7xx_it.o(i.HardFault_Handler)
    LOS_Align                                0x08002539   Thumb Code    28  los_misc.o(i.LOS_Align)
    LOS_DLnkInitMultiHead                    0x08002555   Thumb Code    30  los_multipledlinkhead.o(i.LOS_DLnkInitMultiHead)
    LOS_DLnkMultiHead                        0x08002573   Thumb Code    42  los_multipledlinkhead.o(i.LOS_DLnkMultiHead)
    LOS_EnableTick                           0x0800259d   Thumb Code    12  los_config.o(i.LOS_EnableTick)
    LOS_KernelInit                           0x080025a9   Thumb Code    18  los_config.o(i.LOS_KernelInit)
    LOS_MS2Tick                              0x080027f9   Thumb Code    40  los_sys.o(i.LOS_MS2Tick)
    LOS_MemAlloc                             0x08002821   Thumb Code    58  los_memory.o(i.LOS_MemAlloc)
    LOS_MemAllocAlign                        0x0800285b   Thumb Code   108  los_memory.o(i.LOS_MemAllocAlign)
    LOS_MemFree                              0x080028c7   Thumb Code    84  los_memory.o(i.LOS_MemFree)
    LOS_MemInit                              0x0800291b   Thumb Code   166  los_memory.o(i.LOS_MemInit)
    LOS_MemboxAlloc                          0x080029c1   Thumb Code    60  los_membox.o(i.LOS_MemboxAlloc)
    LOS_MemboxFree                           0x08002a01   Thumb Code   158  los_membox.o(i.LOS_MemboxFree)
    LOS_MemboxInit                           0x08002aa5   Thumb Code   128  los_membox.o(i.LOS_MemboxInit)
    LOS_PriqueueDequeue                      0x08002b25   Thumb Code    24  los_priqueue.o(i.LOS_PriqueueDequeue)
    LOS_PriqueueEnqueue                      0x08002b3d   Thumb Code    32  los_priqueue.o(i.LOS_PriqueueEnqueue)
    LOS_PriqueueSize                         0x08002b61   Thumb Code    36  los_priqueue.o(i.LOS_PriqueueSize)
    LOS_PriqueueTop                          0x08002b89   Thumb Code    54  los_priqueue.o(i.LOS_PriqueueTop)
    LOS_QueueCreate                          0x08002bc5   Thumb Code   118  los_queue.o(i.LOS_QueueCreate)
    LOS_QueueDelete                          0x08002c41   Thumb Code   162  los_queue.o(i.LOS_QueueDelete)
    LOS_QueueRead                            0x08002cf1   Thumb Code   282  los_queue.o(i.LOS_QueueRead)
    LOS_QueueWrite                           0x08002e21   Thumb Code   284  los_queue.o(i.LOS_QueueWrite)
    LOS_Schedule                             0x08002f51   Thumb Code    56  los_hw.o(i.LOS_Schedule)
    LOS_SemCreate                            0x08002f91   Thumb Code    98  los_sem.o(i.LOS_SemCreate)
    LOS_SemDelete                            0x08002ffd   Thumb Code    82  los_sem.o(i.LOS_SemDelete)
    LOS_SemPend                              0x0800305d   Thumb Code   236  los_sem.o(i.LOS_SemPend)
    LOS_SemPost                              0x0800315d   Thumb Code   176  los_sem.o(i.LOS_SemPost)
    LOS_SetTickSycle                         0x08003215   Thumb Code     6  los_hw_tick.o(i.LOS_SetTickSycle)
    LOS_Start                                0x08003221   Thumb Code    12  los_config.o(i.LOS_Start)
    LOS_SwtmrCreate                          0x0800322d   Thumb Code   130  los_swtmr.o(i.LOS_SwtmrCreate)
    LOS_SwtmrDelete                          0x080032b9   Thumb Code   122  los_swtmr.o(i.LOS_SwtmrDelete)
    LOS_SwtmrStart                           0x0800333d   Thumb Code   122  los_swtmr.o(i.LOS_SwtmrStart)
    LOS_SwtmrStop                            0x080033c1   Thumb Code   120  los_swtmr.o(i.LOS_SwtmrStop)
    LOS_TaskCreate                           0x08003441   Thumb Code   140  los_task.o(i.LOS_TaskCreate)
    LOS_TaskCreateOnly                       0x080034dd   Thumb Code   368  los_task.o(i.LOS_TaskCreateOnly)
    LOS_TaskDelay                            0x08003661   Thumb Code   106  los_task.o(i.LOS_TaskDelay)
    LOS_TaskLock                             0x080036e1   Thumb Code    26  los_task.o(i.LOS_TaskLock)
    LOS_TaskUnlock                           0x08003701   Thumb Code    54  los_task.o(i.LOS_TaskUnlock)
    LOS_TaskYield                            0x0800373d   Thumb Code   118  los_task.o(i.LOS_TaskYield)
    LOS_TickCountGet                         0x080037c1   Thumb Code     6  los_sys.o(i.LOS_TickCountGet)
    LOS_TickHandler                          0x080037cd   Thumb Code    52  los_hw_tick.o(i.LOS_TickHandler)
    LosAdapIntInit                           0x08003805   Thumb Code     2  los_bsp_adapter.o(i.LosAdapIntInit)
    MemManage_Handler                        0x08003809   Thumb Code    16  stm32f7xx_it.o(i.MemManage_Handler)
    NMI_Handler                              0x0800381d   Thumb Code     2  stm32f7xx_it.o(i.NMI_Handler)
    SysTick_Handler                          0x08003859   Thumb Code    12  los_bsp_adapter.o(i.SysTick_Handler)
    SystemClock_Config                       0x08003865   Thumb Code   108  main.o(i.SystemClock_Config)
    SystemInit                               0x080038d1   Thumb Code    82  system_stm32f7xx.o(i.SystemInit)
    TIM6_DAC_IRQHandler                      0x08003935   Thumb Code    10  stm32f7xx_hal_timebase_tim.o(i.TIM6_DAC_IRQHandler)
    TIM_Base_SetConfig                       0x08003945   Thumb Code   196  stm32f7xx_hal_tim.o(i.TIM_Base_SetConfig)
    UsageFault_Handler                       0x08003a35   Thumb Code     4  stm32f7xx_it.o(i.UsageFault_Handler)
    __scatterload_copy                       0x08003a39   Thumb Code    14  handlers.o(i.__scatterload_copy)
    __scatterload_null                       0x08003a47   Thumb Code     2  handlers.o(i.__scatterload_null)
    __scatterload_zeroinit                   0x08003a49   Thumb Code    14  handlers.o(i.__scatterload_zeroinit)
    htonl                                    0x08003a57   Thumb Code    26  los_mip_inet.o(i.htonl)
    htons                                    0x08003a71   Thumb Code    12  los_mip_inet.o(i.htons)
    inet_addr                                0x08003a7d   Thumb Code   140  los_mip_inet.o(i.inet_addr)
    los_mip_add_port_to_used_list            0x08003b71   Thumb Code    54  los_mip_connect.o(i.los_mip_add_port_to_used_list)
    los_mip_arp_input                        0x08003bbd   Thumb Code   190  los_mip_arp.o(i.los_mip_arp_input)
    los_mip_arp_request                      0x08003c7d   Thumb Code   166  los_mip_arp.o(i.los_mip_arp_request)
    los_mip_arp_tab_init                     0x08003d2d   Thumb Code    14  los_mip_arp.o(i.los_mip_arp_tab_init)
    los_mip_arp_xmit                         0x08003d41   Thumb Code   168  los_mip_arp.o(i.los_mip_arp_xmit)
    los_mip_bind                             0x08003ded   Thumb Code   100  los_mip_socket.o(i.los_mip_bind)
    los_mip_checksum                         0x08003e51   Thumb Code    68  los_mip_ipv4.o(i.los_mip_checksum)
    los_mip_checksum_pseudo_ipv4             0x08003e95   Thumb Code   156  los_mip_ipv4.o(i.los_mip_checksum_pseudo_ipv4)
    los_mip_clone_conn                       0x08003f31   Thumb Code   252  los_mip_connect.o(i.los_mip_clone_conn)
    los_mip_close                            0x08004031   Thumb Code    80  los_mip_socket.o(i.los_mip_close)
    los_mip_con_send_tcp_msg                 0x0800409d   Thumb Code   122  los_mip_connect.o(i.los_mip_con_send_tcp_msg)
    los_mip_conn_bind                        0x08004117   Thumb Code    84  los_mip_connect.o(i.los_mip_conn_bind)
    los_mip_conn_is_nonblocking              0x08004291   Thumb Code    28  los_mip_connect.o(i.los_mip_conn_is_nonblocking)
    los_mip_connect                          0x080042ad   Thumb Code    66  los_mip_socket.o(i.los_mip_connect)
    los_mip_create_swtimer                   0x080042ef   Thumb Code    60  los_mip_osfunc.o(i.los_mip_create_swtimer)
    los_mip_cur_tm                           0x0800432b   Thumb Code    14  los_mip_osfunc.o(i.los_mip_cur_tm)
    los_mip_delay                            0x08004339   Thumb Code    12  los_mip_osfunc.o(i.los_mip_delay)
    los_mip_delete_conn                      0x08004345   Thumb Code   124  los_mip_connect.o(i.los_mip_delete_conn)
    los_mip_delete_timer                     0x080043c5   Thumb Code    36  los_mip_osfunc.o(i.los_mip_delete_timer)
    los_mip_delete_up_sktmsg                 0x080043e9   Thumb Code    26  los_mip_connect.o(i.los_mip_delete_up_sktmsg)
    los_mip_dev_eth_init                     0x08004405   Thumb Code    46  los_mip_ethif.o(i.los_mip_dev_eth_init)
    los_mip_do_connect                       0x08004441   Thumb Code   130  los_mip_connect.o(i.los_mip_do_connect)
    los_mip_eth_arp_output                   0x080044c3   Thumb Code    90  los_mip_ethernet.o(i.los_mip_eth_arp_output)
    los_mip_eth_input                        0x0800461d   Thumb Code   174  los_mip_ethernet.o(i.los_mip_eth_input)
    los_mip_eth_ip_output                    0x080046cb   Thumb Code   100  los_mip_ethernet.o(i.los_mip_eth_ip_output)
    los_mip_find_arp_entry                   0x08004965   Thumb Code    54  los_mip_arp.o(i.los_mip_find_arp_entry)
    los_mip_get_conn                         0x080049a1   Thumb Code    38  los_mip_connect.o(i.los_mip_get_conn)
    los_mip_get_default_if                   0x080049cd   Thumb Code     6  los_mip_netif.o(i.los_mip_get_default_if)
    los_mip_get_ip_ver                       0x080049d9   Thumb Code    14  los_mip_ethernet.o(i.los_mip_get_ip_ver)
    los_mip_get_netif_list                   0x080049e9   Thumb Code     6  los_mip_netif.o(i.los_mip_get_netif_list)
    los_mip_icmp_echo_reply                  0x08004a0d   Thumb Code    40  los_mip_icmp.o(i.los_mip_icmp_echo_reply)
    los_mip_icmp_input                       0x08004a35   Thumb Code   102  los_mip_icmp.o(i.los_mip_icmp_input)
    los_mip_init_sockets                     0x08004ac1   Thumb Code    30  los_mip_connect.o(i.los_mip_init_sockets)
    los_mip_ip_route                         0x08004ae5   Thumb Code    64  los_mip_ipv4.o(i.los_mip_ip_route)
    los_mip_ipv4_input                       0x08004b25   Thumb Code   376  los_mip_ipv4.o(i.los_mip_ipv4_input)
    los_mip_ipv4_output                      0x08004c9d   Thumb Code   208  los_mip_ipv4.o(i.los_mip_ipv4_output)
    los_mip_is_multicast                     0x08004dbf   Thumb Code    26  los_mip_ipv4.o(i.los_mip_is_multicast)
    los_mip_is_valid_timer                   0x08004dd9   Thumb Code    18  los_mip_osfunc.o(i.los_mip_is_valid_timer)
    los_mip_jump_header                      0x08004deb   Thumb Code    54  los_mip_netbuf.o(i.los_mip_jump_header)
    los_mip_lock_socket                      0x08004e21   Thumb Code    14  los_mip_connect.o(i.los_mip_lock_socket)
    los_mip_make_ipaddr                      0x08004e35   Thumb Code    58  los_mip_ipv4.o(i.los_mip_make_ipaddr)
    los_mip_mbox_fetch                       0x08004e71   Thumb Code   110  los_mip_osfunc.o(i.los_mip_mbox_fetch)
    los_mip_mbox_free                        0x08004ee5   Thumb Code    52  los_mip_osfunc.o(i.los_mip_mbox_free)
    los_mip_mbox_new                         0x08004f19   Thumb Code    54  los_mip_osfunc.o(i.los_mip_mbox_new)
    los_mip_mbox_tryfetch                    0x08004f4f   Thumb Code    24  los_mip_osfunc.o(i.los_mip_mbox_tryfetch)
    los_mip_mbox_trypost                     0x08004f69   Thumb Code   100  los_mip_osfunc.o(i.los_mip_mbox_trypost)
    los_mip_mbox_valid                       0x08004fd1   Thumb Code    16  los_mip_osfunc.o(i.los_mip_mbox_valid)
    los_mip_netif_add                        0x08004fe1   Thumb Code    42  los_mip_netif.o(i.los_mip_netif_add)
    los_mip_netif_config                     0x08005015   Thumb Code    32  los_mip_netif.o(i.los_mip_netif_config)
    los_mip_netif_up                         0x08005035   Thumb Code    32  los_mip_netif.o(i.los_mip_netif_up)
    los_mip_new_acptmsg                      0x08005055   Thumb Code    38  los_mip_connect.o(i.los_mip_new_acptmsg)
    los_mip_new_conn                         0x0800507d   Thumb Code   196  los_mip_connect.o(i.los_mip_new_conn)
    los_mip_new_delmsg                       0x08005145   Thumb Code    44  los_mip_connect.o(i.los_mip_new_delmsg)
    los_mip_new_up_sktmsg                    0x08005175   Thumb Code    60  los_mip_connect.o(i.los_mip_new_up_sktmsg)
    los_mip_port_is_used                     0x080051b1   Thumb Code    32  los_mip_connect.o(i.los_mip_port_is_used)
    los_mip_random                           0x080051d5   Thumb Code    36  los_mip_osfunc.o(i.los_mip_random)
    los_mip_sem_free                         0x08005221   Thumb Code    18  los_mip_osfunc.o(i.los_mip_sem_free)
    los_mip_sem_new                          0x08005233   Thumb Code    36  los_mip_osfunc.o(i.los_mip_sem_new)
    los_mip_sem_signal                       0x08005257   Thumb Code    14  los_mip_osfunc.o(i.los_mip_sem_signal)
    los_mip_sem_wait                         0x08005265   Thumb Code    92  los_mip_osfunc.o(i.los_mip_sem_wait)
    los_mip_set_default_if                   0x080052c1   Thumb Code     6  los_mip_netif.o(i.los_mip_set_default_if)
    los_mip_set_ip_ver                       0x080052cd   Thumb Code    16  los_mip_ethernet.o(i.los_mip_set_ip_ver)
    los_mip_snd_acptmsg_to_listener          0x080052dd   Thumb Code    52  los_mip_connect.o(i.los_mip_snd_acptmsg_to_listener)
    los_mip_snd_delmsg                       0x08005311   Thumb Code   114  los_mip_connect.o(i.los_mip_snd_delmsg)
    los_mip_snd_msg_to_con                   0x08005383   Thumb Code    48  los_mip_connect.o(i.los_mip_snd_msg_to_con)
    los_mip_socket                           0x080053b3   Thumb Code    90  los_mip_socket.o(i.los_mip_socket)
    los_mip_start_timer                      0x0800540d   Thumb Code    36  los_mip_osfunc.o(i.los_mip_start_timer)
    los_mip_stop_timer                       0x08005431   Thumb Code    36  los_mip_osfunc.o(i.los_mip_stop_timer)
    los_mip_tcp_add_seg_recieved             0x08005455   Thumb Code    64  los_mip_tcp.o(i.los_mip_tcp_add_seg_recieved)
    los_mip_tcp_add_seg_unacked              0x08005495   Thumb Code    50  los_mip_tcp.o(i.los_mip_tcp_add_seg_unacked)
    los_mip_tcp_check_send_now               0x080054c7   Thumb Code   112  los_mip_tcp.o(i.los_mip_tcp_check_send_now)
    los_mip_tcp_close                        0x08005537   Thumb Code   118  los_mip_connect.o(i.los_mip_tcp_close)
    los_mip_tcp_create_recvseg               0x08005639   Thumb Code    88  los_mip_tcp.o(i.los_mip_tcp_create_recvseg)
    los_mip_tcp_delte_seg                    0x08005691   Thumb Code    38  los_mip_tcp.o(i.los_mip_tcp_delte_seg)
    los_mip_tcp_do_2msl_timeout              0x080056e3   Thumb Code    56  los_mip_tcp.o(i.los_mip_tcp_do_2msl_timeout)
    los_mip_tcp_do_finwait2_timeout          0x0800571b   Thumb Code    66  los_mip_tcp.o(i.los_mip_tcp_do_finwait2_timeout)
    los_mip_tcp_do_persit_timeout            0x0800575d   Thumb Code    50  los_mip_tcp.o(i.los_mip_tcp_do_persit_timeout)
    los_mip_tcp_do_retransmit                0x0800578f   Thumb Code   156  los_mip_tcp.o(i.los_mip_tcp_do_retransmit)
    los_mip_tcp_gen_isn                      0x080058db   Thumb Code     8  los_mip_tcp.o(i.los_mip_tcp_gen_isn)
    los_mip_tcp_get_conn                     0x080058e5   Thumb Code   208  los_mip_connect.o(i.los_mip_tcp_get_conn)
    los_mip_tcp_input                        0x080059d3   Thumb Code   246  los_mip_tcp.o(i.los_mip_tcp_input)
    los_mip_tcp_new_dataseg                  0x08005b45   Thumb Code   372  los_mip_tcp.o(i.los_mip_tcp_new_dataseg)
    los_mip_tcp_new_seg                      0x08005cb9   Thumb Code   392  los_mip_tcp.o(i.los_mip_tcp_new_seg)
    los_mip_tcp_process_package              0x080064ef   Thumb Code   322  los_mip_tcp.o(i.los_mip_tcp_process_package)
    los_mip_tcp_process_upper_msg            0x080066f9   Thumb Code   156  los_mip_tcp.o(i.los_mip_tcp_process_upper_msg)
    los_mip_tcp_remove_seg_unacked           0x08006813   Thumb Code    52  los_mip_tcp.o(i.los_mip_tcp_remove_seg_unacked)
    los_mip_tcp_send_fin                     0x080068ad   Thumb Code   114  los_mip_tcp.o(i.los_mip_tcp_send_fin)
    los_mip_tcp_send_paylaod                 0x0800691f   Thumb Code   112  los_mip_tcp.o(i.los_mip_tcp_send_paylaod)
    los_mip_tcp_send_syn                     0x08006ac9   Thumb Code   154  los_mip_tcp.o(i.los_mip_tcp_send_syn)
    los_mip_tcp_task                         0x08006e79   Thumb Code    52  main.o(i.los_mip_tcp_task)
    los_mip_tcp_timer_callback               0x08006ebd   Thumb Code   216  los_mip_tcp.o(i.los_mip_tcp_timer_callback)
    los_mip_tcp_write                        0x08006f95   Thumb Code   222  los_mip_connect.o(i.los_mip_tcp_write)
    los_mip_tcpip_init                       0x080070c1   Thumb Code    52  los_mip_tcpip_core.o(i.los_mip_tcpip_init)
    los_mip_tcpip_inpkt                      0x08007109   Thumb Code    98  los_mip_tcpip_core.o(i.los_mip_tcpip_inpkt)
    los_mip_tcpip_snd_msg                    0x08007175   Thumb Code    24  los_mip_tcpip_core.o(i.los_mip_tcpip_snd_msg)
    los_mip_test_tcp                         0x0800730d   Thumb Code   196  main.o(i.los_mip_test_tcp)
    los_mip_thread_new                       0x080073e5   Thumb Code    70  los_mip_osfunc.o(i.los_mip_thread_new)
    los_mip_udp_bind                         0x0800742b   Thumb Code    58  los_mip_connect.o(i.los_mip_udp_bind)
    los_mip_udp_input                        0x08007465   Thumb Code   272  los_mip_udp.o(i.los_mip_udp_input)
    los_mip_unlock_socket                    0x08007575   Thumb Code    12  los_mip_connect.o(i.los_mip_unlock_socket)
    los_mip_update_arp_tab                   0x08007585   Thumb Code   170  los_mip_arp.o(i.los_mip_update_arp_tab)
    los_mip_walk_con                         0x08007635   Thumb Code    74  los_mip_connect.o(i.los_mip_walk_con)
    los_mip_write                            0x08007755   Thumb Code   114  los_mip_socket.o(i.los_mip_write)
    los_mpools_free                          0x080077c9   Thumb Code    44  los_mip_mem.o(i.los_mpools_free)
    los_mpools_init                          0x080077f9   Thumb Code   110  los_mip_mem.o(i.los_mpools_init)
    los_mpools_malloc                        0x0800787d   Thumb Code    34  los_mip_mem.o(i.los_mpools_malloc)
    main                                     0x080078a5   Thumb Code    46  main.o(i.main)
    netbuf_alloc                             0x080078d3   Thumb Code    94  los_mip_netbuf.o(i.netbuf_alloc)
    netbuf_free                              0x08007931   Thumb Code    26  los_mip_netbuf.o(i.netbuf_free)
    netbuf_get_if_queued                     0x0800794d   Thumb Code    38  los_mip_netbuf.o(i.netbuf_get_if_queued)
    netbuf_que_for_arp                       0x08007979   Thumb Code    80  los_mip_netbuf.o(i.netbuf_que_for_arp)
    netbuf_remove_queued                     0x080079cd   Thumb Code    44  los_mip_netbuf.o(i.netbuf_remove_queued)
    osHwiDefaultHandler                      0x080079fd   Thumb Code     8  los_hwi.o(i.osHwiDefaultHandler)
    osHwiInit                                0x08007a05   Thumb Code    26  los_hwi.o(i.osHwiInit)
    osIdleTask                               0x08007a29   Thumb Code     4  los_task.o(i.osIdleTask)
    osIdleTaskCreate                         0x08007a2d   Thumb Code    54  los_task.o(i.osIdleTaskCreate)
    osIntNumGet                              0x08007a79   Thumb Code    12  los_hwi.o(i.osIntNumGet)
    osMain                                   0x08007a85   Thumb Code   108  los_config.o(i.osMain)
    osMemSystemInit                          0x08007dc9   Thumb Code    26  los_memory.o(i.osMemSystemInit)
    osMuxInit                                0x08007ded   Thumb Code    74  los_mux.o(i.osMuxInit)
    osPriqueueInit                           0x08007e49   Thumb Code    64  los_priqueue.o(i.osPriqueueInit)
    osQueueCreate                            0x08007e91   Thumb Code   100  los_queue.o(i.osQueueCreate)
    osQueueInit                              0x08007f01   Thumb Code    44  los_queue.o(i.osQueueInit)
    osRegister                               0x08008019   Thumb Code    14  los_config.o(i.osRegister)
    osSchedule                               0x08008035   Thumb Code     8  los_hw.o(i.osSchedule)
    osSemInit                                0x0800803d   Thumb Code    70  los_sem.o(i.osSemInit)
    osSwTmrInit                              0x08008095   Thumb Code   142  los_swtmr.o(i.osSwTmrInit)
    osSwTmrStart                             0x08008141   Thumb Code    92  los_swtmr.o(i.osSwTmrStart)
    osSwTmrTask                              0x080081a1   Thumb Code    70  los_swtmr.o(i.osSwTmrTask)
    osSwTmrTaskCreate                        0x080081f1   Thumb Code    52  los_swtmr.o(i.osSwTmrTaskCreate)
    osSwtmrScan                              0x080082d9   Thumb Code    32  los_swtmr.o(i.osSwtmrScan)
    osSwtmrStop                              0x080082fd   Thumb Code    66  los_swtmr.o(i.osSwtmrStop)
    osTaskAdd2TimerList                      0x08008345   Thumb Code   188  los_task.o(i.osTaskAdd2TimerList)
    osTaskEntry                              0x08008405   Thumb Code   154  los_task.o(i.osTaskEntry)
    osTaskExit                               0x080084a9   Thumb Code     8  los_hw.o(i.osTaskExit)
    osTaskInit                               0x080084b1   Thumb Code   258  los_task.o(i.osTaskInit)
    osTaskMemUsedDec                         0x080085d9   Thumb Code    40  los_memstat.o(i.osTaskMemUsedDec)
    osTaskMemUsedInc                         0x0800860d   Thumb Code    48  los_memstat.o(i.osTaskMemUsedInc)
    osTaskScan                               0x08008649   Thumb Code   214  los_task.o(i.osTaskScan)
    osTaskSelfDelete                         0x08008725   Thumb Code   236  los_task.o(i.osTaskSelfDelete)
    osTickHandler                            0x08008821   Thumb Code    34  los_tick.o(i.osTickHandler)
    osTickStart                              0x08008849   Thumb Code    92  los_bsp_adapter.o(i.osTickStart)
    osTimerListDelete                        0x080088b5   Thumb Code    66  los_task.o(i.osTimerListDelete)
    osTimesliceCheck                         0x080088fd   Thumb Code    64  los_timeslice.o(i.osTimesliceCheck)
    osTimesliceInit                          0x08008949   Thumb Code    12  los_timeslice.o(i.osTimesliceInit)
    osTskStackInit                           0x08008959   Thumb Code   306  los_hw.o(i.osTskStackInit)
    sys_clk_freq                             0x08008a98   Data           4  los_bsp_adapter.o(.constdata)
    tick_per_second                          0x08008a9c   Data           4  los_bsp_adapter.o(.constdata)
    g_use_ram_vect                           0x08008aa0   Data           1  los_bsp_adapter.o(.constdata)
    GPIO_PIN                                 0x08008aa2   Data           6  stm32f7xx_nucleo_144.o(.constdata)
    BUTTON_PIN                               0x08008aa8   Data           2  stm32f7xx_nucleo_144.o(.constdata)
    BUTTON_IRQn                              0x08008aaa   Data           1  stm32f7xx_nucleo_144.o(.constdata)
    AHBPrescTable                            0x08008aab   Data          16  system_stm32f7xx.o(.constdata)
    APBPrescTable                            0x08008abb   Data           8  system_stm32f7xx.o(.constdata)
    __ctype_categories                       0x08008ac3   Data          64  ctype_c.o(.constdata)
    Region$$Table$$Base                      0x08008b04   Number         0  anon$$obj.o(Region$$Table)
    Region$$Table$$Limit                     0x08008b24   Number         0  anon$$obj.o(Region$$Table)
    g_pstLosPriorityQueueList                0x20000000   Data           4  los_priqueue.o(.data)
    m_pstSwtmrCBArray                        0x20000008   Data           4  los_swtmr.o(.data)
    m_pstSwtmrFreeList                       0x2000000c   Data           4  los_swtmr.o(.data)
    m_pstSwtmrSortList                       0x20000010   Data           4  los_swtmr.o(.data)
    g_pstTaskCBArray                         0x20000014   Data           4  los_task.o(.data)
    g_stLosTask                              0x20000018   Data           8  los_task.o(.data)
    g_usLosTaskLock                          0x20000020   Data           2  los_task.o(.data)
    g_uwTskMaxNum                            0x20000024   Data           4  los_task.o(.data)
    g_uwIdleTaskID                           0x20000028   Data           4  los_task.o(.data)
    g_uwSwtmrTaskID                          0x2000002c   Data           4  los_task.o(.data)
    g_stTaskTimerList                        0x20000030   Data           8  los_task.o(.data)
    g_stLosFreeTask                          0x20000038   Data           8  los_task.o(.data)
    g_stTskRecyleList                        0x20000040   Data           8  los_task.o(.data)
    g_stTskSortLink                          0x20000048   Data           8  los_task.o(.data)
    g_bTaskScheduled                         0x20000050   Data           4  los_task.o(.data)
    g_pfnTskSwitchHook                       0x20000054   Data           4  los_task.o(.data)
    g_ullTickCount                           0x20000058   Data           8  los_tick.o(.data)
    g_uwTicksPerSec                          0x20000060   Data           4  los_tick.o(.data)
    g_uwCyclePerSec                          0x20000064   Data           4  los_tick.o(.data)
    g_stTaskTimeSlice                        0x20000068   Data           8  los_timeslice.o(.data)
    g_pstAllMux                              0x20000070   Data           4  los_mux.o(.data)
    g_stUnusedMuxList                        0x20000074   Data           8  los_mux.o(.data)
    g_pstAllQueue                            0x2000007c   Data           4  los_queue.o(.data)
    g_stUnusedSemList                        0x20000080   Data           8  los_sem.o(.data)
    g_pstAllSem                              0x20000088   Data           4  los_sem.o(.data)
    g_uwCyclesPerTick                        0x2000008c   Data           4  los_hw_tick.o(.data)
    g_vuwIntCount                            0x20000090   Data           4  los_hwi.o(.data)
    m_aucSysMem0                             0x20000094   Data           4  los_config.o(.data)
    g_sys_mem_addr_end                       0x20000098   Data           4  los_config.o(.data)
    GPIO_PORT                                0x200000a0   Data          12  stm32f7xx_nucleo_144.o(.data)
    BUTTON_PORT                              0x200000ac   Data           4  stm32f7xx_nucleo_144.o(.data)
    SpixTimeout                              0x200000b0   Data           4  stm32f7xx_nucleo_144.o(.data)
    uwTick                                   0x200000b4   Data           4  stm32f7xx_hal.o(.data)
    SystemCoreClock                          0x200000b8   Data           4  system_stm32f7xx.o(.data)
    g_netif_list                             0x200000cc   Data           4  los_mip_netif.o(.data)
    g_if_default                             0x200000d0   Data           4  los_mip_netif.o(.data)
    m_pstHwiForm                             0x200000f0   Data        1024  los_hwi.o(.vector.bss)
    m_aucSwTmrHandlerPool                    0x200004f0   Data         208  los_swtmr.o(.bss)
    g_ucMemStart                             0x200005c0   Data       32768  los_memory.o(.bss)
    g_TskMemUsedInfo                         0x200085c0   Data          64  los_memstat.o(.bss)
    TimHandle                                0x20008600   Data          64  stm32f7xx_hal_timebase_tim.o(.bss)
    DMARxDscrTab                             0x2000873c   Data         128  los_mip_ethif.o(.bss)
    DMATxDscrTab                             0x200087bc   Data         128  los_mip_ethif.o(.bss)
    Rx_Buff                                  0x2000883c   Data        6096  los_mip_ethif.o(.bss)
    Tx_Buff                                  0x2000a00c   Data        6096  los_mip_ethif.o(.bss)
    EthHandle                                0x2000b7dc   Data          72  los_mip_ethif.o(.bss)
    g_pool_pkgbuf                            0x2000b824   Data        4096  los_mip_mem.o(.bss)
    g_pool_msgs                              0x2000c824   Data         512  los_mip_mem.o(.bss)
    g_pool_sockets                           0x2000ca24   Data        1024  los_mip_mem.o(.bss)
    g_pool_tcp                               0x2000ce24   Data        1024  los_mip_mem.o(.bss)
    g_mpools_p                               0x2000d224   Data          16  los_mip_mem.o(.bss)
    g_stm32f746                              0x2000d234   Data          48  main.o(.bss)
    testbuf                                  0x2000d264   Data         100  main.o(.bss)
    __initial_sp                             0x2000d728   Data           0  startup_stm32f746xx.o(STACK)



==============================================================================

Memory Map of the image

  Image Entry point : 0x080001c9

  Load Region LR_IROM1 (Base: 0x08000000, Size: 0x00009014, Max: 0x00100000, ABSOLUTE, COMPRESSED[0x00008b58])

    Execution Region ER_IROM1 (Base: 0x08000000, Size: 0x00008b24, Max: 0x00100000, ABSOLUTE)

    Base Addr    Size         Type   Attr      Idx    E Section Name        Object

    0x08000000   0x000001c8   Data   RO         8656    RESET               startup_stm32f746xx.o
    0x080001c8   0x00000000   Code   RO         8812  * .ARM.Collect$$$$00000000  mc_w.l(entry.o)
    0x080001c8   0x00000004   Code   RO         9131    .ARM.Collect$$$$00000001  mc_w.l(entry2.o)
    0x080001cc   0x00000004   Code   RO         9134    .ARM.Collect$$$$00000004  mc_w.l(entry5.o)
    0x080001d0   0x00000000   Code   RO         9136    .ARM.Collect$$$$00000008  mc_w.l(entry7b.o)
    0x080001d0   0x00000000   Code   RO         9138    .ARM.Collect$$$$0000000A  mc_w.l(entry8b.o)
    0x080001d0   0x00000008   Code   RO         9139    .ARM.Collect$$$$0000000B  mc_w.l(entry9a.o)
    0x080001d8   0x00000000   Code   RO         9141    .ARM.Collect$$$$0000000D  mc_w.l(entry10a.o)
    0x080001d8   0x00000000   Code   RO         9143    .ARM.Collect$$$$0000000F  mc_w.l(entry11a.o)
    0x080001d8   0x00000004   Code   RO         9132    .ARM.Collect$$$$00002712  mc_w.l(entry2.o)
    0x080001dc   0x000000ec   Code   RO         1220    .text               los_dispatch_keil.o
    0x080002c8   0x00000024   Code   RO         8657    .text               startup_stm32f746xx.o
    0x080002ec   0x00000062   Code   RO         8815    .text               mc_w.l(uldiv.o)
    0x0800034e   0x00000002   PAD
    0x08000350   0x00000024   Code   RO         8817    .text               mc_w.l(rand.o)
    0x08000374   0x00000024   Code   RO         8820    .text               mc_w.l(memcpya.o)
    0x08000398   0x00000024   Code   RO         8822    .text               mc_w.l(memseta.o)
    0x080003bc   0x00000038   Code   RO         9119    .text               mc_w.l(__0sscanf.o)
    0x080003f4   0x0000014c   Code   RO         9121    .text               mc_w.l(_scanf_int.o)
    0x08000540   0x0000001e   Code   RO         9150    .text               mc_w.l(llshl.o)
    0x0800055e   0x00000020   Code   RO         9152    .text               mc_w.l(llushr.o)
    0x0800057e   0x0000001c   Code   RO         9156    .text               mc_w.l(_chval.o)
    0x0800059a   0x00000002   PAD
    0x0800059c   0x00000028   Code   RO         9158    .text               mc_w.l(scanf_char.o)
    0x080005c4   0x00000040   Code   RO         9160    .text               mc_w.l(_sgetc.o)
    0x08000604   0x00000024   Code   RO         9171    .text               mc_w.l(init.o)
    0x08000628   0x0000000a   Code   RO         9176    .text               mc_w.l(isspace_c.o)
    0x08000632   0x00000002   PAD
    0x08000634   0x0000032c   Code   RO         9178    .text               mc_w.l(_scanf.o)
    0x08000960   0x00000028   Code   RO         9181    .text               mc_w.l(ctype_c.o)
    0x08000988   0x00000056   Code   RO         9192    .text               mc_w.l(__dczerorl2.o)
    0x080009de   0x00000002   PAD
    0x080009e0   0x00000020   Code   RO         1958    i.BSP_LED_Toggle    stm32f7xx_nucleo_144.o
    0x08000a00   0x00000004   Code   RO         2160    i.BusFault_Handler  stm32f7xx_it.o
    0x08000a04   0x00000002   Code   RO         2161    i.DebugMon_Handler  stm32f7xx_it.o
    0x08000a06   0x00000016   Code   RO         3161    i.ETH_DMAReceptionEnable  stm32f7xx_hal_eth.o
    0x08000a1c   0x00000016   Code   RO         3163    i.ETH_DMATransmissionEnable  stm32f7xx_hal_eth.o
    0x08000a32   0x00000038   Code   RO         3164    i.ETH_FlushTransmitFIFO  stm32f7xx_hal_eth.o
    0x08000a6a   0x00000002   PAD
    0x08000a6c   0x00000010   Code   RO         2162    i.ETH_IRQHandler    stm32f7xx_it.o
    0x08000a7c   0x00000034   Code   RO         3165    i.ETH_MACAddressConfig  stm32f7xx_hal_eth.o
    0x08000ab0   0x00000244   Code   RO         3166    i.ETH_MACDMAConfig  stm32f7xx_hal_eth.o
    0x08000cf4   0x00000028   Code   RO         3168    i.ETH_MACReceptionEnable  stm32f7xx_hal_eth.o
    0x08000d1c   0x00000028   Code   RO         3170    i.ETH_MACTransmissionEnable  stm32f7xx_hal_eth.o
    0x08000d44   0x0000000c   Code   RO         2163    i.EXTI15_10_IRQHandler  stm32f7xx_it.o
    0x08000d50   0x00000058   Code   RO         8664    i.EXTI15_10_IRQHandler_Config  main.o
    0x08000da8   0x0000001a   Code   RO         2246    i.HAL_Delay         stm32f7xx_hal.o
    0x08000dc2   0x0000008c   Code   RO         3173    i.HAL_ETH_DMARxDescListInit  stm32f7xx_hal_eth.o
    0x08000e4e   0x00000084   Code   RO         3174    i.HAL_ETH_DMATxDescListInit  stm32f7xx_hal_eth.o
    0x08000ed2   0x00000002   Code   RO         3176    i.HAL_ETH_ErrorCallback  stm32f7xx_hal_eth.o
    0x08000ed4   0x000000ba   Code   RO         3178    i.HAL_ETH_GetReceivedFrame_IT  stm32f7xx_hal_eth.o
    0x08000f8e   0x000000a4   Code   RO         3180    i.HAL_ETH_IRQHandler  stm32f7xx_hal_eth.o
    0x08001032   0x00000002   PAD
    0x08001034   0x0000029c   Code   RO         3181    i.HAL_ETH_Init      stm32f7xx_hal_eth.o
    0x080012d0   0x00000130   Code   RO         7222    i.HAL_ETH_MspInit   los_mip_ethif.o
    0x08001400   0x00000092   Code   RO         3184    i.HAL_ETH_ReadPHYRegister  stm32f7xx_hal_eth.o
    0x08001492   0x00000002   PAD
    0x08001494   0x00000010   Code   RO         7223    i.HAL_ETH_RxCpltCallback  los_mip_ethif.o
    0x080014a4   0x00000052   Code   RO         3186    i.HAL_ETH_Start     stm32f7xx_hal_eth.o
    0x080014f6   0x0000013e   Code   RO         3188    i.HAL_ETH_TransmitFrame  stm32f7xx_hal_eth.o
    0x08001634   0x00000002   Code   RO         3189    i.HAL_ETH_TxCpltCallback  stm32f7xx_hal_eth.o
    0x08001636   0x00000090   Code   RO         3190    i.HAL_ETH_WritePHYRegister  stm32f7xx_hal_eth.o
    0x080016c6   0x00000012   Code   RO         1807    i.HAL_GPIO_EXTI_Callback  los_bsp_key.o
    0x080016d8   0x0000001c   Code   RO         5479    i.HAL_GPIO_EXTI_IRQHandler  stm32f7xx_hal_gpio.o
    0x080016f4   0x00000218   Code   RO         5480    i.HAL_GPIO_Init     stm32f7xx_hal_gpio.o
    0x0800190c   0x00000008   Code   RO         5483    i.HAL_GPIO_TogglePin  stm32f7xx_hal_gpio.o
    0x08001914   0x0000000c   Code   RO         2254    i.HAL_GetTick       stm32f7xx_hal.o
    0x08001920   0x00000010   Code   RO         2255    i.HAL_IncTick       stm32f7xx_hal.o
    0x08001930   0x00000020   Code   RO         2256    i.HAL_Init          stm32f7xx_hal.o
    0x08001950   0x00000094   Code   RO         2109    i.HAL_InitTick      stm32f7xx_hal_timebase_tim.o
    0x080019e4   0x00000002   Code   RO         2259    i.HAL_MspInit       stm32f7xx_hal.o
    0x080019e6   0x0000001a   Code   RO         2403    i.HAL_NVIC_EnableIRQ  stm32f7xx_hal_cortex.o
    0x08001a00   0x0000007c   Code   RO         2409    i.HAL_NVIC_SetPriority  stm32f7xx_hal_cortex.o
    0x08001a7c   0x00000028   Code   RO         2410    i.HAL_NVIC_SetPriorityGrouping  stm32f7xx_hal_cortex.o
    0x08001aa4   0x00000090   Code   RO         5823    i.HAL_PWREx_EnableOverDrive  stm32f7xx_hal_pwr_ex.o
    0x08001b34   0x000001b4   Code   RO         2796    i.HAL_RCC_ClockConfig  stm32f7xx_hal_rcc.o
    0x08001ce8   0x00000044   Code   RO         2800    i.HAL_RCC_GetClockConfig  stm32f7xx_hal_rcc.o
    0x08001d2c   0x0000000c   Code   RO         2801    i.HAL_RCC_GetHCLKFreq  stm32f7xx_hal_rcc.o
    0x08001d38   0x0000002c   Code   RO         2803    i.HAL_RCC_GetPCLK1Freq  stm32f7xx_hal_rcc.o
    0x08001d64   0x000000b4   Code   RO         2805    i.HAL_RCC_GetSysClockFreq  stm32f7xx_hal_rcc.o
    0x08001e18   0x000004e8   Code   RO         2808    i.HAL_RCC_OscConfig  stm32f7xx_hal_rcc.o
    0x08002300   0x00000002   Code   RO         4590    i.HAL_TIMEx_BreakCallback  stm32f7xx_hal_tim_ex.o
    0x08002302   0x00000002   Code   RO         4591    i.HAL_TIMEx_CommutationCallback  stm32f7xx_hal_tim_ex.o
    0x08002304   0x00000034   Code   RO         3355    i.HAL_TIM_Base_Init  stm32f7xx_hal_tim.o
    0x08002338   0x00000002   Code   RO         3357    i.HAL_TIM_Base_MspInit  stm32f7xx_hal_tim.o
    0x0800233a   0x0000001e   Code   RO         3360    i.HAL_TIM_Base_Start_IT  stm32f7xx_hal_tim.o
    0x08002358   0x00000002   Code   RO         3384    i.HAL_TIM_IC_CaptureCallback  stm32f7xx_hal_tim.o
    0x0800235a   0x000001b8   Code   RO         3397    i.HAL_TIM_IRQHandler  stm32f7xx_hal_tim.o
    0x08002512   0x00000002   Code   RO         3400    i.HAL_TIM_OC_DelayElapsedCallback  stm32f7xx_hal_tim.o
    0x08002514   0x00000002   Code   RO         3427    i.HAL_TIM_PWM_PulseFinishedCallback  stm32f7xx_hal_tim.o
    0x08002516   0x0000000a   Code   RO         2112    i.HAL_TIM_PeriodElapsedCallback  stm32f7xx_hal_timebase_tim.o
    0x08002520   0x00000002   Code   RO         3438    i.HAL_TIM_TriggerCallback  stm32f7xx_hal_tim.o
    0x08002522   0x00000002   PAD
    0x08002524   0x00000014   Code   RO         2164    i.HardFault_Handler  stm32f7xx_it.o
    0x08002538   0x0000001c   Code   RO         1088    i.LOS_Align         los_misc.o
    0x08002554   0x0000001e   Code   RO         1056    i.LOS_DLnkInitMultiHead  los_multipledlinkhead.o
    0x08002572   0x0000002a   Code   RO         1057    i.LOS_DLnkMultiHead  los_multipledlinkhead.o
    0x0800259c   0x0000000c   Code   RO         1224    i.LOS_EnableTick    los_config.o
    0x080025a8   0x00000012   Code   RO         1225    i.LOS_KernelInit    los_config.o
    0x080025ba   0x0000000e   Code   RO          320    i.LOS_ListAdd       los_task.o
    0x080025c8   0x0000000e   Code   RO          620    i.LOS_ListAdd       los_mux.o
    0x080025d6   0x0000000e   Code   RO          694    i.LOS_ListAdd       los_queue.o
    0x080025e4   0x0000000e   Code   RO          799    i.LOS_ListAdd       los_sem.o
    0x080025f2   0x0000000e   Code   RO          902    i.LOS_ListAdd       los_memory.o
    0x08002600   0x00000014   Code   RO          321    i.LOS_ListDelete    los_task.o
    0x08002614   0x00000014   Code   RO          800    i.LOS_ListDelete    los_sem.o
    0x08002628   0x00000014   Code   RO          903    i.LOS_ListDelete    los_memory.o
    0x0800263c   0x00000010   Code   RO          322    i.LOS_ListEmpty     los_task.o
    0x0800264c   0x00000010   Code   RO          695    i.LOS_ListEmpty     los_queue.o
    0x0800265c   0x00000010   Code   RO          801    i.LOS_ListEmpty     los_sem.o
    0x0800266c   0x00000006   Code   RO          323    i.LOS_ListInit      los_task.o
    0x08002672   0x00000006   Code   RO          623    i.LOS_ListInit      los_mux.o
    0x08002678   0x00000006   Code   RO          696    i.LOS_ListInit      los_queue.o
    0x0800267e   0x00000006   Code   RO          802    i.LOS_ListInit      los_sem.o
    0x08002684   0x00000010   Code   RO          324    i.LOS_ListTailInsert  los_task.o
    0x08002694   0x00000010   Code   RO          624    i.LOS_ListTailInsert  los_mux.o
    0x080026a4   0x00000010   Code   RO          803    i.LOS_ListTailInsert  los_sem.o
    0x080026b4   0x00000144   Code   RO         1058    i.LOS_Log2          los_multipledlinkhead.o
    0x080027f8   0x00000028   Code   RO          249    i.LOS_MS2Tick       los_sys.o
    0x08002820   0x0000003a   Code   RO          904    i.LOS_MemAlloc      los_memory.o
    0x0800285a   0x0000006c   Code   RO          905    i.LOS_MemAllocAlign  los_memory.o
    0x080028c6   0x00000054   Code   RO          906    i.LOS_MemFree       los_memory.o
    0x0800291a   0x000000a6   Code   RO          907    i.LOS_MemInit       los_memory.o
    0x080029c0   0x00000040   Code   RO          869    i.LOS_MemboxAlloc   los_membox.o
    0x08002a00   0x000000a4   Code   RO          871    i.LOS_MemboxFree    los_membox.o
    0x08002aa4   0x00000080   Code   RO          872    i.LOS_MemboxInit    los_membox.o
    0x08002b24   0x00000018   Code   RO            1    i.LOS_PriqueueDequeue  los_priqueue.o
    0x08002b3c   0x00000024   Code   RO            2    i.LOS_PriqueueEnqueue  los_priqueue.o
    0x08002b60   0x00000028   Code   RO            3    i.LOS_PriqueueSize  los_priqueue.o
    0x08002b88   0x0000003c   Code   RO            4    i.LOS_PriqueueTop   los_priqueue.o
    0x08002bc4   0x0000007c   Code   RO          697    i.LOS_QueueCreate   los_queue.o
    0x08002c40   0x000000b0   Code   RO          698    i.LOS_QueueDelete   los_queue.o
    0x08002cf0   0x00000130   Code   RO          699    i.LOS_QueueRead     los_queue.o
    0x08002e20   0x00000130   Code   RO          700    i.LOS_QueueWrite    los_queue.o
    0x08002f50   0x00000040   Code   RO         1106    i.LOS_Schedule      los_hw.o
    0x08002f90   0x0000006c   Code   RO          804    i.LOS_SemCreate     los_sem.o
    0x08002ffc   0x00000060   Code   RO          805    i.LOS_SemDelete     los_sem.o
    0x0800305c   0x00000100   Code   RO          806    i.LOS_SemPend       los_sem.o
    0x0800315c   0x000000b8   Code   RO          807    i.LOS_SemPost       los_sem.o
    0x08003214   0x0000000c   Code   RO         1137    i.LOS_SetTickSycle  los_hw_tick.o
    0x08003220   0x0000000c   Code   RO         1226    i.LOS_Start         los_config.o
    0x0800322c   0x0000008c   Code   RO          111    i.LOS_SwtmrCreate   los_swtmr.o
    0x080032b8   0x00000084   Code   RO          112    i.LOS_SwtmrDelete   los_swtmr.o
    0x0800333c   0x00000084   Code   RO          113    i.LOS_SwtmrStart    los_swtmr.o
    0x080033c0   0x00000080   Code   RO          114    i.LOS_SwtmrStop     los_swtmr.o
    0x08003440   0x0000009c   Code   RO          325    i.LOS_TaskCreate    los_task.o
    0x080034dc   0x00000184   Code   RO          326    i.LOS_TaskCreateOnly  los_task.o
    0x08003660   0x00000080   Code   RO          327    i.LOS_TaskDelay     los_task.o
    0x080036e0   0x00000020   Code   RO          329    i.LOS_TaskLock      los_task.o
    0x08003700   0x0000003c   Code   RO          334    i.LOS_TaskUnlock    los_task.o
    0x0800373c   0x00000084   Code   RO          335    i.LOS_TaskYield     los_task.o
    0x080037c0   0x0000000c   Code   RO          252    i.LOS_TickCountGet  los_sys.o
    0x080037cc   0x00000038   Code   RO         1138    i.LOS_TickHandler   los_hw_tick.o
    0x08003804   0x00000002   Code   RO         1623    i.LosAdapIntInit    los_bsp_adapter.o
    0x08003806   0x00000002   PAD
    0x08003808   0x00000014   Code   RO         2165    i.MemManage_Handler  stm32f7xx_it.o
    0x0800381c   0x00000002   Code   RO         2166    i.NMI_Handler       stm32f7xx_it.o
    0x0800381e   0x00000002   PAD
    0x08003820   0x00000010   Code   RO         2416    i.NVIC_GetPriorityGrouping  stm32f7xx_hal_cortex.o
    0x08003830   0x00000028   Code   RO         2417    i.NVIC_SetPriority  stm32f7xx_hal_cortex.o
    0x08003858   0x0000000c   Code   RO         1626    i.SysTick_Handler   los_bsp_adapter.o
    0x08003864   0x0000006c   Code   RO         8667    i.SystemClock_Config  main.o
    0x080038d0   0x00000064   Code   RO         5910    i.SystemInit        system_stm32f7xx.o
    0x08003934   0x00000010   Code   RO         2113    i.TIM6_DAC_IRQHandler  stm32f7xx_hal_timebase_tim.o
    0x08003944   0x000000f0   Code   RO         3439    i.TIM_Base_SetConfig  stm32f7xx_hal_tim.o
    0x08003a34   0x00000004   Code   RO         2167    i.UsageFault_Handler  stm32f7xx_it.o
    0x08003a38   0x0000000e   Code   RO         9186    i.__scatterload_copy  mc_w.l(handlers.o)
    0x08003a46   0x00000002   Code   RO         9187    i.__scatterload_null  mc_w.l(handlers.o)
    0x08003a48   0x0000000e   Code   RO         9188    i.__scatterload_zeroinit  mc_w.l(handlers.o)
    0x08003a56   0x0000001a   Code   RO         6821    i.htonl             los_mip_inet.o
    0x08003a70   0x0000000c   Code   RO         6822    i.htons             los_mip_inet.o
    0x08003a7c   0x00000098   Code   RO         6823    i.inet_addr         los_mip_inet.o
    0x08003b14   0x0000005c   Code   RO         8668    i.los_config_network  main.o
    0x08003b70   0x0000003c   Code   RO         6383    i.los_mip_add_port_to_used_list  los_mip_connect.o
    0x08003bac   0x00000010   Code   RO         6290    i.los_mip_arp_for_us  los_mip_arp.o
    0x08003bbc   0x000000be   Code   RO         6291    i.los_mip_arp_input  los_mip_arp.o
    0x08003c7a   0x00000002   PAD
    0x08003c7c   0x000000b0   Code   RO         6292    i.los_mip_arp_request  los_mip_arp.o
    0x08003d2c   0x00000014   Code   RO         6293    i.los_mip_arp_tab_init  los_mip_arp.o
    0x08003d40   0x000000ac   Code   RO         6294    i.los_mip_arp_xmit  los_mip_arp.o
    0x08003dec   0x00000064   Code   RO         7026    i.los_mip_bind      los_mip_socket.o
    0x08003e50   0x00000044   Code   RO         6871    i.los_mip_checksum  los_mip_ipv4.o
    0x08003e94   0x0000009c   Code   RO         6872    i.los_mip_checksum_pseudo_ipv4  los_mip_ipv4.o
    0x08003f30   0x00000100   Code   RO         6385    i.los_mip_clone_conn  los_mip_connect.o
    0x08004030   0x00000050   Code   RO         7027    i.los_mip_close     los_mip_socket.o
    0x08004080   0x0000001c   Code   RO         6386    i.los_mip_con_new_tcp_msg  los_mip_connect.o
    0x0800409c   0x0000007a   Code   RO         6387    i.los_mip_con_send_tcp_msg  los_mip_connect.o
    0x08004116   0x00000054   Code   RO         6389    i.los_mip_conn_bind  los_mip_connect.o
    0x0800416a   0x000000bc   Code   RO         6390    i.los_mip_conn_deinit_tcpctl  los_mip_connect.o
    0x08004226   0x00000002   PAD
    0x08004228   0x00000068   Code   RO         6391    i.los_mip_conn_init_tcpctl  los_mip_connect.o
    0x08004290   0x0000001c   Code   RO         6392    i.los_mip_conn_is_nonblocking  los_mip_connect.o
    0x080042ac   0x00000042   Code   RO         7028    i.los_mip_connect   los_mip_socket.o
    0x080042ee   0x0000003c   Code   RO         7335    i.los_mip_create_swtimer  los_mip_osfunc.o
    0x0800432a   0x0000000e   Code   RO         7336    i.los_mip_cur_tm    los_mip_osfunc.o
    0x08004338   0x0000000c   Code   RO         7337    i.los_mip_delay     los_mip_osfunc.o
    0x08004344   0x00000080   Code   RO         6394    i.los_mip_delete_conn  los_mip_connect.o
    0x080043c4   0x00000024   Code   RO         7338    i.los_mip_delete_timer  los_mip_osfunc.o
    0x080043e8   0x0000001a   Code   RO         6395    i.los_mip_delete_up_sktmsg  los_mip_connect.o
    0x08004402   0x00000002   PAD
    0x08004404   0x0000003c   Code   RO         7224    i.los_mip_dev_eth_init  los_mip_ethif.o
    0x08004440   0x00000082   Code   RO         6396    i.los_mip_do_connect  los_mip_connect.o
    0x080044c2   0x0000005a   Code   RO         6748    i.los_mip_eth_arp_output  los_mip_ethernet.o
    0x0800451c   0x00000100   Code   RO         7225    i.los_mip_eth_hw_init  los_mip_ethif.o
    0x0800461c   0x000000ae   Code   RO         6749    i.los_mip_eth_input  los_mip_ethernet.o
    0x080046ca   0x00000064   Code   RO         6750    i.los_mip_eth_ip_output  los_mip_ethernet.o
    0x0800472e   0x00000002   PAD
    0x08004730   0x00000108   Code   RO         7226    i.los_mip_eth_pktin  los_mip_ethif.o
    0x08004838   0x000000e8   Code   RO         7227    i.los_mip_eth_xmit  los_mip_ethif.o
    0x08004920   0x00000044   Code   RO         7228    i.los_mip_ethif_input_task  los_mip_ethif.o
    0x08004964   0x0000003c   Code   RO         6295    i.los_mip_find_arp_entry  los_mip_arp.o
    0x080049a0   0x0000002c   Code   RO         6398    i.los_mip_get_conn  los_mip_connect.o
    0x080049cc   0x0000000c   Code   RO         6965    i.los_mip_get_default_if  los_mip_netif.o
    0x080049d8   0x0000000e   Code   RO         6751    i.los_mip_get_ip_ver  los_mip_ethernet.o
    0x080049e6   0x00000002   PAD
    0x080049e8   0x0000000c   Code   RO         6966    i.los_mip_get_netif_list  los_mip_netif.o
    0x080049f4   0x00000018   Code   RO         7138    i.los_mip_get_wmsgs_head_tm  los_mip_tcpip_core.o
    0x08004a0c   0x00000028   Code   RO         6794    i.los_mip_icmp_echo_reply  los_mip_icmp.o
    0x08004a34   0x00000066   Code   RO         6795    i.los_mip_icmp_input  los_mip_icmp.o
    0x08004a9a   0x00000002   PAD
    0x08004a9c   0x00000024   Code   RO         7139    i.los_mip_init_arp_wlist  los_mip_tcpip_core.o
    0x08004ac0   0x00000024   Code   RO         6399    i.los_mip_init_sockets  los_mip_connect.o
    0x08004ae4   0x00000040   Code   RO         6873    i.los_mip_ip_route  los_mip_ipv4.o
    0x08004b24   0x00000178   Code   RO         6874    i.los_mip_ipv4_input  los_mip_ipv4.o
    0x08004c9c   0x000000d4   Code   RO         6875    i.los_mip_ipv4_output  los_mip_ipv4.o
    0x08004d70   0x00000022   Code   RO         6752    i.los_mip_is_broadcast_mac  los_mip_ethernet.o
    0x08004d92   0x0000002c   Code   RO         6753    i.los_mip_is_dst_to_us  los_mip_ethernet.o
    0x08004dbe   0x0000001a   Code   RO         6876    i.los_mip_is_multicast  los_mip_ipv4.o
    0x08004dd8   0x00000012   Code   RO         7339    i.los_mip_is_valid_timer  los_mip_osfunc.o
    0x08004dea   0x00000036   Code   RO         6921    i.los_mip_jump_header  los_mip_netbuf.o
    0x08004e20   0x00000014   Code   RO         6400    i.los_mip_lock_socket  los_mip_connect.o
    0x08004e34   0x0000003a   Code   RO         6877    i.los_mip_make_ipaddr  los_mip_ipv4.o
    0x08004e6e   0x00000002   PAD
    0x08004e70   0x00000074   Code   RO         7340    i.los_mip_mbox_fetch  los_mip_osfunc.o
    0x08004ee4   0x00000034   Code   RO         7341    i.los_mip_mbox_free  los_mip_osfunc.o
    0x08004f18   0x00000036   Code   RO         7344    i.los_mip_mbox_new  los_mip_osfunc.o
    0x08004f4e   0x00000018   Code   RO         7347    i.los_mip_mbox_tryfetch  los_mip_osfunc.o
    0x08004f66   0x00000002   PAD
    0x08004f68   0x00000068   Code   RO         7348    i.los_mip_mbox_trypost  los_mip_osfunc.o
    0x08004fd0   0x00000010   Code   RO         7349    i.los_mip_mbox_valid  los_mip_osfunc.o
    0x08004fe0   0x00000034   Code   RO         6967    i.los_mip_netif_add  los_mip_netif.o
    0x08005014   0x00000020   Code   RO         6968    i.los_mip_netif_config  los_mip_netif.o
    0x08005034   0x00000020   Code   RO         6971    i.los_mip_netif_up  los_mip_netif.o
    0x08005054   0x00000026   Code   RO         6401    i.los_mip_new_acptmsg  los_mip_connect.o
    0x0800507a   0x00000002   PAD
    0x0800507c   0x000000c8   Code   RO         6402    i.los_mip_new_conn  los_mip_connect.o
    0x08005144   0x00000030   Code   RO         6403    i.los_mip_new_delmsg  los_mip_connect.o
    0x08005174   0x0000003c   Code   RO         6405    i.los_mip_new_up_sktmsg  los_mip_connect.o
    0x080051b0   0x00000024   Code   RO         6406    i.los_mip_port_is_used  los_mip_connect.o
    0x080051d4   0x00000024   Code   RO         7355    i.los_mip_random    los_mip_osfunc.o
    0x080051f8   0x00000028   Code   RO         7140    i.los_mip_repos_payload  los_mip_tcpip_core.o
    0x08005220   0x00000012   Code   RO         7356    i.los_mip_sem_free  los_mip_osfunc.o
    0x08005232   0x00000024   Code   RO         7357    i.los_mip_sem_new   los_mip_osfunc.o
    0x08005256   0x0000000e   Code   RO         7359    i.los_mip_sem_signal  los_mip_osfunc.o
    0x08005264   0x0000005c   Code   RO         7361    i.los_mip_sem_wait  los_mip_osfunc.o
    0x080052c0   0x0000000c   Code   RO         6972    i.los_mip_set_default_if  los_mip_netif.o
    0x080052cc   0x00000010   Code   RO         6754    i.los_mip_set_ip_ver  los_mip_ethernet.o
    0x080052dc   0x00000034   Code   RO         6409    i.los_mip_snd_acptmsg_to_listener  los_mip_connect.o
    0x08005310   0x00000072   Code   RO         6410    i.los_mip_snd_delmsg  los_mip_connect.o
    0x08005382   0x00000030   Code   RO         6411    i.los_mip_snd_msg_to_con  los_mip_connect.o
    0x080053b2   0x0000005a   Code   RO         7040    i.los_mip_socket    los_mip_socket.o
    0x0800540c   0x00000024   Code   RO         7362    i.los_mip_start_timer  los_mip_osfunc.o
    0x08005430   0x00000024   Code   RO         7363    i.los_mip_stop_timer  los_mip_osfunc.o
    0x08005454   0x00000040   Code   RO         7547    i.los_mip_tcp_add_seg_recieved  los_mip_tcp.o
    0x08005494   0x00000032   Code   RO         7548    i.los_mip_tcp_add_seg_unacked  los_mip_tcp.o
    0x080054c6   0x00000070   Code   RO         7549    i.los_mip_tcp_check_send_now  los_mip_tcp.o
    0x08005536   0x00000076   Code   RO         6413    i.los_mip_tcp_close  los_mip_connect.o
    0x080055ac   0x0000008c   Code   RO         7550    i.los_mip_tcp_copy_unsnd  los_mip_tcp.o
    0x08005638   0x00000058   Code   RO         7551    i.los_mip_tcp_create_recvseg  los_mip_tcp.o
    0x08005690   0x00000026   Code   RO         7552    i.los_mip_tcp_delte_seg  los_mip_tcp.o
    0x080056b6   0x0000002c   Code   RO         7553    i.los_mip_tcp_disable_ctltmr  los_mip_tcp.o
    0x080056e2   0x00000038   Code   RO         7554    i.los_mip_tcp_do_2msl_timeout  los_mip_tcp.o
    0x0800571a   0x00000042   Code   RO         7555    i.los_mip_tcp_do_finwait2_timeout  los_mip_tcp.o
    0x0800575c   0x00000032   Code   RO         7556    i.los_mip_tcp_do_persit_timeout  los_mip_tcp.o
    0x0800578e   0x0000009c   Code   RO         7557    i.los_mip_tcp_do_retransmit  los_mip_tcp.o
    0x0800582a   0x0000002c   Code   RO         7558    i.los_mip_tcp_enable_ctltmr  los_mip_tcp.o
    0x08005856   0x00000084   Code   RO         7559    i.los_mip_tcp_establish  los_mip_tcp.o
    0x080058da   0x00000008   Code   RO         7560    i.los_mip_tcp_gen_isn  los_mip_tcp.o
    0x080058e2   0x00000002   PAD
    0x080058e4   0x000000d4   Code   RO         6415    i.los_mip_tcp_get_conn  los_mip_connect.o
    0x080059b8   0x0000001a   Code   RO         7561    i.los_mip_tcp_get_lastseg_len  los_mip_tcp.o
    0x080059d2   0x000000f6   Code   RO         7562    i.los_mip_tcp_input  los_mip_tcp.o
    0x08005ac8   0x0000007c   Code   RO         7563    i.los_mip_tcp_listen_syn  los_mip_tcp.o
    0x08005b44   0x00000174   Code   RO         7564    i.los_mip_tcp_new_dataseg  los_mip_tcp.o
    0x08005cb8   0x00000188   Code   RO         7565    i.los_mip_tcp_new_seg  los_mip_tcp.o
    0x08005e40   0x00000096   Code   RO         7566    i.los_mip_tcp_parse_opt  los_mip_tcp.o
    0x08005ed6   0x0000006c   Code   RO         7567    i.los_mip_tcp_process_closewait  los_mip_tcp.o
    0x08005f42   0x0000009c   Code   RO         7568    i.los_mip_tcp_process_closing  los_mip_tcp.o
    0x08005fde   0x000000d6   Code   RO         7569    i.los_mip_tcp_process_establish  los_mip_tcp.o
    0x080060b4   0x00000200   Code   RO         7570    i.los_mip_tcp_process_fin_wait1  los_mip_tcp.o
    0x080062b4   0x000001cc   Code   RO         7571    i.los_mip_tcp_process_fin_wait2  los_mip_tcp.o
    0x08006480   0x0000006e   Code   RO         7572    i.los_mip_tcp_process_lastack  los_mip_tcp.o
    0x080064ee   0x00000142   Code   RO         7573    i.los_mip_tcp_process_package  los_mip_tcp.o
    0x08006630   0x000000c8   Code   RO         7574    i.los_mip_tcp_process_synack  los_mip_tcp.o
    0x080066f8   0x0000009c   Code   RO         7575    i.los_mip_tcp_process_upper_msg  los_mip_tcp.o
    0x08006794   0x0000007e   Code   RO         7576    i.los_mip_tcp_recv_onlyack  los_mip_tcp.o
    0x08006812   0x00000034   Code   RO         7577    i.los_mip_tcp_remove_seg_unacked  los_mip_tcp.o
    0x08006846   0x00000066   Code   RO         7578    i.los_mip_tcp_send_ack  los_mip_tcp.o
    0x080068ac   0x00000072   Code   RO         7579    i.los_mip_tcp_send_fin  los_mip_tcp.o
    0x0800691e   0x00000070   Code   RO         7581    i.los_mip_tcp_send_paylaod  los_mip_tcp.o
    0x0800698e   0x00000072   Code   RO         7582    i.los_mip_tcp_send_rst  los_mip_tcp.o
    0x08006a00   0x000000c8   Code   RO         7583    i.los_mip_tcp_send_rst2  los_mip_tcp.o
    0x08006ac8   0x0000009a   Code   RO         7584    i.los_mip_tcp_send_syn  los_mip_tcp.o
    0x08006b62   0x0000009c   Code   RO         7585    i.los_mip_tcp_send_synack  los_mip_tcp.o
    0x08006bfe   0x00000078   Code   RO         7586    i.los_mip_tcp_send_zeroprobe  los_mip_tcp.o
    0x08006c76   0x00000016   Code   RO         7587    i.los_mip_tcp_set_tmr_2msl  los_mip_tcp.o
    0x08006c8c   0x00000016   Code   RO         7588    i.los_mip_tcp_set_tmr_finwait2  los_mip_tcp.o
    0x08006ca2   0x0000001c   Code   RO         7589    i.los_mip_tcp_set_tmr_persit  los_mip_tcp.o
    0x08006cbe   0x000001ba   Code   RO         7590    i.los_mip_tcp_store_data  los_mip_tcp.o
    0x08006e78   0x00000044   Code   RO         8669    i.los_mip_tcp_task  main.o
    0x08006ebc   0x000000d8   Code   RO         7591    i.los_mip_tcp_timer_callback  los_mip_tcp.o
    0x08006f94   0x000000de   Code   RO         6420    i.los_mip_tcp_write  los_mip_connect.o
    0x08007072   0x0000004e   Code   RO         6421    i.los_mip_tcp_write_partly  los_mip_connect.o
    0x080070c0   0x00000048   Code   RO         7141    i.los_mip_tcpip_init  los_mip_tcpip_core.o
    0x08007108   0x0000006c   Code   RO         7142    i.los_mip_tcpip_inpkt  los_mip_tcpip_core.o
    0x08007174   0x0000001c   Code   RO         7143    i.los_mip_tcpip_snd_msg  los_mip_tcpip_core.o
    0x08007190   0x0000017c   Code   RO         7144    i.los_mip_tcpip_task  los_mip_tcpip_core.o
    0x0800730c   0x000000d8   Code   RO         8670    i.los_mip_test_tcp  main.o
    0x080073e4   0x00000046   Code   RO         7367    i.los_mip_thread_new  los_mip_osfunc.o
    0x0800742a   0x0000003a   Code   RO         6422    i.los_mip_udp_bind  los_mip_connect.o
    0x08007464   0x00000110   Code   RO         7201    i.los_mip_udp_input  los_mip_udp.o
    0x08007574   0x00000010   Code   RO         6423    i.los_mip_unlock_socket  los_mip_connect.o
    0x08007584   0x000000b0   Code   RO         6296    i.los_mip_update_arp_tab  los_mip_arp.o
    0x08007634   0x00000050   Code   RO         6424    i.los_mip_walk_con  los_mip_connect.o
    0x08007684   0x000000a4   Code   RO         7145    i.los_mip_wmsgs_add_msg  los_mip_tcpip_core.o
    0x08007728   0x0000002c   Code   RO         7146    i.los_mip_wmsgs_remove_head  los_mip_tcpip_core.o
    0x08007754   0x00000072   Code   RO         7041    i.los_mip_write     los_mip_socket.o
    0x080077c6   0x00000002   PAD
    0x080077c8   0x00000030   Code   RO         7298    i.los_mpools_free   los_mip_mem.o
    0x080077f8   0x00000084   Code   RO         7299    i.los_mpools_init   los_mip_mem.o
    0x0800787c   0x00000028   Code   RO         7300    i.los_mpools_malloc  los_mip_mem.o
    0x080078a4   0x0000002e   Code   RO         8671    i.main              main.o
    0x080078d2   0x0000005e   Code   RO         6922    i.netbuf_alloc      los_mip_netbuf.o
    0x08007930   0x0000001a   Code   RO         6923    i.netbuf_free       los_mip_netbuf.o
    0x0800794a   0x00000002   PAD
    0x0800794c   0x0000002c   Code   RO         6924    i.netbuf_get_if_queued  los_mip_netbuf.o
    0x08007978   0x00000054   Code   RO         6925    i.netbuf_que_for_arp  los_mip_netbuf.o
    0x080079cc   0x00000030   Code   RO         6926    i.netbuf_remove_queued  los_mip_netbuf.o
    0x080079fc   0x00000008   Code   RO         1166    i.osHwiDefaultHandler  los_hwi.o
    0x08007a04   0x00000024   Code   RO         1167    i.osHwiInit         los_hwi.o
    0x08007a28   0x00000004   Code   RO          336    i.osIdleTask        los_task.o
    0x08007a2c   0x0000004c   Code   RO          337    i.osIdleTaskCreate  los_task.o
    0x08007a78   0x0000000c   Code   RO         1168    i.osIntNumGet       los_hwi.o
    0x08007a84   0x00000070   Code   RO         1229    i.osMain            los_config.o
    0x08007af4   0x0000005c   Code   RO          909    i.osMemAllocWithCheck  los_memory.o
    0x08007b50   0x00000098   Code   RO          910    i.osMemCheckUsedNode  los_memory.o
    0x08007be8   0x00000050   Code   RO          911    i.osMemFindSuitableFreeBlock  los_memory.o
    0x08007c38   0x000000b2   Code   RO          912    i.osMemFreeNode     los_memory.o
    0x08007cea   0x0000003e   Code   RO          913    i.osMemIsNodeValid  los_memory.o
    0x08007d28   0x00000024   Code   RO          914    i.osMemMergeNode    los_memory.o
    0x08007d4c   0x00000020   Code   RO          915    i.osMemSetMagicNumAndTaskid  los_memory.o
    0x08007d6c   0x0000005c   Code   RO          916    i.osMemSpitNode     los_memory.o
    0x08007dc8   0x00000024   Code   RO          917    i.osMemSystemInit   los_memory.o
    0x08007dec   0x0000005c   Code   RO          629    i.osMuxInit         los_mux.o
    0x08007e48   0x00000048   Code   RO            6    i.osPriqueueInit    los_priqueue.o
    0x08007e90   0x00000070   Code   RO          701    i.osQueueCreate     los_queue.o
    0x08007f00   0x00000038   Code   RO          702    i.osQueueInit       los_queue.o
    0x08007f38   0x00000084   Code   RO          705    i.osQueuePend       los_queue.o
    0x08007fbc   0x0000005a   Code   RO          706    i.osQueueWakeUp     los_queue.o
    0x08008016   0x00000002   PAD
    0x08008018   0x0000001c   Code   RO         1230    i.osRegister        los_config.o
    0x08008034   0x00000008   Code   RO         1107    i.osSchedule        los_hw.o
    0x0800803c   0x00000058   Code   RO          808    i.osSemInit         los_sem.o
    0x08008094   0x000000ac   Code   RO          117    i.osSwTmrInit       los_swtmr.o
    0x08008140   0x00000060   Code   RO          118    i.osSwTmrStart      los_swtmr.o
    0x080081a0   0x00000050   Code   RO          119    i.osSwTmrTask       los_swtmr.o
    0x080081f0   0x00000048   Code   RO          120    i.osSwTmrTaskCreate  los_swtmr.o
    0x08008238   0x0000008c   Code   RO          121    i.osSwTmrTimeoutHandle  los_swtmr.o
    0x080082c4   0x00000014   Code   RO          122    i.osSwtmrDelete     los_swtmr.o
    0x080082d8   0x00000024   Code   RO          123    i.osSwtmrScan       los_swtmr.o
    0x080082fc   0x00000048   Code   RO          124    i.osSwtmrStop       los_swtmr.o
    0x08008344   0x000000c0   Code   RO          338    i.osTaskAdd2TimerList  los_task.o
    0x08008404   0x000000a4   Code   RO          339    i.osTaskEntry       los_task.o
    0x080084a8   0x00000008   Code   RO         1108    i.osTaskExit        los_hw.o
    0x080084b0   0x00000128   Code   RO          340    i.osTaskInit        los_task.o
    0x080085d8   0x00000034   Code   RO         1027    i.osTaskMemUsedDec  los_memstat.o
    0x0800860c   0x0000003c   Code   RO         1028    i.osTaskMemUsedInc  los_memstat.o
    0x08008648   0x000000dc   Code   RO          342    i.osTaskScan        los_task.o
    0x08008724   0x000000fc   Code   RO          343    i.osTaskSelfDelete  los_task.o
    0x08008820   0x00000028   Code   RO          520    i.osTickHandler     los_tick.o
    0x08008848   0x0000006c   Code   RO         1627    i.osTickStart       los_bsp_adapter.o
    0x080088b4   0x00000048   Code   RO          344    i.osTimerListDelete  los_task.o
    0x080088fc   0x0000004c   Code   RO          548    i.osTimesliceCheck  los_timeslice.o
    0x08008948   0x00000010   Code   RO          549    i.osTimesliceInit   los_timeslice.o
    0x08008958   0x00000140   Code   RO         1109    i.osTskStackInit    los_hw.o
    0x08008a98   0x00000009   Data   RO         1628    .constdata          los_bsp_adapter.o
    0x08008aa1   0x00000001   PAD
    0x08008aa2   0x00000009   Data   RO         1977    .constdata          stm32f7xx_nucleo_144.o
    0x08008aab   0x00000018   Data   RO         5911    .constdata          system_stm32f7xx.o
    0x08008ac3   0x00000040   Data   RO         9182    .constdata          mc_w.l(ctype_c.o)
    0x08008b03   0x00000001   PAD
    0x08008b04   0x00000020   Data   RO         9184    Region$$Table       anon$$obj.o


    Execution Region RW_IRAM1 (Base: 0x20000000, Size: 0x0000d728, Max: 0x00050000, ABSOLUTE, COMPRESSED[0x00000034])

    Base Addr    Size         Type   Attr      Idx    E Section Name        Object

    0x20000000   0x00000004   Data   RW            7    .data               los_priqueue.o
    0x20000004   0x00000010   Data   RW          126    .data               los_swtmr.o
    0x20000014   0x00000044   Data   RW          345    .data               los_task.o
    0x20000058   0x00000010   Data   RW          521    .data               los_tick.o
    0x20000068   0x00000008   Data   RW          550    .data               los_timeslice.o
    0x20000070   0x0000000c   Data   RW          630    .data               los_mux.o
    0x2000007c   0x00000004   Data   RW          707    .data               los_queue.o
    0x20000080   0x0000000c   Data   RW          809    .data               los_sem.o
    0x2000008c   0x00000004   Data   RW         1139    .data               los_hw_tick.o
    0x20000090   0x00000004   Data   RW         1171    .data               los_hwi.o
    0x20000094   0x00000008   Data   RW         1231    .data               los_config.o
    0x2000009c   0x00000004   Data   RW         1629    .data               los_bsp_adapter.o
    0x200000a0   0x00000014   Data   RW         1978    .data               stm32f7xx_nucleo_144.o
    0x200000b4   0x00000004   Data   RW         2262    .data               stm32f7xx_hal.o
    0x200000b8   0x00000004   Data   RW         5912    .data               system_stm32f7xx.o
    0x200000bc   0x0000000c   Data   RW         6298    .data               los_mip_arp.o
    0x200000c8   0x00000002   Data   RW         6878    .data               los_mip_ipv4.o
    0x200000ca   0x00000002   PAD
    0x200000cc   0x00000008   Data   RW         6973    .data               los_mip_netif.o
    0x200000d4   0x0000000c   Data   RW         7148    .data               los_mip_tcpip_core.o
    0x200000e0   0x00000004   Data   RW         7230    .data               los_mip_ethif.o
    0x200000e4   0x00000008   Data   RW         8673    .data               main.o
    0x200000ec   0x00000004   Data   RW         8818    .data               mc_w.l(rand.o)
    0x200000f0   0x00000400   Data   RW         1172    .vector.bss         los_hwi.o
    0x200004f0   0x000000d0   Zero   RW          125    .bss                los_swtmr.o
    0x200005c0   0x00008000   Zero   RW          918    .bss                los_memory.o
    0x200085c0   0x00000040   Zero   RW         1029    .bss                los_memstat.o
    0x20008600   0x00000040   Zero   RW         2114    .bss                stm32f7xx_hal_timebase_tim.o
    0x20008640   0x00000060   Zero   RW         6297    .bss                los_mip_arp.o
    0x200086a0   0x0000003c   Zero   RW         6425    .bss                los_mip_connect.o
    0x200086dc   0x00000018   Zero   RW         6927    .bss                los_mip_netbuf.o
    0x200086f4   0x00000048   Zero   RW         7147    .bss                los_mip_tcpip_core.o
    0x2000873c   0x000030e8   Zero   RW         7229    .bss                los_mip_ethif.o
    0x2000b824   0x00001a10   Zero   RW         7301    .bss                los_mip_mem.o
    0x2000d234   0x00000094   Zero   RW         8672    .bss                main.o
    0x2000d2c8   0x00000460   Zero   RW         8654    STACK               startup_stm32f746xx.o


==============================================================================

Image component sizes


      Code (inc. data)   RO Data    RW Data    ZI Data      Debug   Object Name

         0          0          0          0          0      12152   cmsis_liteos.o
       122         16          9          4          0     869446   los_bsp_adapter.o
        18          0          0          0          0        637   los_bsp_key.o
       182         18          0          8          0       3856   los_config.o
       236         24          0          0          0        432   los_dispatch_keil.o
       400         22          0          0          0       3122   los_hw.o
        68         10          0          4          0       1445   los_hw_tick.o
        56         10          0       1028          0       5230   los_hwi.o
       356         10          0          0          0       3992   los_membox.o
      1210         14          0          0      32768      16052   los_memory.o
       112         24          0          0         64       2041   los_memstat.o
       810         32          0         12         96      14730   los_mip_arp.o
      2634         64          0          0         60      31858   los_mip_connect.o
         0          0          0          0          0       3060   los_mip_dhcp.o
       472          0          0          0          0       5975   los_mip_ethernet.o
      1200        108          0          4      12520       7356   los_mip_ethif.o
       142          0          0          0          0       3711   los_mip_icmp.o
       190         12          0          0          0       2064   los_mip_inet.o
       960          4          0          2          0       7441   los_mip_ipv4.o
       220         32          0          0       6672       3341   los_mip_mem.o
       350         14          0          0         24       5258   los_mip_netbuf.o
       152         28          0          8          0       4741   los_mip_netif.o
       844         10          0          0          0      14952   los_mip_osfunc.o
       450          0          0          0          0       5130   los_mip_socket.o
      6576         20          0          0          0      40674   los_mip_tcp.o
       896         80          0         12         72       9715   los_mip_tcpip_core.o
       272          0          0          0          0       1884   los_mip_udp.o
        28          0          0          0          0        644   los_misc.o
       396          4          0          0          0       5236   los_multipledlinkhead.o
       128         18          0         12          0       5956   los_mux.o
       232         22          0          4          0       8710   los_priqueue.o
      1334         86          0          4          0      19419   los_queue.o
       804         70          0         12          0       8388   los_sem.o
      1220        128          0         16        208      21808   los_swtmr.o
        52          6          0          0          0       1181   los_sys.o
      2244        186          0         68          0      25615   los_task.o
        40          6          0         16          0        897   los_tick.o
        92         16          0          8          0       1365   los_timeslice.o
       618         54          0          8        148       5308   main.o
        36          8        456          0       1120        876   startup_stm32f746xx.o
        88         14          0          4          0       4086   stm32f7xx_hal.o
       246         22          0          0          0      35566   stm32f7xx_hal_cortex.o
      2796         46          0          0          0      15720   stm32f7xx_hal_eth.o
       572         56          0          0          0       3276   stm32f7xx_hal_gpio.o
       144          8          0          0          0       1408   stm32f7xx_hal_pwr_ex.o
      1996         64          0          0          0       6022   stm32f7xx_hal_rcc.o
       772         44          0          0          0       6934   stm32f7xx_hal_tim.o
         4          0          0          0          0       1830   stm32f7xx_hal_tim_ex.o
       174         24          0          0         64       2901   stm32f7xx_hal_timebase_tim.o
        80         14          0          0          0       4225   stm32f7xx_it.o
        32         10          9         20          0       2149   stm32f7xx_nucleo_144.o
       100         18         24          4          0       1335   system_stm32f7xx.o

    ----------------------------------------------------------------------
     33194       1476        531       1260      53816    1271150   Object Totals
         0          0         32          0          0          0   (incl. Generated)
        38          0          1          2          0          0   (incl. Padding)

    ----------------------------------------------------------------------

      Code (inc. data)   RO Data    RW Data    ZI Data      Debug   Library Member Name

        56          8          0          0          0         84   __0sscanf.o
        86          0          0          0          0          0   __dczerorl2.o
        28          0          0          0          0         68   _chval.o
       812          4          0          0          0        112   _scanf.o
       332          0          0          0          0         96   _scanf_int.o
        64          0          0          0          0         84   _sgetc.o
        40          6         64          0          0         68   ctype_c.o
         0          0          0          0          0          0   entry.o
         0          0          0          0          0          0   entry10a.o
         0          0          0          0          0          0   entry11a.o
         8          4          0          0          0          0   entry2.o
         4          0          0          0          0          0   entry5.o
         0          0          0          0          0          0   entry7b.o
         0          0          0          0          0          0   entry8b.o
         8          4          0          0          0          0   entry9a.o
        30          0          0          0          0          0   handlers.o
        36          8          0          0          0         68   init.o
        10          0          0          0          0         68   isspace_c.o
        30          0          0          0          0         68   llshl.o
        32          0          0          0          0         68   llushr.o
        36          0          0          0          0         68   memcpya.o
        36          0          0          0          0        108   memseta.o
        36         10          0          4          0        136   rand.o
        40          8          0          0          0         84   scanf_char.o
        98          0          0          0          0         92   uldiv.o

    ----------------------------------------------------------------------
      1830         52         65          4          0       1272   Library Totals
         8          0          1          0          0          0   (incl. Padding)

    ----------------------------------------------------------------------

      Code (inc. data)   RO Data    RW Data    ZI Data      Debug   Library Name

      1822         52         64          4          0       1272   mc_w.l

    ----------------------------------------------------------------------
      1830         52         65          4          0       1272   Library Totals

    ----------------------------------------------------------------------

==============================================================================


      Code (inc. data)   RO Data    RW Data    ZI Data      Debug   

     35024       1528        596       1264      53816    1239634   Grand Totals
     35024       1528        596         52      53816    1239634   ELF Image Totals (compressed)
     35024       1528        596         52          0          0   ROM Totals

==============================================================================

    Total RO  Size (Code + RO Data)                35620 (  34.79kB)
    Total RW  Size (RW Data + ZI Data)             55080 (  53.79kB)
    Total ROM Size (Code + RO Data + RW Data)      35672 (  34.84kB)

==============================================================================

